ARM GAS  C:\Users\leejo\AppData\Local\Temp\ccS3dVNd.s 			page 1


   1              		.cpu cortex-m4
   2              		.arch armv7e-m
   3              		.fpu fpv4-sp-d16
   4              		.eabi_attribute 27, 1
   5              		.eabi_attribute 28, 1
   6              		.eabi_attribute 20, 1
   7              		.eabi_attribute 21, 1
   8              		.eabi_attribute 23, 3
   9              		.eabi_attribute 24, 1
  10              		.eabi_attribute 25, 1
  11              		.eabi_attribute 26, 1
  12              		.eabi_attribute 30, 1
  13              		.eabi_attribute 34, 1
  14              		.eabi_attribute 18, 4
  15              		.file	"spi_task.c"
  16              		.text
  17              	.Ltext0:
  18              		.cfi_sections	.debug_frame
  19              		.file 1 "Core/Src/spi_task.c"
  20              		.section	.text.StartSPITask,"ax",%progbits
  21              		.align	1
  22              		.global	StartSPITask
  23              		.syntax unified
  24              		.thumb
  25              		.thumb_func
  27              	StartSPITask:
  28              	.LVL0:
  29              	.LFB139:
   1:Core/Src/spi_task.c **** #include "spi_task.h"
   2:Core/Src/spi_task.c **** #include "dsp_task.h"
   3:Core/Src/spi_task.c **** #include "main.h"
   4:Core/Src/spi_task.c **** 
   5:Core/Src/spi_task.c **** extern SPI_HandleTypeDef hspi2;
   6:Core/Src/spi_task.c **** 
   7:Core/Src/spi_task.c **** /* SPI task: dequeues [gesture, intensity] packets posted by HAL_SPI_RxCpltCallback
   8:Core/Src/spi_task.c ****    and maps them to shared audio effect parameters.
   9:Core/Src/spi_task.c **** 
  10:Core/Src/spi_task.c ****    SPI2 is configured as a slave (SPI_MODE_0, MSB first, 8-bit, hardware NSS).
  11:Core/Src/spi_task.c ****    The Raspberry Pi drives NSS and clocks two bytes per transaction:
  12:Core/Src/spi_task.c ****      Byte 0 — gesture  (1 = volume, 2 = delay, 3 = LPF, other = clear effects)
  13:Core/Src/spi_task.c ****      Byte 1 — intensity (0-255 mapped to each parameter's range)
  14:Core/Src/spi_task.c **** 
  15:Core/Src/spi_task.c ****    The ISR packs both bytes into a uint32_t (gesture << 8 | intensity) and posts
  16:Core/Src/spi_task.c ****    to spiQueueHandle.  Reading from the queue is atomic, so there is no race with
  17:Core/Src/spi_task.c ****    the DMA circular buffer. */
  18:Core/Src/spi_task.c **** 
  19:Core/Src/spi_task.c **** void StartSPITask(void const *argument)
  20:Core/Src/spi_task.c **** {
  30              		.loc 1 20 1 view -0
  31              		.cfi_startproc
  32              		@ args = 0, pretend = 0, frame = 16
  33              		@ frame_needed = 0, uses_anonymous_args = 0
  34              		.loc 1 20 1 is_stmt 0 view .LVU1
  35 0000 30B5     		push	{r4, r5, lr}
  36              		.cfi_def_cfa_offset 12
  37              		.cfi_offset 4, -12
  38              		.cfi_offset 5, -8
ARM GAS  C:\Users\leejo\AppData\Local\Temp\ccS3dVNd.s 			page 2


  39              		.cfi_offset 14, -4
  40 0002 85B0     		sub	sp, sp, #20
  41              		.cfi_def_cfa_offset 32
  21:Core/Src/spi_task.c ****     osEvent evt;
  42              		.loc 1 21 5 is_stmt 1 view .LVU2
  22:Core/Src/spi_task.c **** 
  23:Core/Src/spi_task.c ****     HAL_SPI_Receive_IT(&hspi2, (uint8_t *)spi_rx_buf, SPI_PKT_SIZE);
  43              		.loc 1 23 5 view .LVU3
  44 0004 0222     		movs	r2, #2
  45 0006 4549     		ldr	r1, .L9
  46 0008 4548     		ldr	r0, .L9+4
  47              	.LVL1:
  48              		.loc 1 23 5 is_stmt 0 view .LVU4
  49 000a FFF7FEFF 		bl	HAL_SPI_Receive_IT
  50              	.LVL2:
  51 000e 1FE0     		b	.L2
  52              	.LVL3:
  53              	.L4:
  54              	.LBB2:
  24:Core/Src/spi_task.c **** 
  25:Core/Src/spi_task.c ****     for (;;)
  26:Core/Src/spi_task.c ****     {
  27:Core/Src/spi_task.c ****         evt = osMessageGet(spiQueueHandle, osWaitForever);
  28:Core/Src/spi_task.c ****         if (evt.status != osEventMessage)
  29:Core/Src/spi_task.c ****             continue;
  30:Core/Src/spi_task.c **** 
  31:Core/Src/spi_task.c ****         uint8_t gesture   = (uint8_t)((evt.value.v >> 8) & 0xFF);
  32:Core/Src/spi_task.c ****         uint8_t intensity = (uint8_t)( evt.value.v        & 0xFF);
  33:Core/Src/spi_task.c **** 
  34:Core/Src/spi_task.c ****         osMutexWait(g_params_mutex, osWaitForever);
  35:Core/Src/spi_task.c **** 
  36:Core/Src/spi_task.c ****         switch (gesture)
  37:Core/Src/spi_task.c ****         {
  38:Core/Src/spi_task.c ****         case 1:
  39:Core/Src/spi_task.c ****             g_audio_params.volume        = intensity / 255.0f;
  40:Core/Src/spi_task.c ****             g_audio_params.effects_mask |= EFFECT_VOLUME;
  41:Core/Src/spi_task.c ****             HAL_GPIO_WritePin(GPIOD, LD3_Pin, GPIO_PIN_SET);
  42:Core/Src/spi_task.c ****             HAL_GPIO_WritePin(GPIOD, LD5_Pin, GPIO_PIN_RESET);
  43:Core/Src/spi_task.c ****             break;
  44:Core/Src/spi_task.c **** 
  45:Core/Src/spi_task.c ****         case 2:
  46:Core/Src/spi_task.c ****             g_audio_params.delay_samples = (uint16_t)(((uint32_t)intensity * DELAY_BUF_SAMPLES) / 2
  55              		.loc 1 46 13 is_stmt 1 view .LVU5
  56              		.loc 1 46 76 is_stmt 0 view .LVU6
  57 0010 E3B2     		uxtb	r3, r4
  58 0012 4FF4FA52 		mov	r2, #8000
  59 0016 02FB03F3 		mul	r3, r2, r3
  60              		.loc 1 46 97 view .LVU7
  61 001a 424A     		ldr	r2, .L9+8
  62 001c A2FB0323 		umull	r2, r3, r2, r3
  63              		.loc 1 46 44 view .LVU8
  64 0020 DB09     		lsrs	r3, r3, #7
  65              		.loc 1 46 42 view .LVU9
  66 0022 414A     		ldr	r2, .L9+12
  67 0024 1381     		strh	r3, [r2, #8]	@ movhi
  47:Core/Src/spi_task.c ****             g_audio_params.effects_mask |= EFFECT_DELAY;
  68              		.loc 1 47 13 is_stmt 1 view .LVU10
ARM GAS  C:\Users\leejo\AppData\Local\Temp\ccS3dVNd.s 			page 3


  69              		.loc 1 47 27 is_stmt 0 view .LVU11
  70 0026 937A     		ldrb	r3, [r2, #10]	@ zero_extendqisi2
  71              		.loc 1 47 41 view .LVU12
  72 0028 43F00403 		orr	r3, r3, #4
  73 002c 9372     		strb	r3, [r2, #10]
  48:Core/Src/spi_task.c ****             HAL_GPIO_WritePin(GPIOD, LD5_Pin, GPIO_PIN_SET);
  74              		.loc 1 48 13 is_stmt 1 view .LVU13
  75 002e 3F4C     		ldr	r4, .L9+16
  76              	.LVL4:
  77              		.loc 1 48 13 is_stmt 0 view .LVU14
  78 0030 0122     		movs	r2, #1
  79 0032 4FF48041 		mov	r1, #16384
  80 0036 2046     		mov	r0, r4
  81 0038 FFF7FEFF 		bl	HAL_GPIO_WritePin
  82              	.LVL5:
  49:Core/Src/spi_task.c ****             HAL_GPIO_WritePin(GPIOD, LD3_Pin, GPIO_PIN_RESET);
  83              		.loc 1 49 13 is_stmt 1 view .LVU15
  84 003c 0022     		movs	r2, #0
  85 003e 4FF40051 		mov	r1, #8192
  86 0042 2046     		mov	r0, r4
  87 0044 FFF7FEFF 		bl	HAL_GPIO_WritePin
  88              	.LVL6:
  50:Core/Src/spi_task.c ****             break;
  89              		.loc 1 50 13 view .LVU16
  90              	.L7:
  51:Core/Src/spi_task.c **** 
  52:Core/Src/spi_task.c ****         case 3:
  53:Core/Src/spi_task.c ****             g_audio_params.lpf_alpha     = intensity / 255.0f;
  54:Core/Src/spi_task.c ****             g_audio_params.effects_mask |= EFFECT_LPF;
  55:Core/Src/spi_task.c ****             HAL_GPIO_WritePin(GPIOD, LD3_Pin, GPIO_PIN_SET);
  56:Core/Src/spi_task.c ****             HAL_GPIO_WritePin(GPIOD, LD5_Pin, GPIO_PIN_SET);
  57:Core/Src/spi_task.c ****             break;
  58:Core/Src/spi_task.c **** 
  59:Core/Src/spi_task.c ****         default:
  60:Core/Src/spi_task.c ****             g_audio_params.effects_mask  = 0;
  61:Core/Src/spi_task.c ****             HAL_GPIO_WritePin(GPIOD, LD3_Pin, GPIO_PIN_RESET);
  62:Core/Src/spi_task.c ****             HAL_GPIO_WritePin(GPIOD, LD5_Pin, GPIO_PIN_RESET);
  63:Core/Src/spi_task.c ****             break;
  64:Core/Src/spi_task.c ****         }
  65:Core/Src/spi_task.c **** 
  66:Core/Src/spi_task.c ****         osMutexRelease(g_params_mutex);
  91              		.loc 1 66 9 view .LVU17
  92 0048 394B     		ldr	r3, .L9+20
  93 004a 1868     		ldr	r0, [r3]
  94 004c FFF7FEFF 		bl	osMutexRelease
  95              	.LVL7:
  96              	.L2:
  97              		.loc 1 66 9 is_stmt 0 view .LVU18
  98              	.LBE2:
  25:Core/Src/spi_task.c ****     {
  99              		.loc 1 25 5 is_stmt 1 view .LVU19
 100              	.LBB3:
  27:Core/Src/spi_task.c ****         if (evt.status != osEventMessage)
 101              		.loc 1 27 9 view .LVU20
  27:Core/Src/spi_task.c ****         if (evt.status != osEventMessage)
 102              		.loc 1 27 15 is_stmt 0 view .LVU21
 103 0050 4FF0FF32 		mov	r2, #-1
ARM GAS  C:\Users\leejo\AppData\Local\Temp\ccS3dVNd.s 			page 4


 104 0054 374B     		ldr	r3, .L9+24
 105 0056 1968     		ldr	r1, [r3]
 106 0058 01A8     		add	r0, sp, #4
 107 005a FFF7FEFF 		bl	osMessageGet
 108              	.LVL8:
  28:Core/Src/spi_task.c ****             continue;
 109              		.loc 1 28 9 is_stmt 1 view .LVU22
  28:Core/Src/spi_task.c ****             continue;
 110              		.loc 1 28 16 is_stmt 0 view .LVU23
 111 005e 019B     		ldr	r3, [sp, #4]
  28:Core/Src/spi_task.c ****             continue;
 112              		.loc 1 28 12 view .LVU24
 113 0060 102B     		cmp	r3, #16
 114 0062 F5D1     		bne	.L2
  31:Core/Src/spi_task.c ****         uint8_t intensity = (uint8_t)( evt.value.v        & 0xFF);
 115              		.loc 1 31 9 is_stmt 1 view .LVU25
  31:Core/Src/spi_task.c ****         uint8_t intensity = (uint8_t)( evt.value.v        & 0xFF);
 116              		.loc 1 31 49 is_stmt 0 view .LVU26
 117 0064 029C     		ldr	r4, [sp, #8]
  31:Core/Src/spi_task.c ****         uint8_t intensity = (uint8_t)( evt.value.v        & 0xFF);
 118              		.loc 1 31 52 view .LVU27
 119 0066 250A     		lsrs	r5, r4, #8
 120              	.LVL9:
  32:Core/Src/spi_task.c **** 
 121              		.loc 1 32 9 is_stmt 1 view .LVU28
  34:Core/Src/spi_task.c **** 
 122              		.loc 1 34 9 view .LVU29
 123 0068 4FF0FF31 		mov	r1, #-1
 124 006c 304B     		ldr	r3, .L9+20
 125 006e 1868     		ldr	r0, [r3]
 126 0070 FFF7FEFF 		bl	osMutexWait
 127              	.LVL10:
  36:Core/Src/spi_task.c ****         {
 128              		.loc 1 36 9 view .LVU30
 129 0074 EBB2     		uxtb	r3, r5
 130 0076 022B     		cmp	r3, #2
 131 0078 CAD0     		beq	.L4
 132 007a 032B     		cmp	r3, #3
 133 007c 1FD0     		beq	.L5
 134 007e 012B     		cmp	r3, #1
 135 0080 3BD1     		bne	.L6
  39:Core/Src/spi_task.c ****             g_audio_params.effects_mask |= EFFECT_VOLUME;
 136              		.loc 1 39 13 view .LVU31
  39:Core/Src/spi_task.c ****             g_audio_params.effects_mask |= EFFECT_VOLUME;
 137              		.loc 1 39 54 is_stmt 0 view .LVU32
 138 0082 E4B2     		uxtb	r4, r4
  39:Core/Src/spi_task.c ****             g_audio_params.effects_mask |= EFFECT_VOLUME;
 139              		.loc 1 39 54 view .LVU33
 140 0084 07EE904A 		vmov	s15, r4	@ int
 141 0088 F8EEE77A 		vcvt.f32.s32	s15, s15
 142 008c DFED2A6A 		vldr.32	s13, .L9+28
 143 0090 87EEA67A 		vdiv.f32	s14, s15, s13
  39:Core/Src/spi_task.c ****             g_audio_params.effects_mask |= EFFECT_VOLUME;
 144              		.loc 1 39 42 view .LVU34
 145 0094 244B     		ldr	r3, .L9+12
 146 0096 83ED007A 		vstr.32	s14, [r3]
  40:Core/Src/spi_task.c ****             HAL_GPIO_WritePin(GPIOD, LD3_Pin, GPIO_PIN_SET);
ARM GAS  C:\Users\leejo\AppData\Local\Temp\ccS3dVNd.s 			page 5


 147              		.loc 1 40 13 is_stmt 1 view .LVU35
  40:Core/Src/spi_task.c ****             HAL_GPIO_WritePin(GPIOD, LD3_Pin, GPIO_PIN_SET);
 148              		.loc 1 40 27 is_stmt 0 view .LVU36
 149 009a 9A7A     		ldrb	r2, [r3, #10]	@ zero_extendqisi2
  40:Core/Src/spi_task.c ****             HAL_GPIO_WritePin(GPIOD, LD3_Pin, GPIO_PIN_SET);
 150              		.loc 1 40 41 view .LVU37
 151 009c 42F00102 		orr	r2, r2, #1
 152 00a0 9A72     		strb	r2, [r3, #10]
  41:Core/Src/spi_task.c ****             HAL_GPIO_WritePin(GPIOD, LD5_Pin, GPIO_PIN_RESET);
 153              		.loc 1 41 13 is_stmt 1 view .LVU38
 154 00a2 224C     		ldr	r4, .L9+16
 155              	.LVL11:
  41:Core/Src/spi_task.c ****             HAL_GPIO_WritePin(GPIOD, LD5_Pin, GPIO_PIN_RESET);
 156              		.loc 1 41 13 is_stmt 0 view .LVU39
 157 00a4 0122     		movs	r2, #1
 158 00a6 4FF40051 		mov	r1, #8192
 159 00aa 2046     		mov	r0, r4
 160 00ac FFF7FEFF 		bl	HAL_GPIO_WritePin
 161              	.LVL12:
  42:Core/Src/spi_task.c ****             break;
 162              		.loc 1 42 13 is_stmt 1 view .LVU40
 163 00b0 0022     		movs	r2, #0
 164 00b2 4FF48041 		mov	r1, #16384
 165 00b6 2046     		mov	r0, r4
 166 00b8 FFF7FEFF 		bl	HAL_GPIO_WritePin
 167              	.LVL13:
  43:Core/Src/spi_task.c **** 
 168              		.loc 1 43 13 view .LVU41
 169 00bc C4E7     		b	.L7
 170              	.LVL14:
 171              	.L5:
  53:Core/Src/spi_task.c ****             g_audio_params.effects_mask |= EFFECT_LPF;
 172              		.loc 1 53 13 view .LVU42
  53:Core/Src/spi_task.c ****             g_audio_params.effects_mask |= EFFECT_LPF;
 173              		.loc 1 53 54 is_stmt 0 view .LVU43
 174 00be E4B2     		uxtb	r4, r4
  53:Core/Src/spi_task.c ****             g_audio_params.effects_mask |= EFFECT_LPF;
 175              		.loc 1 53 54 view .LVU44
 176 00c0 07EE904A 		vmov	s15, r4	@ int
 177 00c4 F8EEE77A 		vcvt.f32.s32	s15, s15
 178 00c8 DFED1B6A 		vldr.32	s13, .L9+28
 179 00cc 87EEA67A 		vdiv.f32	s14, s15, s13
  53:Core/Src/spi_task.c ****             g_audio_params.effects_mask |= EFFECT_LPF;
 180              		.loc 1 53 42 view .LVU45
 181 00d0 154B     		ldr	r3, .L9+12
 182 00d2 83ED017A 		vstr.32	s14, [r3, #4]
  54:Core/Src/spi_task.c ****             HAL_GPIO_WritePin(GPIOD, LD3_Pin, GPIO_PIN_SET);
 183              		.loc 1 54 13 is_stmt 1 view .LVU46
  54:Core/Src/spi_task.c ****             HAL_GPIO_WritePin(GPIOD, LD3_Pin, GPIO_PIN_SET);
 184              		.loc 1 54 27 is_stmt 0 view .LVU47
 185 00d6 9A7A     		ldrb	r2, [r3, #10]	@ zero_extendqisi2
  54:Core/Src/spi_task.c ****             HAL_GPIO_WritePin(GPIOD, LD3_Pin, GPIO_PIN_SET);
 186              		.loc 1 54 41 view .LVU48
 187 00d8 42F00202 		orr	r2, r2, #2
 188 00dc 9A72     		strb	r2, [r3, #10]
  55:Core/Src/spi_task.c ****             HAL_GPIO_WritePin(GPIOD, LD5_Pin, GPIO_PIN_SET);
 189              		.loc 1 55 13 is_stmt 1 view .LVU49
ARM GAS  C:\Users\leejo\AppData\Local\Temp\ccS3dVNd.s 			page 6


 190 00de 134C     		ldr	r4, .L9+16
 191              	.LVL15:
  55:Core/Src/spi_task.c ****             HAL_GPIO_WritePin(GPIOD, LD5_Pin, GPIO_PIN_SET);
 192              		.loc 1 55 13 is_stmt 0 view .LVU50
 193 00e0 0122     		movs	r2, #1
 194 00e2 4FF40051 		mov	r1, #8192
 195 00e6 2046     		mov	r0, r4
 196 00e8 FFF7FEFF 		bl	HAL_GPIO_WritePin
 197              	.LVL16:
  56:Core/Src/spi_task.c ****             break;
 198              		.loc 1 56 13 is_stmt 1 view .LVU51
 199 00ec 0122     		movs	r2, #1
 200 00ee 4FF48041 		mov	r1, #16384
 201 00f2 2046     		mov	r0, r4
 202 00f4 FFF7FEFF 		bl	HAL_GPIO_WritePin
 203              	.LVL17:
  57:Core/Src/spi_task.c **** 
 204              		.loc 1 57 13 view .LVU52
 205 00f8 A6E7     		b	.L7
 206              	.LVL18:
 207              	.L6:
  60:Core/Src/spi_task.c ****             HAL_GPIO_WritePin(GPIOD, LD3_Pin, GPIO_PIN_RESET);
 208              		.loc 1 60 13 view .LVU53
  60:Core/Src/spi_task.c ****             HAL_GPIO_WritePin(GPIOD, LD3_Pin, GPIO_PIN_RESET);
 209              		.loc 1 60 42 is_stmt 0 view .LVU54
 210 00fa 0024     		movs	r4, #0
 211              	.LVL19:
  60:Core/Src/spi_task.c ****             HAL_GPIO_WritePin(GPIOD, LD3_Pin, GPIO_PIN_RESET);
 212              		.loc 1 60 42 view .LVU55
 213 00fc 0A4B     		ldr	r3, .L9+12
 214 00fe 9C72     		strb	r4, [r3, #10]
  61:Core/Src/spi_task.c ****             HAL_GPIO_WritePin(GPIOD, LD5_Pin, GPIO_PIN_RESET);
 215              		.loc 1 61 13 is_stmt 1 view .LVU56
 216 0100 0A4D     		ldr	r5, .L9+16
 217              	.LVL20:
  61:Core/Src/spi_task.c ****             HAL_GPIO_WritePin(GPIOD, LD5_Pin, GPIO_PIN_RESET);
 218              		.loc 1 61 13 is_stmt 0 view .LVU57
 219 0102 2246     		mov	r2, r4
 220 0104 4FF40051 		mov	r1, #8192
 221 0108 2846     		mov	r0, r5
 222 010a FFF7FEFF 		bl	HAL_GPIO_WritePin
 223              	.LVL21:
  62:Core/Src/spi_task.c ****             break;
 224              		.loc 1 62 13 is_stmt 1 view .LVU58
 225 010e 2246     		mov	r2, r4
 226 0110 4FF48041 		mov	r1, #16384
 227 0114 2846     		mov	r0, r5
 228 0116 FFF7FEFF 		bl	HAL_GPIO_WritePin
 229              	.LVL22:
  63:Core/Src/spi_task.c ****         }
 230              		.loc 1 63 13 view .LVU59
 231 011a 95E7     		b	.L7
 232              	.L10:
 233              		.align	2
 234              	.L9:
 235 011c 00000000 		.word	spi_rx_buf
 236 0120 00000000 		.word	hspi2
ARM GAS  C:\Users\leejo\AppData\Local\Temp\ccS3dVNd.s 			page 7


 237 0124 81808080 		.word	-2139062143
 238 0128 00000000 		.word	g_audio_params
 239 012c 000C0240 		.word	1073875968
 240 0130 00000000 		.word	g_params_mutex
 241 0134 00000000 		.word	spiQueueHandle
 242 0138 00007F43 		.word	1132396544
 243              	.LBE3:
 244              		.cfi_endproc
 245              	.LFE139:
 247              		.text
 248              	.Letext0:
 249              		.file 2 "C:/Users/leejo/AppData/Roaming/Code/User/globalStorage/bmd.stm32-for-vscode/@xpack-dev-to
 250              		.file 3 "C:/Users/leejo/AppData/Roaming/Code/User/globalStorage/bmd.stm32-for-vscode/@xpack-dev-to
 251              		.file 4 "Middlewares/Third_Party/FreeRTOS/Source/include/queue.h"
 252              		.file 5 "Middlewares/Third_Party/FreeRTOS/Source/include/semphr.h"
 253              		.file 6 "Middlewares/Third_Party/FreeRTOS/Source/CMSIS_RTOS/cmsis_os.h"
 254              		.file 7 "Core/Inc/spi_task.h"
 255              		.file 8 "Core/Inc/dsp_task.h"
 256              		.file 9 "Drivers/CMSIS/Device/ST/STM32F4xx/Include/stm32f407xx.h"
 257              		.file 10 "Drivers/STM32F4xx_HAL_Driver/Inc/stm32f4xx_hal_def.h"
 258              		.file 11 "Drivers/STM32F4xx_HAL_Driver/Inc/stm32f4xx_hal_gpio.h"
 259              		.file 12 "Drivers/STM32F4xx_HAL_Driver/Inc/stm32f4xx_hal_dma.h"
 260              		.file 13 "Drivers/STM32F4xx_HAL_Driver/Inc/stm32f4xx_hal_spi.h"
ARM GAS  C:\Users\leejo\AppData\Local\Temp\ccS3dVNd.s 			page 8


DEFINED SYMBOLS
                            *ABS*:00000000 spi_task.c
C:\Users\leejo\AppData\Local\Temp\ccS3dVNd.s:21     .text.StartSPITask:00000000 $t
C:\Users\leejo\AppData\Local\Temp\ccS3dVNd.s:27     .text.StartSPITask:00000000 StartSPITask
C:\Users\leejo\AppData\Local\Temp\ccS3dVNd.s:235    .text.StartSPITask:0000011c $d

UNDEFINED SYMBOLS
HAL_SPI_Receive_IT
HAL_GPIO_WritePin
osMutexRelease
osMessageGet
osMutexWait
spi_rx_buf
hspi2
g_audio_params
g_params_mutex
spiQueueHandle
