ARM GAS  C:\Users\leejo\AppData\Local\Temp\ccFLdTgj.s 			page 1


   1              		.cpu cortex-m4
   2              		.arch armv7e-m
   3              		.fpu fpv4-sp-d16
   4              		.eabi_attribute 27, 1
   5              		.eabi_attribute 28, 1
   6              		.eabi_attribute 20, 1
   7              		.eabi_attribute 21, 1
   8              		.eabi_attribute 23, 3
   9              		.eabi_attribute 24, 1
  10              		.eabi_attribute 25, 1
  11              		.eabi_attribute 26, 1
  12              		.eabi_attribute 30, 1
  13              		.eabi_attribute 34, 1
  14              		.eabi_attribute 18, 4
  15              		.file	"stm32f4xx_hal_msp.c"
  16              		.text
  17              	.Ltext0:
  18              		.cfi_sections	.debug_frame
  19              		.file 1 "Core/Src/stm32f4xx_hal_msp.c"
  20              		.section	.text.HAL_MspInit,"ax",%progbits
  21              		.align	1
  22              		.global	HAL_MspInit
  23              		.syntax unified
  24              		.thumb
  25              		.thumb_func
  27              	HAL_MspInit:
  28              	.LFB134:
   1:Core/Src/stm32f4xx_hal_msp.c **** /* USER CODE BEGIN Header */
   2:Core/Src/stm32f4xx_hal_msp.c **** /**
   3:Core/Src/stm32f4xx_hal_msp.c ****   ******************************************************************************
   4:Core/Src/stm32f4xx_hal_msp.c ****   * @file         stm32f4xx_hal_msp.c
   5:Core/Src/stm32f4xx_hal_msp.c ****   * @brief        This file provides code for the MSP Initialization
   6:Core/Src/stm32f4xx_hal_msp.c ****   *               and de-Initialization codes.
   7:Core/Src/stm32f4xx_hal_msp.c ****   ******************************************************************************
   8:Core/Src/stm32f4xx_hal_msp.c ****   * @attention
   9:Core/Src/stm32f4xx_hal_msp.c ****   *
  10:Core/Src/stm32f4xx_hal_msp.c ****   * Copyright (c) 2026 STMicroelectronics.
  11:Core/Src/stm32f4xx_hal_msp.c ****   * All rights reserved.
  12:Core/Src/stm32f4xx_hal_msp.c ****   *
  13:Core/Src/stm32f4xx_hal_msp.c ****   * This software is licensed under terms that can be found in the LICENSE file
  14:Core/Src/stm32f4xx_hal_msp.c ****   * in the root directory of this software component.
  15:Core/Src/stm32f4xx_hal_msp.c ****   * If no LICENSE file comes with this software, it is provided AS-IS.
  16:Core/Src/stm32f4xx_hal_msp.c ****   *
  17:Core/Src/stm32f4xx_hal_msp.c ****   ******************************************************************************
  18:Core/Src/stm32f4xx_hal_msp.c ****   */
  19:Core/Src/stm32f4xx_hal_msp.c **** /* USER CODE END Header */
  20:Core/Src/stm32f4xx_hal_msp.c **** /* Includes ------------------------------------------------------------------*/
  21:Core/Src/stm32f4xx_hal_msp.c **** #include "main.h"
  22:Core/Src/stm32f4xx_hal_msp.c **** /* USER CODE BEGIN Includes */
  23:Core/Src/stm32f4xx_hal_msp.c **** 
  24:Core/Src/stm32f4xx_hal_msp.c **** /* USER CODE END Includes */
  25:Core/Src/stm32f4xx_hal_msp.c **** extern DMA_HandleTypeDef hdma_i2s3_ext_rx;
  26:Core/Src/stm32f4xx_hal_msp.c **** 
  27:Core/Src/stm32f4xx_hal_msp.c **** extern DMA_HandleTypeDef hdma_spi3_tx;
  28:Core/Src/stm32f4xx_hal_msp.c **** 
  29:Core/Src/stm32f4xx_hal_msp.c **** /* Private typedef -----------------------------------------------------------*/
  30:Core/Src/stm32f4xx_hal_msp.c **** /* USER CODE BEGIN TD */
ARM GAS  C:\Users\leejo\AppData\Local\Temp\ccFLdTgj.s 			page 2


  31:Core/Src/stm32f4xx_hal_msp.c **** 
  32:Core/Src/stm32f4xx_hal_msp.c **** /* USER CODE END TD */
  33:Core/Src/stm32f4xx_hal_msp.c **** 
  34:Core/Src/stm32f4xx_hal_msp.c **** /* Private define ------------------------------------------------------------*/
  35:Core/Src/stm32f4xx_hal_msp.c **** /* USER CODE BEGIN Define */
  36:Core/Src/stm32f4xx_hal_msp.c **** 
  37:Core/Src/stm32f4xx_hal_msp.c **** /* USER CODE END Define */
  38:Core/Src/stm32f4xx_hal_msp.c **** 
  39:Core/Src/stm32f4xx_hal_msp.c **** /* Private macro -------------------------------------------------------------*/
  40:Core/Src/stm32f4xx_hal_msp.c **** /* USER CODE BEGIN Macro */
  41:Core/Src/stm32f4xx_hal_msp.c **** 
  42:Core/Src/stm32f4xx_hal_msp.c **** /* USER CODE END Macro */
  43:Core/Src/stm32f4xx_hal_msp.c **** 
  44:Core/Src/stm32f4xx_hal_msp.c **** /* Private variables ---------------------------------------------------------*/
  45:Core/Src/stm32f4xx_hal_msp.c **** /* USER CODE BEGIN PV */
  46:Core/Src/stm32f4xx_hal_msp.c **** 
  47:Core/Src/stm32f4xx_hal_msp.c **** /* USER CODE END PV */
  48:Core/Src/stm32f4xx_hal_msp.c **** 
  49:Core/Src/stm32f4xx_hal_msp.c **** /* Private function prototypes -----------------------------------------------*/
  50:Core/Src/stm32f4xx_hal_msp.c **** /* USER CODE BEGIN PFP */
  51:Core/Src/stm32f4xx_hal_msp.c **** 
  52:Core/Src/stm32f4xx_hal_msp.c **** /* USER CODE END PFP */
  53:Core/Src/stm32f4xx_hal_msp.c **** 
  54:Core/Src/stm32f4xx_hal_msp.c **** /* External functions --------------------------------------------------------*/
  55:Core/Src/stm32f4xx_hal_msp.c **** /* USER CODE BEGIN ExternalFunctions */
  56:Core/Src/stm32f4xx_hal_msp.c **** 
  57:Core/Src/stm32f4xx_hal_msp.c **** /* USER CODE END ExternalFunctions */
  58:Core/Src/stm32f4xx_hal_msp.c **** 
  59:Core/Src/stm32f4xx_hal_msp.c **** /* USER CODE BEGIN 0 */
  60:Core/Src/stm32f4xx_hal_msp.c **** 
  61:Core/Src/stm32f4xx_hal_msp.c **** /* USER CODE END 0 */
  62:Core/Src/stm32f4xx_hal_msp.c **** /**
  63:Core/Src/stm32f4xx_hal_msp.c ****   * Initializes the Global MSP.
  64:Core/Src/stm32f4xx_hal_msp.c ****   */
  65:Core/Src/stm32f4xx_hal_msp.c **** void HAL_MspInit(void)
  66:Core/Src/stm32f4xx_hal_msp.c **** {
  29              		.loc 1 66 1 view -0
  30              		.cfi_startproc
  31              		@ args = 0, pretend = 0, frame = 8
  32              		@ frame_needed = 0, uses_anonymous_args = 0
  33 0000 00B5     		push	{lr}
  34              		.cfi_def_cfa_offset 4
  35              		.cfi_offset 14, -4
  36 0002 83B0     		sub	sp, sp, #12
  37              		.cfi_def_cfa_offset 16
  67:Core/Src/stm32f4xx_hal_msp.c **** 
  68:Core/Src/stm32f4xx_hal_msp.c ****   /* USER CODE BEGIN MspInit 0 */
  69:Core/Src/stm32f4xx_hal_msp.c **** 
  70:Core/Src/stm32f4xx_hal_msp.c ****   /* USER CODE END MspInit 0 */
  71:Core/Src/stm32f4xx_hal_msp.c **** 
  72:Core/Src/stm32f4xx_hal_msp.c ****   __HAL_RCC_SYSCFG_CLK_ENABLE();
  38              		.loc 1 72 3 view .LVU1
  39              	.LBB2:
  40              		.loc 1 72 3 view .LVU2
  41 0004 0022     		movs	r2, #0
  42 0006 0092     		str	r2, [sp]
  43              		.loc 1 72 3 view .LVU3
ARM GAS  C:\Users\leejo\AppData\Local\Temp\ccFLdTgj.s 			page 3


  44 0008 0D4B     		ldr	r3, .L3
  45 000a 596C     		ldr	r1, [r3, #68]
  46 000c 41F48041 		orr	r1, r1, #16384
  47 0010 5964     		str	r1, [r3, #68]
  48              		.loc 1 72 3 view .LVU4
  49 0012 596C     		ldr	r1, [r3, #68]
  50 0014 01F48041 		and	r1, r1, #16384
  51 0018 0091     		str	r1, [sp]
  52              		.loc 1 72 3 view .LVU5
  53 001a 0099     		ldr	r1, [sp]
  54              	.LBE2:
  55              		.loc 1 72 3 view .LVU6
  73:Core/Src/stm32f4xx_hal_msp.c ****   __HAL_RCC_PWR_CLK_ENABLE();
  56              		.loc 1 73 3 view .LVU7
  57              	.LBB3:
  58              		.loc 1 73 3 view .LVU8
  59 001c 0192     		str	r2, [sp, #4]
  60              		.loc 1 73 3 view .LVU9
  61 001e 196C     		ldr	r1, [r3, #64]
  62 0020 41F08051 		orr	r1, r1, #268435456
  63 0024 1964     		str	r1, [r3, #64]
  64              		.loc 1 73 3 view .LVU10
  65 0026 1B6C     		ldr	r3, [r3, #64]
  66 0028 03F08053 		and	r3, r3, #268435456
  67 002c 0193     		str	r3, [sp, #4]
  68              		.loc 1 73 3 view .LVU11
  69 002e 019B     		ldr	r3, [sp, #4]
  70              	.LBE3:
  71              		.loc 1 73 3 view .LVU12
  74:Core/Src/stm32f4xx_hal_msp.c **** 
  75:Core/Src/stm32f4xx_hal_msp.c ****   /* System interrupt init*/
  76:Core/Src/stm32f4xx_hal_msp.c ****   /* PendSV_IRQn interrupt configuration */
  77:Core/Src/stm32f4xx_hal_msp.c ****   HAL_NVIC_SetPriority(PendSV_IRQn, 15, 0);
  72              		.loc 1 77 3 view .LVU13
  73 0030 0F21     		movs	r1, #15
  74 0032 6FF00100 		mvn	r0, #1
  75 0036 FFF7FEFF 		bl	HAL_NVIC_SetPriority
  76              	.LVL0:
  78:Core/Src/stm32f4xx_hal_msp.c **** 
  79:Core/Src/stm32f4xx_hal_msp.c ****   /* USER CODE BEGIN MspInit 1 */
  80:Core/Src/stm32f4xx_hal_msp.c **** 
  81:Core/Src/stm32f4xx_hal_msp.c ****   /* USER CODE END MspInit 1 */
  82:Core/Src/stm32f4xx_hal_msp.c **** }
  77              		.loc 1 82 1 is_stmt 0 view .LVU14
  78 003a 03B0     		add	sp, sp, #12
  79              		.cfi_def_cfa_offset 4
  80              		@ sp needed
  81 003c 00BD     		pop	{pc}
  82              	.L4:
  83 003e 00BF     		.align	2
  84              	.L3:
  85 0040 00380240 		.word	1073887232
  86              		.cfi_endproc
  87              	.LFE134:
  89              		.section	.text.HAL_I2C_MspInit,"ax",%progbits
  90              		.align	1
  91              		.global	HAL_I2C_MspInit
ARM GAS  C:\Users\leejo\AppData\Local\Temp\ccFLdTgj.s 			page 4


  92              		.syntax unified
  93              		.thumb
  94              		.thumb_func
  96              	HAL_I2C_MspInit:
  97              	.LVL1:
  98              	.LFB135:
  83:Core/Src/stm32f4xx_hal_msp.c **** 
  84:Core/Src/stm32f4xx_hal_msp.c **** /**
  85:Core/Src/stm32f4xx_hal_msp.c ****   * @brief I2C MSP Initialization
  86:Core/Src/stm32f4xx_hal_msp.c ****   * This function configures the hardware resources used in this example
  87:Core/Src/stm32f4xx_hal_msp.c ****   * @param hi2c: I2C handle pointer
  88:Core/Src/stm32f4xx_hal_msp.c ****   * @retval None
  89:Core/Src/stm32f4xx_hal_msp.c ****   */
  90:Core/Src/stm32f4xx_hal_msp.c **** void HAL_I2C_MspInit(I2C_HandleTypeDef* hi2c)
  91:Core/Src/stm32f4xx_hal_msp.c **** {
  99              		.loc 1 91 1 is_stmt 1 view -0
 100              		.cfi_startproc
 101              		@ args = 0, pretend = 0, frame = 32
 102              		@ frame_needed = 0, uses_anonymous_args = 0
 103              		.loc 1 91 1 is_stmt 0 view .LVU16
 104 0000 30B5     		push	{r4, r5, lr}
 105              		.cfi_def_cfa_offset 12
 106              		.cfi_offset 4, -12
 107              		.cfi_offset 5, -8
 108              		.cfi_offset 14, -4
 109 0002 89B0     		sub	sp, sp, #36
 110              		.cfi_def_cfa_offset 48
  92:Core/Src/stm32f4xx_hal_msp.c ****   GPIO_InitTypeDef GPIO_InitStruct = {0};
 111              		.loc 1 92 3 is_stmt 1 view .LVU17
 112              		.loc 1 92 20 is_stmt 0 view .LVU18
 113 0004 0023     		movs	r3, #0
 114 0006 0393     		str	r3, [sp, #12]
 115 0008 0493     		str	r3, [sp, #16]
 116 000a 0593     		str	r3, [sp, #20]
 117 000c 0693     		str	r3, [sp, #24]
 118 000e 0793     		str	r3, [sp, #28]
  93:Core/Src/stm32f4xx_hal_msp.c ****   if(hi2c->Instance==I2C1)
 119              		.loc 1 93 3 is_stmt 1 view .LVU19
 120              		.loc 1 93 10 is_stmt 0 view .LVU20
 121 0010 0268     		ldr	r2, [r0]
 122              		.loc 1 93 5 view .LVU21
 123 0012 144B     		ldr	r3, .L9
 124 0014 9A42     		cmp	r2, r3
 125 0016 01D0     		beq	.L8
 126              	.LVL2:
 127              	.L5:
  94:Core/Src/stm32f4xx_hal_msp.c ****   {
  95:Core/Src/stm32f4xx_hal_msp.c ****     /* USER CODE BEGIN I2C1_MspInit 0 */
  96:Core/Src/stm32f4xx_hal_msp.c **** 
  97:Core/Src/stm32f4xx_hal_msp.c ****     /* USER CODE END I2C1_MspInit 0 */
  98:Core/Src/stm32f4xx_hal_msp.c **** 
  99:Core/Src/stm32f4xx_hal_msp.c ****     __HAL_RCC_GPIOB_CLK_ENABLE();
 100:Core/Src/stm32f4xx_hal_msp.c ****     /**I2C1 GPIO Configuration
 101:Core/Src/stm32f4xx_hal_msp.c ****     PB6     ------> I2C1_SCL
 102:Core/Src/stm32f4xx_hal_msp.c ****     PB9     ------> I2C1_SDA
 103:Core/Src/stm32f4xx_hal_msp.c ****     */
 104:Core/Src/stm32f4xx_hal_msp.c ****     GPIO_InitStruct.Pin = Audio_SCL_Pin|Audio_SDA_Pin;
ARM GAS  C:\Users\leejo\AppData\Local\Temp\ccFLdTgj.s 			page 5


 105:Core/Src/stm32f4xx_hal_msp.c ****     GPIO_InitStruct.Mode = GPIO_MODE_AF_OD;
 106:Core/Src/stm32f4xx_hal_msp.c ****     GPIO_InitStruct.Pull = GPIO_PULLUP;
 107:Core/Src/stm32f4xx_hal_msp.c ****     GPIO_InitStruct.Speed = GPIO_SPEED_FREQ_LOW;
 108:Core/Src/stm32f4xx_hal_msp.c ****     GPIO_InitStruct.Alternate = GPIO_AF4_I2C1;
 109:Core/Src/stm32f4xx_hal_msp.c ****     HAL_GPIO_Init(GPIOB, &GPIO_InitStruct);
 110:Core/Src/stm32f4xx_hal_msp.c **** 
 111:Core/Src/stm32f4xx_hal_msp.c ****     /* Peripheral clock enable */
 112:Core/Src/stm32f4xx_hal_msp.c ****     __HAL_RCC_I2C1_CLK_ENABLE();
 113:Core/Src/stm32f4xx_hal_msp.c ****     /* USER CODE BEGIN I2C1_MspInit 1 */
 114:Core/Src/stm32f4xx_hal_msp.c **** 
 115:Core/Src/stm32f4xx_hal_msp.c ****     /* USER CODE END I2C1_MspInit 1 */
 116:Core/Src/stm32f4xx_hal_msp.c **** 
 117:Core/Src/stm32f4xx_hal_msp.c ****   }
 118:Core/Src/stm32f4xx_hal_msp.c **** 
 119:Core/Src/stm32f4xx_hal_msp.c **** }
 128              		.loc 1 119 1 view .LVU22
 129 0018 09B0     		add	sp, sp, #36
 130              		.cfi_remember_state
 131              		.cfi_def_cfa_offset 12
 132              		@ sp needed
 133 001a 30BD     		pop	{r4, r5, pc}
 134              	.LVL3:
 135              	.L8:
 136              		.cfi_restore_state
  99:Core/Src/stm32f4xx_hal_msp.c ****     /**I2C1 GPIO Configuration
 137              		.loc 1 99 5 is_stmt 1 view .LVU23
 138              	.LBB4:
  99:Core/Src/stm32f4xx_hal_msp.c ****     /**I2C1 GPIO Configuration
 139              		.loc 1 99 5 view .LVU24
 140 001c 0025     		movs	r5, #0
 141 001e 0195     		str	r5, [sp, #4]
  99:Core/Src/stm32f4xx_hal_msp.c ****     /**I2C1 GPIO Configuration
 142              		.loc 1 99 5 view .LVU25
 143 0020 114C     		ldr	r4, .L9+4
 144 0022 236B     		ldr	r3, [r4, #48]
 145 0024 43F00203 		orr	r3, r3, #2
 146 0028 2363     		str	r3, [r4, #48]
  99:Core/Src/stm32f4xx_hal_msp.c ****     /**I2C1 GPIO Configuration
 147              		.loc 1 99 5 view .LVU26
 148 002a 236B     		ldr	r3, [r4, #48]
 149 002c 03F00203 		and	r3, r3, #2
 150 0030 0193     		str	r3, [sp, #4]
  99:Core/Src/stm32f4xx_hal_msp.c ****     /**I2C1 GPIO Configuration
 151              		.loc 1 99 5 view .LVU27
 152 0032 019B     		ldr	r3, [sp, #4]
 153              	.LBE4:
  99:Core/Src/stm32f4xx_hal_msp.c ****     /**I2C1 GPIO Configuration
 154              		.loc 1 99 5 view .LVU28
 104:Core/Src/stm32f4xx_hal_msp.c ****     GPIO_InitStruct.Mode = GPIO_MODE_AF_OD;
 155              		.loc 1 104 5 view .LVU29
 104:Core/Src/stm32f4xx_hal_msp.c ****     GPIO_InitStruct.Mode = GPIO_MODE_AF_OD;
 156              		.loc 1 104 25 is_stmt 0 view .LVU30
 157 0034 4FF41073 		mov	r3, #576
 158 0038 0393     		str	r3, [sp, #12]
 105:Core/Src/stm32f4xx_hal_msp.c ****     GPIO_InitStruct.Pull = GPIO_PULLUP;
 159              		.loc 1 105 5 is_stmt 1 view .LVU31
 105:Core/Src/stm32f4xx_hal_msp.c ****     GPIO_InitStruct.Pull = GPIO_PULLUP;
ARM GAS  C:\Users\leejo\AppData\Local\Temp\ccFLdTgj.s 			page 6


 160              		.loc 1 105 26 is_stmt 0 view .LVU32
 161 003a 1223     		movs	r3, #18
 162 003c 0493     		str	r3, [sp, #16]
 106:Core/Src/stm32f4xx_hal_msp.c ****     GPIO_InitStruct.Speed = GPIO_SPEED_FREQ_LOW;
 163              		.loc 1 106 5 is_stmt 1 view .LVU33
 106:Core/Src/stm32f4xx_hal_msp.c ****     GPIO_InitStruct.Speed = GPIO_SPEED_FREQ_LOW;
 164              		.loc 1 106 26 is_stmt 0 view .LVU34
 165 003e 0123     		movs	r3, #1
 166 0040 0593     		str	r3, [sp, #20]
 107:Core/Src/stm32f4xx_hal_msp.c ****     GPIO_InitStruct.Alternate = GPIO_AF4_I2C1;
 167              		.loc 1 107 5 is_stmt 1 view .LVU35
 108:Core/Src/stm32f4xx_hal_msp.c ****     HAL_GPIO_Init(GPIOB, &GPIO_InitStruct);
 168              		.loc 1 108 5 view .LVU36
 108:Core/Src/stm32f4xx_hal_msp.c ****     HAL_GPIO_Init(GPIOB, &GPIO_InitStruct);
 169              		.loc 1 108 31 is_stmt 0 view .LVU37
 170 0042 0423     		movs	r3, #4
 171 0044 0793     		str	r3, [sp, #28]
 109:Core/Src/stm32f4xx_hal_msp.c **** 
 172              		.loc 1 109 5 is_stmt 1 view .LVU38
 173 0046 03A9     		add	r1, sp, #12
 174 0048 0848     		ldr	r0, .L9+8
 175              	.LVL4:
 109:Core/Src/stm32f4xx_hal_msp.c **** 
 176              		.loc 1 109 5 is_stmt 0 view .LVU39
 177 004a FFF7FEFF 		bl	HAL_GPIO_Init
 178              	.LVL5:
 112:Core/Src/stm32f4xx_hal_msp.c ****     /* USER CODE BEGIN I2C1_MspInit 1 */
 179              		.loc 1 112 5 is_stmt 1 view .LVU40
 180              	.LBB5:
 112:Core/Src/stm32f4xx_hal_msp.c ****     /* USER CODE BEGIN I2C1_MspInit 1 */
 181              		.loc 1 112 5 view .LVU41
 182 004e 0295     		str	r5, [sp, #8]
 112:Core/Src/stm32f4xx_hal_msp.c ****     /* USER CODE BEGIN I2C1_MspInit 1 */
 183              		.loc 1 112 5 view .LVU42
 184 0050 236C     		ldr	r3, [r4, #64]
 185 0052 43F40013 		orr	r3, r3, #2097152
 186 0056 2364     		str	r3, [r4, #64]
 112:Core/Src/stm32f4xx_hal_msp.c ****     /* USER CODE BEGIN I2C1_MspInit 1 */
 187              		.loc 1 112 5 view .LVU43
 188 0058 236C     		ldr	r3, [r4, #64]
 189 005a 03F40013 		and	r3, r3, #2097152
 190 005e 0293     		str	r3, [sp, #8]
 112:Core/Src/stm32f4xx_hal_msp.c ****     /* USER CODE BEGIN I2C1_MspInit 1 */
 191              		.loc 1 112 5 view .LVU44
 192 0060 029B     		ldr	r3, [sp, #8]
 193              	.LBE5:
 112:Core/Src/stm32f4xx_hal_msp.c ****     /* USER CODE BEGIN I2C1_MspInit 1 */
 194              		.loc 1 112 5 view .LVU45
 195              		.loc 1 119 1 is_stmt 0 view .LVU46
 196 0062 D9E7     		b	.L5
 197              	.L10:
 198              		.align	2
 199              	.L9:
 200 0064 00540040 		.word	1073763328
 201 0068 00380240 		.word	1073887232
 202 006c 00040240 		.word	1073873920
 203              		.cfi_endproc
ARM GAS  C:\Users\leejo\AppData\Local\Temp\ccFLdTgj.s 			page 7


 204              	.LFE135:
 206              		.section	.text.HAL_I2C_MspDeInit,"ax",%progbits
 207              		.align	1
 208              		.global	HAL_I2C_MspDeInit
 209              		.syntax unified
 210              		.thumb
 211              		.thumb_func
 213              	HAL_I2C_MspDeInit:
 214              	.LVL6:
 215              	.LFB136:
 120:Core/Src/stm32f4xx_hal_msp.c **** 
 121:Core/Src/stm32f4xx_hal_msp.c **** /**
 122:Core/Src/stm32f4xx_hal_msp.c ****   * @brief I2C MSP De-Initialization
 123:Core/Src/stm32f4xx_hal_msp.c ****   * This function freeze the hardware resources used in this example
 124:Core/Src/stm32f4xx_hal_msp.c ****   * @param hi2c: I2C handle pointer
 125:Core/Src/stm32f4xx_hal_msp.c ****   * @retval None
 126:Core/Src/stm32f4xx_hal_msp.c ****   */
 127:Core/Src/stm32f4xx_hal_msp.c **** void HAL_I2C_MspDeInit(I2C_HandleTypeDef* hi2c)
 128:Core/Src/stm32f4xx_hal_msp.c **** {
 216              		.loc 1 128 1 is_stmt 1 view -0
 217              		.cfi_startproc
 218              		@ args = 0, pretend = 0, frame = 0
 219              		@ frame_needed = 0, uses_anonymous_args = 0
 220              		.loc 1 128 1 is_stmt 0 view .LVU48
 221 0000 08B5     		push	{r3, lr}
 222              		.cfi_def_cfa_offset 8
 223              		.cfi_offset 3, -8
 224              		.cfi_offset 14, -4
 129:Core/Src/stm32f4xx_hal_msp.c ****   if(hi2c->Instance==I2C1)
 225              		.loc 1 129 3 is_stmt 1 view .LVU49
 226              		.loc 1 129 10 is_stmt 0 view .LVU50
 227 0002 0268     		ldr	r2, [r0]
 228              		.loc 1 129 5 view .LVU51
 229 0004 094B     		ldr	r3, .L15
 230 0006 9A42     		cmp	r2, r3
 231 0008 00D0     		beq	.L14
 232              	.LVL7:
 233              	.L11:
 130:Core/Src/stm32f4xx_hal_msp.c ****   {
 131:Core/Src/stm32f4xx_hal_msp.c ****     /* USER CODE BEGIN I2C1_MspDeInit 0 */
 132:Core/Src/stm32f4xx_hal_msp.c **** 
 133:Core/Src/stm32f4xx_hal_msp.c ****     /* USER CODE END I2C1_MspDeInit 0 */
 134:Core/Src/stm32f4xx_hal_msp.c ****     /* Peripheral clock disable */
 135:Core/Src/stm32f4xx_hal_msp.c ****     __HAL_RCC_I2C1_CLK_DISABLE();
 136:Core/Src/stm32f4xx_hal_msp.c **** 
 137:Core/Src/stm32f4xx_hal_msp.c ****     /**I2C1 GPIO Configuration
 138:Core/Src/stm32f4xx_hal_msp.c ****     PB6     ------> I2C1_SCL
 139:Core/Src/stm32f4xx_hal_msp.c ****     PB9     ------> I2C1_SDA
 140:Core/Src/stm32f4xx_hal_msp.c ****     */
 141:Core/Src/stm32f4xx_hal_msp.c ****     HAL_GPIO_DeInit(Audio_SCL_GPIO_Port, Audio_SCL_Pin);
 142:Core/Src/stm32f4xx_hal_msp.c **** 
 143:Core/Src/stm32f4xx_hal_msp.c ****     HAL_GPIO_DeInit(Audio_SDA_GPIO_Port, Audio_SDA_Pin);
 144:Core/Src/stm32f4xx_hal_msp.c **** 
 145:Core/Src/stm32f4xx_hal_msp.c ****     /* USER CODE BEGIN I2C1_MspDeInit 1 */
 146:Core/Src/stm32f4xx_hal_msp.c **** 
 147:Core/Src/stm32f4xx_hal_msp.c ****     /* USER CODE END I2C1_MspDeInit 1 */
 148:Core/Src/stm32f4xx_hal_msp.c ****   }
ARM GAS  C:\Users\leejo\AppData\Local\Temp\ccFLdTgj.s 			page 8


 149:Core/Src/stm32f4xx_hal_msp.c **** 
 150:Core/Src/stm32f4xx_hal_msp.c **** }
 234              		.loc 1 150 1 view .LVU52
 235 000a 08BD     		pop	{r3, pc}
 236              	.LVL8:
 237              	.L14:
 135:Core/Src/stm32f4xx_hal_msp.c **** 
 238              		.loc 1 135 5 is_stmt 1 view .LVU53
 239 000c 084A     		ldr	r2, .L15+4
 240 000e 136C     		ldr	r3, [r2, #64]
 241 0010 23F40013 		bic	r3, r3, #2097152
 242 0014 1364     		str	r3, [r2, #64]
 141:Core/Src/stm32f4xx_hal_msp.c **** 
 243              		.loc 1 141 5 view .LVU54
 244 0016 4021     		movs	r1, #64
 245 0018 0648     		ldr	r0, .L15+8
 246              	.LVL9:
 141:Core/Src/stm32f4xx_hal_msp.c **** 
 247              		.loc 1 141 5 is_stmt 0 view .LVU55
 248 001a FFF7FEFF 		bl	HAL_GPIO_DeInit
 249              	.LVL10:
 143:Core/Src/stm32f4xx_hal_msp.c **** 
 250              		.loc 1 143 5 is_stmt 1 view .LVU56
 251 001e 4FF40071 		mov	r1, #512
 252 0022 0448     		ldr	r0, .L15+8
 253 0024 FFF7FEFF 		bl	HAL_GPIO_DeInit
 254              	.LVL11:
 255              		.loc 1 150 1 is_stmt 0 view .LVU57
 256 0028 EFE7     		b	.L11
 257              	.L16:
 258 002a 00BF     		.align	2
 259              	.L15:
 260 002c 00540040 		.word	1073763328
 261 0030 00380240 		.word	1073887232
 262 0034 00040240 		.word	1073873920
 263              		.cfi_endproc
 264              	.LFE136:
 266              		.section	.text.HAL_I2S_MspInit,"ax",%progbits
 267              		.align	1
 268              		.global	HAL_I2S_MspInit
 269              		.syntax unified
 270              		.thumb
 271              		.thumb_func
 273              	HAL_I2S_MspInit:
 274              	.LVL12:
 275              	.LFB137:
 151:Core/Src/stm32f4xx_hal_msp.c **** 
 152:Core/Src/stm32f4xx_hal_msp.c **** /**
 153:Core/Src/stm32f4xx_hal_msp.c ****   * @brief I2S MSP Initialization
 154:Core/Src/stm32f4xx_hal_msp.c ****   * This function configures the hardware resources used in this example
 155:Core/Src/stm32f4xx_hal_msp.c ****   * @param hi2s: I2S handle pointer
 156:Core/Src/stm32f4xx_hal_msp.c ****   * @retval None
 157:Core/Src/stm32f4xx_hal_msp.c ****   */
 158:Core/Src/stm32f4xx_hal_msp.c **** void HAL_I2S_MspInit(I2S_HandleTypeDef* hi2s)
 159:Core/Src/stm32f4xx_hal_msp.c **** {
 276              		.loc 1 159 1 is_stmt 1 view -0
 277              		.cfi_startproc
ARM GAS  C:\Users\leejo\AppData\Local\Temp\ccFLdTgj.s 			page 9


 278              		@ args = 0, pretend = 0, frame = 48
 279              		@ frame_needed = 0, uses_anonymous_args = 0
 280              		.loc 1 159 1 is_stmt 0 view .LVU59
 281 0000 F0B5     		push	{r4, r5, r6, r7, lr}
 282              		.cfi_def_cfa_offset 20
 283              		.cfi_offset 4, -20
 284              		.cfi_offset 5, -16
 285              		.cfi_offset 6, -12
 286              		.cfi_offset 7, -8
 287              		.cfi_offset 14, -4
 288 0002 8DB0     		sub	sp, sp, #52
 289              		.cfi_def_cfa_offset 72
 160:Core/Src/stm32f4xx_hal_msp.c ****   GPIO_InitTypeDef GPIO_InitStruct = {0};
 290              		.loc 1 160 3 is_stmt 1 view .LVU60
 291              		.loc 1 160 20 is_stmt 0 view .LVU61
 292 0004 0023     		movs	r3, #0
 293 0006 0793     		str	r3, [sp, #28]
 294 0008 0893     		str	r3, [sp, #32]
 295 000a 0993     		str	r3, [sp, #36]
 296 000c 0A93     		str	r3, [sp, #40]
 297 000e 0B93     		str	r3, [sp, #44]
 161:Core/Src/stm32f4xx_hal_msp.c ****   RCC_PeriphCLKInitTypeDef PeriphClkInitStruct = {0};
 298              		.loc 1 161 3 is_stmt 1 view .LVU62
 299              		.loc 1 161 28 is_stmt 0 view .LVU63
 300 0010 0393     		str	r3, [sp, #12]
 301 0012 0493     		str	r3, [sp, #16]
 302 0014 0593     		str	r3, [sp, #20]
 303 0016 0693     		str	r3, [sp, #24]
 162:Core/Src/stm32f4xx_hal_msp.c ****   if(hi2s->Instance==SPI3)
 304              		.loc 1 162 3 is_stmt 1 view .LVU64
 305              		.loc 1 162 10 is_stmt 0 view .LVU65
 306 0018 0268     		ldr	r2, [r0]
 307              		.loc 1 162 5 view .LVU66
 308 001a 4D4B     		ldr	r3, .L27
 309 001c 9A42     		cmp	r2, r3
 310 001e 01D0     		beq	.L23
 311              	.LVL13:
 312              	.L17:
 163:Core/Src/stm32f4xx_hal_msp.c ****   {
 164:Core/Src/stm32f4xx_hal_msp.c ****     /* USER CODE BEGIN SPI3_MspInit 0 */
 165:Core/Src/stm32f4xx_hal_msp.c **** 
 166:Core/Src/stm32f4xx_hal_msp.c ****     /* USER CODE END SPI3_MspInit 0 */
 167:Core/Src/stm32f4xx_hal_msp.c **** 
 168:Core/Src/stm32f4xx_hal_msp.c ****   /** Initializes the peripherals clock
 169:Core/Src/stm32f4xx_hal_msp.c ****   */
 170:Core/Src/stm32f4xx_hal_msp.c ****     PeriphClkInitStruct.PeriphClockSelection = RCC_PERIPHCLK_I2S;
 171:Core/Src/stm32f4xx_hal_msp.c ****     PeriphClkInitStruct.PLLI2S.PLLI2SN = 192;
 172:Core/Src/stm32f4xx_hal_msp.c ****     PeriphClkInitStruct.PLLI2S.PLLI2SR = 2;
 173:Core/Src/stm32f4xx_hal_msp.c ****     if (HAL_RCCEx_PeriphCLKConfig(&PeriphClkInitStruct) != HAL_OK)
 174:Core/Src/stm32f4xx_hal_msp.c ****     {
 175:Core/Src/stm32f4xx_hal_msp.c ****       Error_Handler();
 176:Core/Src/stm32f4xx_hal_msp.c ****     }
 177:Core/Src/stm32f4xx_hal_msp.c **** 
 178:Core/Src/stm32f4xx_hal_msp.c ****     /* Peripheral clock enable */
 179:Core/Src/stm32f4xx_hal_msp.c ****     __HAL_RCC_SPI3_CLK_ENABLE();
 180:Core/Src/stm32f4xx_hal_msp.c **** 
 181:Core/Src/stm32f4xx_hal_msp.c ****     __HAL_RCC_GPIOA_CLK_ENABLE();
ARM GAS  C:\Users\leejo\AppData\Local\Temp\ccFLdTgj.s 			page 10


 182:Core/Src/stm32f4xx_hal_msp.c ****     __HAL_RCC_GPIOC_CLK_ENABLE();
 183:Core/Src/stm32f4xx_hal_msp.c ****     /**I2S3 GPIO Configuration
 184:Core/Src/stm32f4xx_hal_msp.c ****     PA4     ------> I2S3_WS
 185:Core/Src/stm32f4xx_hal_msp.c ****     PC7     ------> I2S3_MCK
 186:Core/Src/stm32f4xx_hal_msp.c ****     PC10     ------> I2S3_CK
 187:Core/Src/stm32f4xx_hal_msp.c ****     PC11     ------> I2S3_ext_SD
 188:Core/Src/stm32f4xx_hal_msp.c ****     PC12     ------> I2S3_SD
 189:Core/Src/stm32f4xx_hal_msp.c ****     */
 190:Core/Src/stm32f4xx_hal_msp.c ****     GPIO_InitStruct.Pin = I2S3_WS_Pin;
 191:Core/Src/stm32f4xx_hal_msp.c ****     GPIO_InitStruct.Mode = GPIO_MODE_AF_PP;
 192:Core/Src/stm32f4xx_hal_msp.c ****     GPIO_InitStruct.Pull = GPIO_NOPULL;
 193:Core/Src/stm32f4xx_hal_msp.c ****     GPIO_InitStruct.Speed = GPIO_SPEED_FREQ_LOW;
 194:Core/Src/stm32f4xx_hal_msp.c ****     GPIO_InitStruct.Alternate = GPIO_AF6_SPI3;
 195:Core/Src/stm32f4xx_hal_msp.c ****     HAL_GPIO_Init(I2S3_WS_GPIO_Port, &GPIO_InitStruct);
 196:Core/Src/stm32f4xx_hal_msp.c **** 
 197:Core/Src/stm32f4xx_hal_msp.c ****     GPIO_InitStruct.Pin = I2S3_MCK_Pin|I2S3_SCK_Pin|I2S_Pin;
 198:Core/Src/stm32f4xx_hal_msp.c ****     GPIO_InitStruct.Mode = GPIO_MODE_AF_PP;
 199:Core/Src/stm32f4xx_hal_msp.c ****     GPIO_InitStruct.Pull = GPIO_NOPULL;
 200:Core/Src/stm32f4xx_hal_msp.c ****     GPIO_InitStruct.Speed = GPIO_SPEED_FREQ_LOW;
 201:Core/Src/stm32f4xx_hal_msp.c ****     GPIO_InitStruct.Alternate = GPIO_AF6_SPI3;
 202:Core/Src/stm32f4xx_hal_msp.c ****     HAL_GPIO_Init(GPIOC, &GPIO_InitStruct);
 203:Core/Src/stm32f4xx_hal_msp.c **** 
 204:Core/Src/stm32f4xx_hal_msp.c ****     GPIO_InitStruct.Pin = I2S_SD_Pin;
 205:Core/Src/stm32f4xx_hal_msp.c ****     GPIO_InitStruct.Mode = GPIO_MODE_AF_PP;
 206:Core/Src/stm32f4xx_hal_msp.c ****     GPIO_InitStruct.Pull = GPIO_NOPULL;
 207:Core/Src/stm32f4xx_hal_msp.c ****     GPIO_InitStruct.Speed = GPIO_SPEED_FREQ_LOW;
 208:Core/Src/stm32f4xx_hal_msp.c ****     GPIO_InitStruct.Alternate = GPIO_AF5_I2S3ext;
 209:Core/Src/stm32f4xx_hal_msp.c ****     HAL_GPIO_Init(I2S_SD_GPIO_Port, &GPIO_InitStruct);
 210:Core/Src/stm32f4xx_hal_msp.c **** 
 211:Core/Src/stm32f4xx_hal_msp.c ****     /* I2S3 DMA Init */
 212:Core/Src/stm32f4xx_hal_msp.c ****     /* I2S3_EXT_RX Init */
 213:Core/Src/stm32f4xx_hal_msp.c ****     hdma_i2s3_ext_rx.Instance = DMA1_Stream0;
 214:Core/Src/stm32f4xx_hal_msp.c ****     hdma_i2s3_ext_rx.Init.Channel = DMA_CHANNEL_3;
 215:Core/Src/stm32f4xx_hal_msp.c ****     hdma_i2s3_ext_rx.Init.Direction = DMA_PERIPH_TO_MEMORY;
 216:Core/Src/stm32f4xx_hal_msp.c ****     hdma_i2s3_ext_rx.Init.PeriphInc = DMA_PINC_DISABLE;
 217:Core/Src/stm32f4xx_hal_msp.c ****     hdma_i2s3_ext_rx.Init.MemInc = DMA_MINC_ENABLE;
 218:Core/Src/stm32f4xx_hal_msp.c ****     hdma_i2s3_ext_rx.Init.PeriphDataAlignment = DMA_PDATAALIGN_WORD;
 219:Core/Src/stm32f4xx_hal_msp.c ****     hdma_i2s3_ext_rx.Init.MemDataAlignment = DMA_MDATAALIGN_WORD;
 220:Core/Src/stm32f4xx_hal_msp.c ****     hdma_i2s3_ext_rx.Init.Mode = DMA_CIRCULAR;
 221:Core/Src/stm32f4xx_hal_msp.c ****     hdma_i2s3_ext_rx.Init.Priority = DMA_PRIORITY_VERY_HIGH;
 222:Core/Src/stm32f4xx_hal_msp.c ****     hdma_i2s3_ext_rx.Init.FIFOMode = DMA_FIFOMODE_DISABLE;
 223:Core/Src/stm32f4xx_hal_msp.c ****     if (HAL_DMA_Init(&hdma_i2s3_ext_rx) != HAL_OK)
 224:Core/Src/stm32f4xx_hal_msp.c ****     {
 225:Core/Src/stm32f4xx_hal_msp.c ****       Error_Handler();
 226:Core/Src/stm32f4xx_hal_msp.c ****     }
 227:Core/Src/stm32f4xx_hal_msp.c **** 
 228:Core/Src/stm32f4xx_hal_msp.c ****     __HAL_LINKDMA(hi2s,hdmarx,hdma_i2s3_ext_rx);
 229:Core/Src/stm32f4xx_hal_msp.c **** 
 230:Core/Src/stm32f4xx_hal_msp.c ****     /* SPI3_TX Init */
 231:Core/Src/stm32f4xx_hal_msp.c ****     hdma_spi3_tx.Instance = DMA1_Stream5;
 232:Core/Src/stm32f4xx_hal_msp.c ****     hdma_spi3_tx.Init.Channel = DMA_CHANNEL_0;
 233:Core/Src/stm32f4xx_hal_msp.c ****     hdma_spi3_tx.Init.Direction = DMA_MEMORY_TO_PERIPH;
 234:Core/Src/stm32f4xx_hal_msp.c ****     hdma_spi3_tx.Init.PeriphInc = DMA_PINC_DISABLE;
 235:Core/Src/stm32f4xx_hal_msp.c ****     hdma_spi3_tx.Init.MemInc = DMA_MINC_ENABLE;
 236:Core/Src/stm32f4xx_hal_msp.c ****     hdma_spi3_tx.Init.PeriphDataAlignment = DMA_PDATAALIGN_WORD;
 237:Core/Src/stm32f4xx_hal_msp.c ****     hdma_spi3_tx.Init.MemDataAlignment = DMA_MDATAALIGN_WORD;
 238:Core/Src/stm32f4xx_hal_msp.c ****     hdma_spi3_tx.Init.Mode = DMA_CIRCULAR;
ARM GAS  C:\Users\leejo\AppData\Local\Temp\ccFLdTgj.s 			page 11


 239:Core/Src/stm32f4xx_hal_msp.c ****     hdma_spi3_tx.Init.Priority = DMA_PRIORITY_VERY_HIGH;
 240:Core/Src/stm32f4xx_hal_msp.c ****     hdma_spi3_tx.Init.FIFOMode = DMA_FIFOMODE_DISABLE;
 241:Core/Src/stm32f4xx_hal_msp.c ****     if (HAL_DMA_Init(&hdma_spi3_tx) != HAL_OK)
 242:Core/Src/stm32f4xx_hal_msp.c ****     {
 243:Core/Src/stm32f4xx_hal_msp.c ****       Error_Handler();
 244:Core/Src/stm32f4xx_hal_msp.c ****     }
 245:Core/Src/stm32f4xx_hal_msp.c **** 
 246:Core/Src/stm32f4xx_hal_msp.c ****     __HAL_LINKDMA(hi2s,hdmatx,hdma_spi3_tx);
 247:Core/Src/stm32f4xx_hal_msp.c **** 
 248:Core/Src/stm32f4xx_hal_msp.c ****     /* USER CODE BEGIN SPI3_MspInit 1 */
 249:Core/Src/stm32f4xx_hal_msp.c **** 
 250:Core/Src/stm32f4xx_hal_msp.c ****     /* USER CODE END SPI3_MspInit 1 */
 251:Core/Src/stm32f4xx_hal_msp.c **** 
 252:Core/Src/stm32f4xx_hal_msp.c ****   }
 253:Core/Src/stm32f4xx_hal_msp.c **** 
 254:Core/Src/stm32f4xx_hal_msp.c **** }
 313              		.loc 1 254 1 view .LVU67
 314 0020 0DB0     		add	sp, sp, #52
 315              		.cfi_remember_state
 316              		.cfi_def_cfa_offset 20
 317              		@ sp needed
 318 0022 F0BD     		pop	{r4, r5, r6, r7, pc}
 319              	.LVL14:
 320              	.L23:
 321              		.cfi_restore_state
 322              		.loc 1 254 1 view .LVU68
 323 0024 0446     		mov	r4, r0
 170:Core/Src/stm32f4xx_hal_msp.c ****     PeriphClkInitStruct.PLLI2S.PLLI2SN = 192;
 324              		.loc 1 170 5 is_stmt 1 view .LVU69
 170:Core/Src/stm32f4xx_hal_msp.c ****     PeriphClkInitStruct.PLLI2S.PLLI2SN = 192;
 325              		.loc 1 170 46 is_stmt 0 view .LVU70
 326 0026 0123     		movs	r3, #1
 327 0028 0393     		str	r3, [sp, #12]
 171:Core/Src/stm32f4xx_hal_msp.c ****     PeriphClkInitStruct.PLLI2S.PLLI2SR = 2;
 328              		.loc 1 171 5 is_stmt 1 view .LVU71
 171:Core/Src/stm32f4xx_hal_msp.c ****     PeriphClkInitStruct.PLLI2S.PLLI2SR = 2;
 329              		.loc 1 171 40 is_stmt 0 view .LVU72
 330 002a C023     		movs	r3, #192
 331 002c 0493     		str	r3, [sp, #16]
 172:Core/Src/stm32f4xx_hal_msp.c ****     if (HAL_RCCEx_PeriphCLKConfig(&PeriphClkInitStruct) != HAL_OK)
 332              		.loc 1 172 5 is_stmt 1 view .LVU73
 172:Core/Src/stm32f4xx_hal_msp.c ****     if (HAL_RCCEx_PeriphCLKConfig(&PeriphClkInitStruct) != HAL_OK)
 333              		.loc 1 172 40 is_stmt 0 view .LVU74
 334 002e 0223     		movs	r3, #2
 335 0030 0593     		str	r3, [sp, #20]
 173:Core/Src/stm32f4xx_hal_msp.c ****     {
 336              		.loc 1 173 5 is_stmt 1 view .LVU75
 173:Core/Src/stm32f4xx_hal_msp.c ****     {
 337              		.loc 1 173 9 is_stmt 0 view .LVU76
 338 0032 03A8     		add	r0, sp, #12
 339              	.LVL15:
 173:Core/Src/stm32f4xx_hal_msp.c ****     {
 340              		.loc 1 173 9 view .LVU77
 341 0034 FFF7FEFF 		bl	HAL_RCCEx_PeriphCLKConfig
 342              	.LVL16:
 173:Core/Src/stm32f4xx_hal_msp.c ****     {
 343              		.loc 1 173 8 discriminator 1 view .LVU78
ARM GAS  C:\Users\leejo\AppData\Local\Temp\ccFLdTgj.s 			page 12


 344 0038 0028     		cmp	r0, #0
 345 003a 7FD1     		bne	.L24
 346              	.L19:
 179:Core/Src/stm32f4xx_hal_msp.c **** 
 347              		.loc 1 179 5 is_stmt 1 view .LVU79
 348              	.LBB6:
 179:Core/Src/stm32f4xx_hal_msp.c **** 
 349              		.loc 1 179 5 view .LVU80
 350 003c 0025     		movs	r5, #0
 351 003e 0095     		str	r5, [sp]
 179:Core/Src/stm32f4xx_hal_msp.c **** 
 352              		.loc 1 179 5 view .LVU81
 353 0040 444B     		ldr	r3, .L27+4
 354 0042 1A6C     		ldr	r2, [r3, #64]
 355 0044 42F40042 		orr	r2, r2, #32768
 356 0048 1A64     		str	r2, [r3, #64]
 179:Core/Src/stm32f4xx_hal_msp.c **** 
 357              		.loc 1 179 5 view .LVU82
 358 004a 1A6C     		ldr	r2, [r3, #64]
 359 004c 02F40042 		and	r2, r2, #32768
 360 0050 0092     		str	r2, [sp]
 179:Core/Src/stm32f4xx_hal_msp.c **** 
 361              		.loc 1 179 5 view .LVU83
 362 0052 009A     		ldr	r2, [sp]
 363              	.LBE6:
 179:Core/Src/stm32f4xx_hal_msp.c **** 
 364              		.loc 1 179 5 view .LVU84
 181:Core/Src/stm32f4xx_hal_msp.c ****     __HAL_RCC_GPIOC_CLK_ENABLE();
 365              		.loc 1 181 5 view .LVU85
 366              	.LBB7:
 181:Core/Src/stm32f4xx_hal_msp.c ****     __HAL_RCC_GPIOC_CLK_ENABLE();
 367              		.loc 1 181 5 view .LVU86
 368 0054 0195     		str	r5, [sp, #4]
 181:Core/Src/stm32f4xx_hal_msp.c ****     __HAL_RCC_GPIOC_CLK_ENABLE();
 369              		.loc 1 181 5 view .LVU87
 370 0056 1A6B     		ldr	r2, [r3, #48]
 371 0058 42F00102 		orr	r2, r2, #1
 372 005c 1A63     		str	r2, [r3, #48]
 181:Core/Src/stm32f4xx_hal_msp.c ****     __HAL_RCC_GPIOC_CLK_ENABLE();
 373              		.loc 1 181 5 view .LVU88
 374 005e 1A6B     		ldr	r2, [r3, #48]
 375 0060 02F00102 		and	r2, r2, #1
 376 0064 0192     		str	r2, [sp, #4]
 181:Core/Src/stm32f4xx_hal_msp.c ****     __HAL_RCC_GPIOC_CLK_ENABLE();
 377              		.loc 1 181 5 view .LVU89
 378 0066 019A     		ldr	r2, [sp, #4]
 379              	.LBE7:
 181:Core/Src/stm32f4xx_hal_msp.c ****     __HAL_RCC_GPIOC_CLK_ENABLE();
 380              		.loc 1 181 5 view .LVU90
 182:Core/Src/stm32f4xx_hal_msp.c ****     /**I2S3 GPIO Configuration
 381              		.loc 1 182 5 view .LVU91
 382              	.LBB8:
 182:Core/Src/stm32f4xx_hal_msp.c ****     /**I2S3 GPIO Configuration
 383              		.loc 1 182 5 view .LVU92
 384 0068 0295     		str	r5, [sp, #8]
 182:Core/Src/stm32f4xx_hal_msp.c ****     /**I2S3 GPIO Configuration
 385              		.loc 1 182 5 view .LVU93
ARM GAS  C:\Users\leejo\AppData\Local\Temp\ccFLdTgj.s 			page 13


 386 006a 1A6B     		ldr	r2, [r3, #48]
 387 006c 42F00402 		orr	r2, r2, #4
 388 0070 1A63     		str	r2, [r3, #48]
 182:Core/Src/stm32f4xx_hal_msp.c ****     /**I2S3 GPIO Configuration
 389              		.loc 1 182 5 view .LVU94
 390 0072 1B6B     		ldr	r3, [r3, #48]
 391 0074 03F00403 		and	r3, r3, #4
 392 0078 0293     		str	r3, [sp, #8]
 182:Core/Src/stm32f4xx_hal_msp.c ****     /**I2S3 GPIO Configuration
 393              		.loc 1 182 5 view .LVU95
 394 007a 029B     		ldr	r3, [sp, #8]
 395              	.LBE8:
 182:Core/Src/stm32f4xx_hal_msp.c ****     /**I2S3 GPIO Configuration
 396              		.loc 1 182 5 view .LVU96
 190:Core/Src/stm32f4xx_hal_msp.c ****     GPIO_InitStruct.Mode = GPIO_MODE_AF_PP;
 397              		.loc 1 190 5 view .LVU97
 190:Core/Src/stm32f4xx_hal_msp.c ****     GPIO_InitStruct.Mode = GPIO_MODE_AF_PP;
 398              		.loc 1 190 25 is_stmt 0 view .LVU98
 399 007c 1023     		movs	r3, #16
 400 007e 0793     		str	r3, [sp, #28]
 191:Core/Src/stm32f4xx_hal_msp.c ****     GPIO_InitStruct.Pull = GPIO_NOPULL;
 401              		.loc 1 191 5 is_stmt 1 view .LVU99
 191:Core/Src/stm32f4xx_hal_msp.c ****     GPIO_InitStruct.Pull = GPIO_NOPULL;
 402              		.loc 1 191 26 is_stmt 0 view .LVU100
 403 0080 0226     		movs	r6, #2
 404 0082 0896     		str	r6, [sp, #32]
 192:Core/Src/stm32f4xx_hal_msp.c ****     GPIO_InitStruct.Speed = GPIO_SPEED_FREQ_LOW;
 405              		.loc 1 192 5 is_stmt 1 view .LVU101
 192:Core/Src/stm32f4xx_hal_msp.c ****     GPIO_InitStruct.Speed = GPIO_SPEED_FREQ_LOW;
 406              		.loc 1 192 26 is_stmt 0 view .LVU102
 407 0084 0995     		str	r5, [sp, #36]
 193:Core/Src/stm32f4xx_hal_msp.c ****     GPIO_InitStruct.Alternate = GPIO_AF6_SPI3;
 408              		.loc 1 193 5 is_stmt 1 view .LVU103
 193:Core/Src/stm32f4xx_hal_msp.c ****     GPIO_InitStruct.Alternate = GPIO_AF6_SPI3;
 409              		.loc 1 193 27 is_stmt 0 view .LVU104
 410 0086 0A95     		str	r5, [sp, #40]
 194:Core/Src/stm32f4xx_hal_msp.c ****     HAL_GPIO_Init(I2S3_WS_GPIO_Port, &GPIO_InitStruct);
 411              		.loc 1 194 5 is_stmt 1 view .LVU105
 194:Core/Src/stm32f4xx_hal_msp.c ****     HAL_GPIO_Init(I2S3_WS_GPIO_Port, &GPIO_InitStruct);
 412              		.loc 1 194 31 is_stmt 0 view .LVU106
 413 0088 0627     		movs	r7, #6
 414 008a 0B97     		str	r7, [sp, #44]
 195:Core/Src/stm32f4xx_hal_msp.c **** 
 415              		.loc 1 195 5 is_stmt 1 view .LVU107
 416 008c 07A9     		add	r1, sp, #28
 417 008e 3248     		ldr	r0, .L27+8
 418 0090 FFF7FEFF 		bl	HAL_GPIO_Init
 419              	.LVL17:
 197:Core/Src/stm32f4xx_hal_msp.c ****     GPIO_InitStruct.Mode = GPIO_MODE_AF_PP;
 420              		.loc 1 197 5 view .LVU108
 197:Core/Src/stm32f4xx_hal_msp.c ****     GPIO_InitStruct.Mode = GPIO_MODE_AF_PP;
 421              		.loc 1 197 25 is_stmt 0 view .LVU109
 422 0094 4FF4A453 		mov	r3, #5248
 423 0098 0793     		str	r3, [sp, #28]
 198:Core/Src/stm32f4xx_hal_msp.c ****     GPIO_InitStruct.Pull = GPIO_NOPULL;
 424              		.loc 1 198 5 is_stmt 1 view .LVU110
 198:Core/Src/stm32f4xx_hal_msp.c ****     GPIO_InitStruct.Pull = GPIO_NOPULL;
ARM GAS  C:\Users\leejo\AppData\Local\Temp\ccFLdTgj.s 			page 14


 425              		.loc 1 198 26 is_stmt 0 view .LVU111
 426 009a 0896     		str	r6, [sp, #32]
 199:Core/Src/stm32f4xx_hal_msp.c ****     GPIO_InitStruct.Speed = GPIO_SPEED_FREQ_LOW;
 427              		.loc 1 199 5 is_stmt 1 view .LVU112
 199:Core/Src/stm32f4xx_hal_msp.c ****     GPIO_InitStruct.Speed = GPIO_SPEED_FREQ_LOW;
 428              		.loc 1 199 26 is_stmt 0 view .LVU113
 429 009c 0995     		str	r5, [sp, #36]
 200:Core/Src/stm32f4xx_hal_msp.c ****     GPIO_InitStruct.Alternate = GPIO_AF6_SPI3;
 430              		.loc 1 200 5 is_stmt 1 view .LVU114
 200:Core/Src/stm32f4xx_hal_msp.c ****     GPIO_InitStruct.Alternate = GPIO_AF6_SPI3;
 431              		.loc 1 200 27 is_stmt 0 view .LVU115
 432 009e 0A95     		str	r5, [sp, #40]
 201:Core/Src/stm32f4xx_hal_msp.c ****     HAL_GPIO_Init(GPIOC, &GPIO_InitStruct);
 433              		.loc 1 201 5 is_stmt 1 view .LVU116
 201:Core/Src/stm32f4xx_hal_msp.c ****     HAL_GPIO_Init(GPIOC, &GPIO_InitStruct);
 434              		.loc 1 201 31 is_stmt 0 view .LVU117
 435 00a0 0B97     		str	r7, [sp, #44]
 202:Core/Src/stm32f4xx_hal_msp.c **** 
 436              		.loc 1 202 5 is_stmt 1 view .LVU118
 437 00a2 07A9     		add	r1, sp, #28
 438 00a4 2D48     		ldr	r0, .L27+12
 439 00a6 FFF7FEFF 		bl	HAL_GPIO_Init
 440              	.LVL18:
 204:Core/Src/stm32f4xx_hal_msp.c ****     GPIO_InitStruct.Mode = GPIO_MODE_AF_PP;
 441              		.loc 1 204 5 view .LVU119
 204:Core/Src/stm32f4xx_hal_msp.c ****     GPIO_InitStruct.Mode = GPIO_MODE_AF_PP;
 442              		.loc 1 204 25 is_stmt 0 view .LVU120
 443 00aa 4FF40063 		mov	r3, #2048
 444 00ae 0793     		str	r3, [sp, #28]
 205:Core/Src/stm32f4xx_hal_msp.c ****     GPIO_InitStruct.Pull = GPIO_NOPULL;
 445              		.loc 1 205 5 is_stmt 1 view .LVU121
 205:Core/Src/stm32f4xx_hal_msp.c ****     GPIO_InitStruct.Pull = GPIO_NOPULL;
 446              		.loc 1 205 26 is_stmt 0 view .LVU122
 447 00b0 0896     		str	r6, [sp, #32]
 206:Core/Src/stm32f4xx_hal_msp.c ****     GPIO_InitStruct.Speed = GPIO_SPEED_FREQ_LOW;
 448              		.loc 1 206 5 is_stmt 1 view .LVU123
 206:Core/Src/stm32f4xx_hal_msp.c ****     GPIO_InitStruct.Speed = GPIO_SPEED_FREQ_LOW;
 449              		.loc 1 206 26 is_stmt 0 view .LVU124
 450 00b2 0995     		str	r5, [sp, #36]
 207:Core/Src/stm32f4xx_hal_msp.c ****     GPIO_InitStruct.Alternate = GPIO_AF5_I2S3ext;
 451              		.loc 1 207 5 is_stmt 1 view .LVU125
 207:Core/Src/stm32f4xx_hal_msp.c ****     GPIO_InitStruct.Alternate = GPIO_AF5_I2S3ext;
 452              		.loc 1 207 27 is_stmt 0 view .LVU126
 453 00b4 0A95     		str	r5, [sp, #40]
 208:Core/Src/stm32f4xx_hal_msp.c ****     HAL_GPIO_Init(I2S_SD_GPIO_Port, &GPIO_InitStruct);
 454              		.loc 1 208 5 is_stmt 1 view .LVU127
 208:Core/Src/stm32f4xx_hal_msp.c ****     HAL_GPIO_Init(I2S_SD_GPIO_Port, &GPIO_InitStruct);
 455              		.loc 1 208 31 is_stmt 0 view .LVU128
 456 00b6 0523     		movs	r3, #5
 457 00b8 0B93     		str	r3, [sp, #44]
 209:Core/Src/stm32f4xx_hal_msp.c **** 
 458              		.loc 1 209 5 is_stmt 1 view .LVU129
 459 00ba 07A9     		add	r1, sp, #28
 460 00bc 2748     		ldr	r0, .L27+12
 461 00be FFF7FEFF 		bl	HAL_GPIO_Init
 462              	.LVL19:
 213:Core/Src/stm32f4xx_hal_msp.c ****     hdma_i2s3_ext_rx.Init.Channel = DMA_CHANNEL_3;
ARM GAS  C:\Users\leejo\AppData\Local\Temp\ccFLdTgj.s 			page 15


 463              		.loc 1 213 5 view .LVU130
 213:Core/Src/stm32f4xx_hal_msp.c ****     hdma_i2s3_ext_rx.Init.Channel = DMA_CHANNEL_3;
 464              		.loc 1 213 31 is_stmt 0 view .LVU131
 465 00c2 2748     		ldr	r0, .L27+16
 466 00c4 274B     		ldr	r3, .L27+20
 467 00c6 0360     		str	r3, [r0]
 214:Core/Src/stm32f4xx_hal_msp.c ****     hdma_i2s3_ext_rx.Init.Direction = DMA_PERIPH_TO_MEMORY;
 468              		.loc 1 214 5 is_stmt 1 view .LVU132
 214:Core/Src/stm32f4xx_hal_msp.c ****     hdma_i2s3_ext_rx.Init.Direction = DMA_PERIPH_TO_MEMORY;
 469              		.loc 1 214 35 is_stmt 0 view .LVU133
 470 00c8 4FF0C063 		mov	r3, #100663296
 471 00cc 4360     		str	r3, [r0, #4]
 215:Core/Src/stm32f4xx_hal_msp.c ****     hdma_i2s3_ext_rx.Init.PeriphInc = DMA_PINC_DISABLE;
 472              		.loc 1 215 5 is_stmt 1 view .LVU134
 215:Core/Src/stm32f4xx_hal_msp.c ****     hdma_i2s3_ext_rx.Init.PeriphInc = DMA_PINC_DISABLE;
 473              		.loc 1 215 37 is_stmt 0 view .LVU135
 474 00ce 8560     		str	r5, [r0, #8]
 216:Core/Src/stm32f4xx_hal_msp.c ****     hdma_i2s3_ext_rx.Init.MemInc = DMA_MINC_ENABLE;
 475              		.loc 1 216 5 is_stmt 1 view .LVU136
 216:Core/Src/stm32f4xx_hal_msp.c ****     hdma_i2s3_ext_rx.Init.MemInc = DMA_MINC_ENABLE;
 476              		.loc 1 216 37 is_stmt 0 view .LVU137
 477 00d0 C560     		str	r5, [r0, #12]
 217:Core/Src/stm32f4xx_hal_msp.c ****     hdma_i2s3_ext_rx.Init.PeriphDataAlignment = DMA_PDATAALIGN_WORD;
 478              		.loc 1 217 5 is_stmt 1 view .LVU138
 217:Core/Src/stm32f4xx_hal_msp.c ****     hdma_i2s3_ext_rx.Init.PeriphDataAlignment = DMA_PDATAALIGN_WORD;
 479              		.loc 1 217 34 is_stmt 0 view .LVU139
 480 00d2 4FF48063 		mov	r3, #1024
 481 00d6 0361     		str	r3, [r0, #16]
 218:Core/Src/stm32f4xx_hal_msp.c ****     hdma_i2s3_ext_rx.Init.MemDataAlignment = DMA_MDATAALIGN_WORD;
 482              		.loc 1 218 5 is_stmt 1 view .LVU140
 218:Core/Src/stm32f4xx_hal_msp.c ****     hdma_i2s3_ext_rx.Init.MemDataAlignment = DMA_MDATAALIGN_WORD;
 483              		.loc 1 218 47 is_stmt 0 view .LVU141
 484 00d8 4FF48053 		mov	r3, #4096
 485 00dc 4361     		str	r3, [r0, #20]
 219:Core/Src/stm32f4xx_hal_msp.c ****     hdma_i2s3_ext_rx.Init.Mode = DMA_CIRCULAR;
 486              		.loc 1 219 5 is_stmt 1 view .LVU142
 219:Core/Src/stm32f4xx_hal_msp.c ****     hdma_i2s3_ext_rx.Init.Mode = DMA_CIRCULAR;
 487              		.loc 1 219 44 is_stmt 0 view .LVU143
 488 00de 4FF48043 		mov	r3, #16384
 489 00e2 8361     		str	r3, [r0, #24]
 220:Core/Src/stm32f4xx_hal_msp.c ****     hdma_i2s3_ext_rx.Init.Priority = DMA_PRIORITY_VERY_HIGH;
 490              		.loc 1 220 5 is_stmt 1 view .LVU144
 220:Core/Src/stm32f4xx_hal_msp.c ****     hdma_i2s3_ext_rx.Init.Priority = DMA_PRIORITY_VERY_HIGH;
 491              		.loc 1 220 32 is_stmt 0 view .LVU145
 492 00e4 4FF48073 		mov	r3, #256
 493 00e8 C361     		str	r3, [r0, #28]
 221:Core/Src/stm32f4xx_hal_msp.c ****     hdma_i2s3_ext_rx.Init.FIFOMode = DMA_FIFOMODE_DISABLE;
 494              		.loc 1 221 5 is_stmt 1 view .LVU146
 221:Core/Src/stm32f4xx_hal_msp.c ****     hdma_i2s3_ext_rx.Init.FIFOMode = DMA_FIFOMODE_DISABLE;
 495              		.loc 1 221 36 is_stmt 0 view .LVU147
 496 00ea 4FF44033 		mov	r3, #196608
 497 00ee 0362     		str	r3, [r0, #32]
 222:Core/Src/stm32f4xx_hal_msp.c ****     if (HAL_DMA_Init(&hdma_i2s3_ext_rx) != HAL_OK)
 498              		.loc 1 222 5 is_stmt 1 view .LVU148
 222:Core/Src/stm32f4xx_hal_msp.c ****     if (HAL_DMA_Init(&hdma_i2s3_ext_rx) != HAL_OK)
 499              		.loc 1 222 36 is_stmt 0 view .LVU149
 500 00f0 4562     		str	r5, [r0, #36]
ARM GAS  C:\Users\leejo\AppData\Local\Temp\ccFLdTgj.s 			page 16


 223:Core/Src/stm32f4xx_hal_msp.c ****     {
 501              		.loc 1 223 5 is_stmt 1 view .LVU150
 223:Core/Src/stm32f4xx_hal_msp.c ****     {
 502              		.loc 1 223 9 is_stmt 0 view .LVU151
 503 00f2 FFF7FEFF 		bl	HAL_DMA_Init
 504              	.LVL20:
 223:Core/Src/stm32f4xx_hal_msp.c ****     {
 505              		.loc 1 223 8 discriminator 1 view .LVU152
 506 00f6 20BB     		cbnz	r0, .L25
 507              	.L20:
 228:Core/Src/stm32f4xx_hal_msp.c **** 
 508              		.loc 1 228 5 is_stmt 1 view .LVU153
 228:Core/Src/stm32f4xx_hal_msp.c **** 
 509              		.loc 1 228 5 view .LVU154
 510 00f8 194B     		ldr	r3, .L27+16
 511 00fa E363     		str	r3, [r4, #60]
 228:Core/Src/stm32f4xx_hal_msp.c **** 
 512              		.loc 1 228 5 view .LVU155
 513 00fc 9C63     		str	r4, [r3, #56]
 228:Core/Src/stm32f4xx_hal_msp.c **** 
 514              		.loc 1 228 5 view .LVU156
 231:Core/Src/stm32f4xx_hal_msp.c ****     hdma_spi3_tx.Init.Channel = DMA_CHANNEL_0;
 515              		.loc 1 231 5 view .LVU157
 231:Core/Src/stm32f4xx_hal_msp.c ****     hdma_spi3_tx.Init.Channel = DMA_CHANNEL_0;
 516              		.loc 1 231 27 is_stmt 0 view .LVU158
 517 00fe 1A48     		ldr	r0, .L27+24
 518 0100 1A4B     		ldr	r3, .L27+28
 519 0102 0360     		str	r3, [r0]
 232:Core/Src/stm32f4xx_hal_msp.c ****     hdma_spi3_tx.Init.Direction = DMA_MEMORY_TO_PERIPH;
 520              		.loc 1 232 5 is_stmt 1 view .LVU159
 232:Core/Src/stm32f4xx_hal_msp.c ****     hdma_spi3_tx.Init.Direction = DMA_MEMORY_TO_PERIPH;
 521              		.loc 1 232 31 is_stmt 0 view .LVU160
 522 0104 0023     		movs	r3, #0
 523 0106 4360     		str	r3, [r0, #4]
 233:Core/Src/stm32f4xx_hal_msp.c ****     hdma_spi3_tx.Init.PeriphInc = DMA_PINC_DISABLE;
 524              		.loc 1 233 5 is_stmt 1 view .LVU161
 233:Core/Src/stm32f4xx_hal_msp.c ****     hdma_spi3_tx.Init.PeriphInc = DMA_PINC_DISABLE;
 525              		.loc 1 233 33 is_stmt 0 view .LVU162
 526 0108 4022     		movs	r2, #64
 527 010a 8260     		str	r2, [r0, #8]
 234:Core/Src/stm32f4xx_hal_msp.c ****     hdma_spi3_tx.Init.MemInc = DMA_MINC_ENABLE;
 528              		.loc 1 234 5 is_stmt 1 view .LVU163
 234:Core/Src/stm32f4xx_hal_msp.c ****     hdma_spi3_tx.Init.MemInc = DMA_MINC_ENABLE;
 529              		.loc 1 234 33 is_stmt 0 view .LVU164
 530 010c C360     		str	r3, [r0, #12]
 235:Core/Src/stm32f4xx_hal_msp.c ****     hdma_spi3_tx.Init.PeriphDataAlignment = DMA_PDATAALIGN_WORD;
 531              		.loc 1 235 5 is_stmt 1 view .LVU165
 235:Core/Src/stm32f4xx_hal_msp.c ****     hdma_spi3_tx.Init.PeriphDataAlignment = DMA_PDATAALIGN_WORD;
 532              		.loc 1 235 30 is_stmt 0 view .LVU166
 533 010e 4FF48062 		mov	r2, #1024
 534 0112 0261     		str	r2, [r0, #16]
 236:Core/Src/stm32f4xx_hal_msp.c ****     hdma_spi3_tx.Init.MemDataAlignment = DMA_MDATAALIGN_WORD;
 535              		.loc 1 236 5 is_stmt 1 view .LVU167
 236:Core/Src/stm32f4xx_hal_msp.c ****     hdma_spi3_tx.Init.MemDataAlignment = DMA_MDATAALIGN_WORD;
 536              		.loc 1 236 43 is_stmt 0 view .LVU168
 537 0114 4FF48052 		mov	r2, #4096
 538 0118 4261     		str	r2, [r0, #20]
ARM GAS  C:\Users\leejo\AppData\Local\Temp\ccFLdTgj.s 			page 17


 237:Core/Src/stm32f4xx_hal_msp.c ****     hdma_spi3_tx.Init.Mode = DMA_CIRCULAR;
 539              		.loc 1 237 5 is_stmt 1 view .LVU169
 237:Core/Src/stm32f4xx_hal_msp.c ****     hdma_spi3_tx.Init.Mode = DMA_CIRCULAR;
 540              		.loc 1 237 40 is_stmt 0 view .LVU170
 541 011a 4FF48042 		mov	r2, #16384
 542 011e 8261     		str	r2, [r0, #24]
 238:Core/Src/stm32f4xx_hal_msp.c ****     hdma_spi3_tx.Init.Priority = DMA_PRIORITY_VERY_HIGH;
 543              		.loc 1 238 5 is_stmt 1 view .LVU171
 238:Core/Src/stm32f4xx_hal_msp.c ****     hdma_spi3_tx.Init.Priority = DMA_PRIORITY_VERY_HIGH;
 544              		.loc 1 238 28 is_stmt 0 view .LVU172
 545 0120 4FF48072 		mov	r2, #256
 546 0124 C261     		str	r2, [r0, #28]
 239:Core/Src/stm32f4xx_hal_msp.c ****     hdma_spi3_tx.Init.FIFOMode = DMA_FIFOMODE_DISABLE;
 547              		.loc 1 239 5 is_stmt 1 view .LVU173
 239:Core/Src/stm32f4xx_hal_msp.c ****     hdma_spi3_tx.Init.FIFOMode = DMA_FIFOMODE_DISABLE;
 548              		.loc 1 239 32 is_stmt 0 view .LVU174
 549 0126 4FF44032 		mov	r2, #196608
 550 012a 0262     		str	r2, [r0, #32]
 240:Core/Src/stm32f4xx_hal_msp.c ****     if (HAL_DMA_Init(&hdma_spi3_tx) != HAL_OK)
 551              		.loc 1 240 5 is_stmt 1 view .LVU175
 240:Core/Src/stm32f4xx_hal_msp.c ****     if (HAL_DMA_Init(&hdma_spi3_tx) != HAL_OK)
 552              		.loc 1 240 32 is_stmt 0 view .LVU176
 553 012c 4362     		str	r3, [r0, #36]
 241:Core/Src/stm32f4xx_hal_msp.c ****     {
 554              		.loc 1 241 5 is_stmt 1 view .LVU177
 241:Core/Src/stm32f4xx_hal_msp.c ****     {
 555              		.loc 1 241 9 is_stmt 0 view .LVU178
 556 012e FFF7FEFF 		bl	HAL_DMA_Init
 557              	.LVL21:
 241:Core/Src/stm32f4xx_hal_msp.c ****     {
 558              		.loc 1 241 8 discriminator 1 view .LVU179
 559 0132 48B9     		cbnz	r0, .L26
 560              	.L21:
 246:Core/Src/stm32f4xx_hal_msp.c **** 
 561              		.loc 1 246 5 is_stmt 1 view .LVU180
 246:Core/Src/stm32f4xx_hal_msp.c **** 
 562              		.loc 1 246 5 view .LVU181
 563 0134 0C4B     		ldr	r3, .L27+24
 564 0136 A363     		str	r3, [r4, #56]
 246:Core/Src/stm32f4xx_hal_msp.c **** 
 565              		.loc 1 246 5 view .LVU182
 566 0138 9C63     		str	r4, [r3, #56]
 246:Core/Src/stm32f4xx_hal_msp.c **** 
 567              		.loc 1 246 5 view .LVU183
 568              		.loc 1 254 1 is_stmt 0 view .LVU184
 569 013a 71E7     		b	.L17
 570              	.L24:
 175:Core/Src/stm32f4xx_hal_msp.c ****     }
 571              		.loc 1 175 7 is_stmt 1 view .LVU185
 572 013c FFF7FEFF 		bl	Error_Handler
 573              	.LVL22:
 574 0140 7CE7     		b	.L19
 575              	.L25:
 225:Core/Src/stm32f4xx_hal_msp.c ****     }
 576              		.loc 1 225 7 view .LVU186
 577 0142 FFF7FEFF 		bl	Error_Handler
 578              	.LVL23:
ARM GAS  C:\Users\leejo\AppData\Local\Temp\ccFLdTgj.s 			page 18


 579 0146 D7E7     		b	.L20
 580              	.L26:
 243:Core/Src/stm32f4xx_hal_msp.c ****     }
 581              		.loc 1 243 7 view .LVU187
 582 0148 FFF7FEFF 		bl	Error_Handler
 583              	.LVL24:
 584 014c F2E7     		b	.L21
 585              	.L28:
 586 014e 00BF     		.align	2
 587              	.L27:
 588 0150 003C0040 		.word	1073757184
 589 0154 00380240 		.word	1073887232
 590 0158 00000240 		.word	1073872896
 591 015c 00080240 		.word	1073874944
 592 0160 00000000 		.word	hdma_i2s3_ext_rx
 593 0164 10600240 		.word	1073897488
 594 0168 00000000 		.word	hdma_spi3_tx
 595 016c 88600240 		.word	1073897608
 596              		.cfi_endproc
 597              	.LFE137:
 599              		.section	.text.HAL_I2S_MspDeInit,"ax",%progbits
 600              		.align	1
 601              		.global	HAL_I2S_MspDeInit
 602              		.syntax unified
 603              		.thumb
 604              		.thumb_func
 606              	HAL_I2S_MspDeInit:
 607              	.LVL25:
 608              	.LFB138:
 255:Core/Src/stm32f4xx_hal_msp.c **** 
 256:Core/Src/stm32f4xx_hal_msp.c **** /**
 257:Core/Src/stm32f4xx_hal_msp.c ****   * @brief I2S MSP De-Initialization
 258:Core/Src/stm32f4xx_hal_msp.c ****   * This function freeze the hardware resources used in this example
 259:Core/Src/stm32f4xx_hal_msp.c ****   * @param hi2s: I2S handle pointer
 260:Core/Src/stm32f4xx_hal_msp.c ****   * @retval None
 261:Core/Src/stm32f4xx_hal_msp.c ****   */
 262:Core/Src/stm32f4xx_hal_msp.c **** void HAL_I2S_MspDeInit(I2S_HandleTypeDef* hi2s)
 263:Core/Src/stm32f4xx_hal_msp.c **** {
 609              		.loc 1 263 1 view -0
 610              		.cfi_startproc
 611              		@ args = 0, pretend = 0, frame = 0
 612              		@ frame_needed = 0, uses_anonymous_args = 0
 264:Core/Src/stm32f4xx_hal_msp.c ****   if(hi2s->Instance==SPI3)
 613              		.loc 1 264 3 view .LVU189
 614              		.loc 1 264 10 is_stmt 0 view .LVU190
 615 0000 0268     		ldr	r2, [r0]
 616              		.loc 1 264 5 view .LVU191
 617 0002 0D4B     		ldr	r3, .L36
 618 0004 9A42     		cmp	r2, r3
 619 0006 00D0     		beq	.L35
 620 0008 7047     		bx	lr
 621              	.L35:
 263:Core/Src/stm32f4xx_hal_msp.c ****   if(hi2s->Instance==SPI3)
 622              		.loc 1 263 1 view .LVU192
 623 000a 10B5     		push	{r4, lr}
 624              		.cfi_def_cfa_offset 8
 625              		.cfi_offset 4, -8
ARM GAS  C:\Users\leejo\AppData\Local\Temp\ccFLdTgj.s 			page 19


 626              		.cfi_offset 14, -4
 627 000c 0446     		mov	r4, r0
 265:Core/Src/stm32f4xx_hal_msp.c ****   {
 266:Core/Src/stm32f4xx_hal_msp.c ****     /* USER CODE BEGIN SPI3_MspDeInit 0 */
 267:Core/Src/stm32f4xx_hal_msp.c **** 
 268:Core/Src/stm32f4xx_hal_msp.c ****     /* USER CODE END SPI3_MspDeInit 0 */
 269:Core/Src/stm32f4xx_hal_msp.c ****     /* Peripheral clock disable */
 270:Core/Src/stm32f4xx_hal_msp.c ****     __HAL_RCC_SPI3_CLK_DISABLE();
 628              		.loc 1 270 5 is_stmt 1 view .LVU193
 629 000e 0B4A     		ldr	r2, .L36+4
 630 0010 136C     		ldr	r3, [r2, #64]
 631 0012 23F40043 		bic	r3, r3, #32768
 632 0016 1364     		str	r3, [r2, #64]
 271:Core/Src/stm32f4xx_hal_msp.c **** 
 272:Core/Src/stm32f4xx_hal_msp.c ****     /**I2S3 GPIO Configuration
 273:Core/Src/stm32f4xx_hal_msp.c ****     PA4     ------> I2S3_WS
 274:Core/Src/stm32f4xx_hal_msp.c ****     PC7     ------> I2S3_MCK
 275:Core/Src/stm32f4xx_hal_msp.c ****     PC10     ------> I2S3_CK
 276:Core/Src/stm32f4xx_hal_msp.c ****     PC11     ------> I2S3_ext_SD
 277:Core/Src/stm32f4xx_hal_msp.c ****     PC12     ------> I2S3_SD
 278:Core/Src/stm32f4xx_hal_msp.c ****     */
 279:Core/Src/stm32f4xx_hal_msp.c ****     HAL_GPIO_DeInit(I2S3_WS_GPIO_Port, I2S3_WS_Pin);
 633              		.loc 1 279 5 view .LVU194
 634 0018 1021     		movs	r1, #16
 635 001a 0948     		ldr	r0, .L36+8
 636              	.LVL26:
 637              		.loc 1 279 5 is_stmt 0 view .LVU195
 638 001c FFF7FEFF 		bl	HAL_GPIO_DeInit
 639              	.LVL27:
 280:Core/Src/stm32f4xx_hal_msp.c **** 
 281:Core/Src/stm32f4xx_hal_msp.c ****     HAL_GPIO_DeInit(GPIOC, I2S3_MCK_Pin|I2S3_SCK_Pin|I2S_SD_Pin|I2S_Pin);
 640              		.loc 1 281 5 is_stmt 1 view .LVU196
 641 0020 4FF4E451 		mov	r1, #7296
 642 0024 0748     		ldr	r0, .L36+12
 643 0026 FFF7FEFF 		bl	HAL_GPIO_DeInit
 644              	.LVL28:
 282:Core/Src/stm32f4xx_hal_msp.c **** 
 283:Core/Src/stm32f4xx_hal_msp.c ****     /* I2S3 DMA DeInit */
 284:Core/Src/stm32f4xx_hal_msp.c ****     HAL_DMA_DeInit(hi2s->hdmarx);
 645              		.loc 1 284 5 view .LVU197
 646 002a E06B     		ldr	r0, [r4, #60]
 647 002c FFF7FEFF 		bl	HAL_DMA_DeInit
 648              	.LVL29:
 285:Core/Src/stm32f4xx_hal_msp.c ****     HAL_DMA_DeInit(hi2s->hdmatx);
 649              		.loc 1 285 5 view .LVU198
 650 0030 A06B     		ldr	r0, [r4, #56]
 651 0032 FFF7FEFF 		bl	HAL_DMA_DeInit
 652              	.LVL30:
 286:Core/Src/stm32f4xx_hal_msp.c ****     /* USER CODE BEGIN SPI3_MspDeInit 1 */
 287:Core/Src/stm32f4xx_hal_msp.c **** 
 288:Core/Src/stm32f4xx_hal_msp.c ****     /* USER CODE END SPI3_MspDeInit 1 */
 289:Core/Src/stm32f4xx_hal_msp.c ****   }
 290:Core/Src/stm32f4xx_hal_msp.c **** 
 291:Core/Src/stm32f4xx_hal_msp.c **** }
 653              		.loc 1 291 1 is_stmt 0 view .LVU199
 654 0036 10BD     		pop	{r4, pc}
 655              	.LVL31:
ARM GAS  C:\Users\leejo\AppData\Local\Temp\ccFLdTgj.s 			page 20


 656              	.L37:
 657              		.loc 1 291 1 view .LVU200
 658              		.align	2
 659              	.L36:
 660 0038 003C0040 		.word	1073757184
 661 003c 00380240 		.word	1073887232
 662 0040 00000240 		.word	1073872896
 663 0044 00080240 		.word	1073874944
 664              		.cfi_endproc
 665              	.LFE138:
 667              		.section	.text.HAL_SPI_MspInit,"ax",%progbits
 668              		.align	1
 669              		.global	HAL_SPI_MspInit
 670              		.syntax unified
 671              		.thumb
 672              		.thumb_func
 674              	HAL_SPI_MspInit:
 675              	.LVL32:
 676              	.LFB139:
 292:Core/Src/stm32f4xx_hal_msp.c **** 
 293:Core/Src/stm32f4xx_hal_msp.c **** /**
 294:Core/Src/stm32f4xx_hal_msp.c ****   * @brief SPI MSP Initialization
 295:Core/Src/stm32f4xx_hal_msp.c ****   * This function configures the hardware resources used in this example
 296:Core/Src/stm32f4xx_hal_msp.c ****   * @param hspi: SPI handle pointer
 297:Core/Src/stm32f4xx_hal_msp.c ****   * @retval None
 298:Core/Src/stm32f4xx_hal_msp.c ****   */
 299:Core/Src/stm32f4xx_hal_msp.c **** void HAL_SPI_MspInit(SPI_HandleTypeDef* hspi)
 300:Core/Src/stm32f4xx_hal_msp.c **** {
 677              		.loc 1 300 1 is_stmt 1 view -0
 678              		.cfi_startproc
 679              		@ args = 0, pretend = 0, frame = 40
 680              		@ frame_needed = 0, uses_anonymous_args = 0
 681              		.loc 1 300 1 is_stmt 0 view .LVU202
 682 0000 F0B5     		push	{r4, r5, r6, r7, lr}
 683              		.cfi_def_cfa_offset 20
 684              		.cfi_offset 4, -20
 685              		.cfi_offset 5, -16
 686              		.cfi_offset 6, -12
 687              		.cfi_offset 7, -8
 688              		.cfi_offset 14, -4
 689 0002 8BB0     		sub	sp, sp, #44
 690              		.cfi_def_cfa_offset 64
 301:Core/Src/stm32f4xx_hal_msp.c ****   GPIO_InitTypeDef GPIO_InitStruct = {0};
 691              		.loc 1 301 3 is_stmt 1 view .LVU203
 692              		.loc 1 301 20 is_stmt 0 view .LVU204
 693 0004 0023     		movs	r3, #0
 694 0006 0593     		str	r3, [sp, #20]
 695 0008 0693     		str	r3, [sp, #24]
 696 000a 0793     		str	r3, [sp, #28]
 697 000c 0893     		str	r3, [sp, #32]
 698 000e 0993     		str	r3, [sp, #36]
 302:Core/Src/stm32f4xx_hal_msp.c ****   if(hspi->Instance==SPI1)
 699              		.loc 1 302 3 is_stmt 1 view .LVU205
 700              		.loc 1 302 10 is_stmt 0 view .LVU206
 701 0010 0368     		ldr	r3, [r0]
 702              		.loc 1 302 5 view .LVU207
 703 0012 344A     		ldr	r2, .L44
ARM GAS  C:\Users\leejo\AppData\Local\Temp\ccFLdTgj.s 			page 21


 704 0014 9342     		cmp	r3, r2
 705 0016 04D0     		beq	.L42
 303:Core/Src/stm32f4xx_hal_msp.c ****   {
 304:Core/Src/stm32f4xx_hal_msp.c ****     /* USER CODE BEGIN SPI1_MspInit 0 */
 305:Core/Src/stm32f4xx_hal_msp.c **** 
 306:Core/Src/stm32f4xx_hal_msp.c ****     /* USER CODE END SPI1_MspInit 0 */
 307:Core/Src/stm32f4xx_hal_msp.c ****     /* Peripheral clock enable */
 308:Core/Src/stm32f4xx_hal_msp.c ****     __HAL_RCC_SPI1_CLK_ENABLE();
 309:Core/Src/stm32f4xx_hal_msp.c **** 
 310:Core/Src/stm32f4xx_hal_msp.c ****     __HAL_RCC_GPIOA_CLK_ENABLE();
 311:Core/Src/stm32f4xx_hal_msp.c ****     /**SPI1 GPIO Configuration
 312:Core/Src/stm32f4xx_hal_msp.c ****     PA5     ------> SPI1_SCK
 313:Core/Src/stm32f4xx_hal_msp.c ****     PA6     ------> SPI1_MISO
 314:Core/Src/stm32f4xx_hal_msp.c ****     PA7     ------> SPI1_MOSI
 315:Core/Src/stm32f4xx_hal_msp.c ****     */
 316:Core/Src/stm32f4xx_hal_msp.c ****     GPIO_InitStruct.Pin = SPI1_SCK_Pin|SPI1_MISO_Pin|SPI1_MOSI_Pin;
 317:Core/Src/stm32f4xx_hal_msp.c ****     GPIO_InitStruct.Mode = GPIO_MODE_AF_PP;
 318:Core/Src/stm32f4xx_hal_msp.c ****     GPIO_InitStruct.Pull = GPIO_NOPULL;
 319:Core/Src/stm32f4xx_hal_msp.c ****     GPIO_InitStruct.Speed = GPIO_SPEED_FREQ_LOW;
 320:Core/Src/stm32f4xx_hal_msp.c ****     GPIO_InitStruct.Alternate = GPIO_AF5_SPI1;
 321:Core/Src/stm32f4xx_hal_msp.c ****     HAL_GPIO_Init(GPIOA, &GPIO_InitStruct);
 322:Core/Src/stm32f4xx_hal_msp.c **** 
 323:Core/Src/stm32f4xx_hal_msp.c ****     /* USER CODE BEGIN SPI1_MspInit 1 */
 324:Core/Src/stm32f4xx_hal_msp.c **** 
 325:Core/Src/stm32f4xx_hal_msp.c ****     /* USER CODE END SPI1_MspInit 1 */
 326:Core/Src/stm32f4xx_hal_msp.c ****   }
 327:Core/Src/stm32f4xx_hal_msp.c ****   else if(hspi->Instance==SPI2)
 706              		.loc 1 327 8 is_stmt 1 view .LVU208
 707              		.loc 1 327 10 is_stmt 0 view .LVU209
 708 0018 334A     		ldr	r2, .L44+4
 709 001a 9342     		cmp	r3, r2
 710 001c 22D0     		beq	.L43
 711              	.LVL33:
 712              	.L38:
 328:Core/Src/stm32f4xx_hal_msp.c ****   {
 329:Core/Src/stm32f4xx_hal_msp.c ****     /* USER CODE BEGIN SPI2_MspInit 0 */
 330:Core/Src/stm32f4xx_hal_msp.c **** 
 331:Core/Src/stm32f4xx_hal_msp.c ****     /* USER CODE END SPI2_MspInit 0 */
 332:Core/Src/stm32f4xx_hal_msp.c ****     /* Peripheral clock enable */
 333:Core/Src/stm32f4xx_hal_msp.c ****     __HAL_RCC_SPI2_CLK_ENABLE();
 334:Core/Src/stm32f4xx_hal_msp.c **** 
 335:Core/Src/stm32f4xx_hal_msp.c ****     __HAL_RCC_GPIOC_CLK_ENABLE();
 336:Core/Src/stm32f4xx_hal_msp.c ****     __HAL_RCC_GPIOB_CLK_ENABLE();
 337:Core/Src/stm32f4xx_hal_msp.c ****     /**SPI2 GPIO Configuration
 338:Core/Src/stm32f4xx_hal_msp.c ****     PC2     ------> SPI2_MISO
 339:Core/Src/stm32f4xx_hal_msp.c ****     PB12     ------> SPI2_NSS
 340:Core/Src/stm32f4xx_hal_msp.c ****     PB13     ------> SPI2_SCK
 341:Core/Src/stm32f4xx_hal_msp.c ****     PB15     ------> SPI2_MOSI
 342:Core/Src/stm32f4xx_hal_msp.c ****     */
 343:Core/Src/stm32f4xx_hal_msp.c ****     GPIO_InitStruct.Pin = GPIO_PIN_2;
 344:Core/Src/stm32f4xx_hal_msp.c ****     GPIO_InitStruct.Mode = GPIO_MODE_AF_PP;
 345:Core/Src/stm32f4xx_hal_msp.c ****     GPIO_InitStruct.Pull = GPIO_NOPULL;
 346:Core/Src/stm32f4xx_hal_msp.c ****     GPIO_InitStruct.Speed = GPIO_SPEED_FREQ_VERY_HIGH;
 347:Core/Src/stm32f4xx_hal_msp.c ****     GPIO_InitStruct.Alternate = GPIO_AF5_SPI2;
 348:Core/Src/stm32f4xx_hal_msp.c ****     HAL_GPIO_Init(GPIOC, &GPIO_InitStruct);
 349:Core/Src/stm32f4xx_hal_msp.c **** 
 350:Core/Src/stm32f4xx_hal_msp.c ****     GPIO_InitStruct.Pin = GPIO_PIN_12|GPIO_PIN_13|GPIO_PIN_15;
ARM GAS  C:\Users\leejo\AppData\Local\Temp\ccFLdTgj.s 			page 22


 351:Core/Src/stm32f4xx_hal_msp.c ****     GPIO_InitStruct.Mode = GPIO_MODE_AF_PP;
 352:Core/Src/stm32f4xx_hal_msp.c ****     GPIO_InitStruct.Pull = GPIO_NOPULL;
 353:Core/Src/stm32f4xx_hal_msp.c ****     GPIO_InitStruct.Speed = GPIO_SPEED_FREQ_VERY_HIGH;
 354:Core/Src/stm32f4xx_hal_msp.c ****     GPIO_InitStruct.Alternate = GPIO_AF5_SPI2;
 355:Core/Src/stm32f4xx_hal_msp.c ****     HAL_GPIO_Init(GPIOB, &GPIO_InitStruct);
 356:Core/Src/stm32f4xx_hal_msp.c **** 
 357:Core/Src/stm32f4xx_hal_msp.c ****     /* SPI2 interrupt Init */
 358:Core/Src/stm32f4xx_hal_msp.c ****     HAL_NVIC_SetPriority(SPI2_IRQn, 5, 0);
 359:Core/Src/stm32f4xx_hal_msp.c ****     HAL_NVIC_EnableIRQ(SPI2_IRQn);
 360:Core/Src/stm32f4xx_hal_msp.c ****     /* USER CODE BEGIN SPI2_MspInit 1 */
 361:Core/Src/stm32f4xx_hal_msp.c **** 
 362:Core/Src/stm32f4xx_hal_msp.c ****     /* USER CODE END SPI2_MspInit 1 */
 363:Core/Src/stm32f4xx_hal_msp.c ****   }
 364:Core/Src/stm32f4xx_hal_msp.c **** 
 365:Core/Src/stm32f4xx_hal_msp.c **** }
 713              		.loc 1 365 1 view .LVU210
 714 001e 0BB0     		add	sp, sp, #44
 715              		.cfi_remember_state
 716              		.cfi_def_cfa_offset 20
 717              		@ sp needed
 718 0020 F0BD     		pop	{r4, r5, r6, r7, pc}
 719              	.LVL34:
 720              	.L42:
 721              		.cfi_restore_state
 308:Core/Src/stm32f4xx_hal_msp.c **** 
 722              		.loc 1 308 5 is_stmt 1 view .LVU211
 723              	.LBB9:
 308:Core/Src/stm32f4xx_hal_msp.c **** 
 724              		.loc 1 308 5 view .LVU212
 725 0022 0021     		movs	r1, #0
 726 0024 0091     		str	r1, [sp]
 308:Core/Src/stm32f4xx_hal_msp.c **** 
 727              		.loc 1 308 5 view .LVU213
 728 0026 314B     		ldr	r3, .L44+8
 729 0028 5A6C     		ldr	r2, [r3, #68]
 730 002a 42F48052 		orr	r2, r2, #4096
 731 002e 5A64     		str	r2, [r3, #68]
 308:Core/Src/stm32f4xx_hal_msp.c **** 
 732              		.loc 1 308 5 view .LVU214
 733 0030 5A6C     		ldr	r2, [r3, #68]
 734 0032 02F48052 		and	r2, r2, #4096
 735 0036 0092     		str	r2, [sp]
 308:Core/Src/stm32f4xx_hal_msp.c **** 
 736              		.loc 1 308 5 view .LVU215
 737 0038 009A     		ldr	r2, [sp]
 738              	.LBE9:
 308:Core/Src/stm32f4xx_hal_msp.c **** 
 739              		.loc 1 308 5 view .LVU216
 310:Core/Src/stm32f4xx_hal_msp.c ****     /**SPI1 GPIO Configuration
 740              		.loc 1 310 5 view .LVU217
 741              	.LBB10:
 310:Core/Src/stm32f4xx_hal_msp.c ****     /**SPI1 GPIO Configuration
 742              		.loc 1 310 5 view .LVU218
 743 003a 0191     		str	r1, [sp, #4]
 310:Core/Src/stm32f4xx_hal_msp.c ****     /**SPI1 GPIO Configuration
 744              		.loc 1 310 5 view .LVU219
 745 003c 1A6B     		ldr	r2, [r3, #48]
ARM GAS  C:\Users\leejo\AppData\Local\Temp\ccFLdTgj.s 			page 23


 746 003e 42F00102 		orr	r2, r2, #1
 747 0042 1A63     		str	r2, [r3, #48]
 310:Core/Src/stm32f4xx_hal_msp.c ****     /**SPI1 GPIO Configuration
 748              		.loc 1 310 5 view .LVU220
 749 0044 1B6B     		ldr	r3, [r3, #48]
 750 0046 03F00103 		and	r3, r3, #1
 751 004a 0193     		str	r3, [sp, #4]
 310:Core/Src/stm32f4xx_hal_msp.c ****     /**SPI1 GPIO Configuration
 752              		.loc 1 310 5 view .LVU221
 753 004c 019B     		ldr	r3, [sp, #4]
 754              	.LBE10:
 310:Core/Src/stm32f4xx_hal_msp.c ****     /**SPI1 GPIO Configuration
 755              		.loc 1 310 5 view .LVU222
 316:Core/Src/stm32f4xx_hal_msp.c ****     GPIO_InitStruct.Mode = GPIO_MODE_AF_PP;
 756              		.loc 1 316 5 view .LVU223
 316:Core/Src/stm32f4xx_hal_msp.c ****     GPIO_InitStruct.Mode = GPIO_MODE_AF_PP;
 757              		.loc 1 316 25 is_stmt 0 view .LVU224
 758 004e E023     		movs	r3, #224
 759 0050 0593     		str	r3, [sp, #20]
 317:Core/Src/stm32f4xx_hal_msp.c ****     GPIO_InitStruct.Pull = GPIO_NOPULL;
 760              		.loc 1 317 5 is_stmt 1 view .LVU225
 317:Core/Src/stm32f4xx_hal_msp.c ****     GPIO_InitStruct.Pull = GPIO_NOPULL;
 761              		.loc 1 317 26 is_stmt 0 view .LVU226
 762 0052 0223     		movs	r3, #2
 763 0054 0693     		str	r3, [sp, #24]
 318:Core/Src/stm32f4xx_hal_msp.c ****     GPIO_InitStruct.Speed = GPIO_SPEED_FREQ_LOW;
 764              		.loc 1 318 5 is_stmt 1 view .LVU227
 319:Core/Src/stm32f4xx_hal_msp.c ****     GPIO_InitStruct.Alternate = GPIO_AF5_SPI1;
 765              		.loc 1 319 5 view .LVU228
 320:Core/Src/stm32f4xx_hal_msp.c ****     HAL_GPIO_Init(GPIOA, &GPIO_InitStruct);
 766              		.loc 1 320 5 view .LVU229
 320:Core/Src/stm32f4xx_hal_msp.c ****     HAL_GPIO_Init(GPIOA, &GPIO_InitStruct);
 767              		.loc 1 320 31 is_stmt 0 view .LVU230
 768 0056 0523     		movs	r3, #5
 769 0058 0993     		str	r3, [sp, #36]
 321:Core/Src/stm32f4xx_hal_msp.c **** 
 770              		.loc 1 321 5 is_stmt 1 view .LVU231
 771 005a 05A9     		add	r1, sp, #20
 772 005c 2448     		ldr	r0, .L44+12
 773              	.LVL35:
 321:Core/Src/stm32f4xx_hal_msp.c **** 
 774              		.loc 1 321 5 is_stmt 0 view .LVU232
 775 005e FFF7FEFF 		bl	HAL_GPIO_Init
 776              	.LVL36:
 777 0062 DCE7     		b	.L38
 778              	.LVL37:
 779              	.L43:
 333:Core/Src/stm32f4xx_hal_msp.c **** 
 780              		.loc 1 333 5 is_stmt 1 view .LVU233
 781              	.LBB11:
 333:Core/Src/stm32f4xx_hal_msp.c **** 
 782              		.loc 1 333 5 view .LVU234
 783 0064 0024     		movs	r4, #0
 784 0066 0294     		str	r4, [sp, #8]
 333:Core/Src/stm32f4xx_hal_msp.c **** 
 785              		.loc 1 333 5 view .LVU235
 786 0068 204B     		ldr	r3, .L44+8
ARM GAS  C:\Users\leejo\AppData\Local\Temp\ccFLdTgj.s 			page 24


 787 006a 1A6C     		ldr	r2, [r3, #64]
 788 006c 42F48042 		orr	r2, r2, #16384
 789 0070 1A64     		str	r2, [r3, #64]
 333:Core/Src/stm32f4xx_hal_msp.c **** 
 790              		.loc 1 333 5 view .LVU236
 791 0072 1A6C     		ldr	r2, [r3, #64]
 792 0074 02F48042 		and	r2, r2, #16384
 793 0078 0292     		str	r2, [sp, #8]
 333:Core/Src/stm32f4xx_hal_msp.c **** 
 794              		.loc 1 333 5 view .LVU237
 795 007a 029A     		ldr	r2, [sp, #8]
 796              	.LBE11:
 333:Core/Src/stm32f4xx_hal_msp.c **** 
 797              		.loc 1 333 5 view .LVU238
 335:Core/Src/stm32f4xx_hal_msp.c ****     __HAL_RCC_GPIOB_CLK_ENABLE();
 798              		.loc 1 335 5 view .LVU239
 799              	.LBB12:
 335:Core/Src/stm32f4xx_hal_msp.c ****     __HAL_RCC_GPIOB_CLK_ENABLE();
 800              		.loc 1 335 5 view .LVU240
 801 007c 0394     		str	r4, [sp, #12]
 335:Core/Src/stm32f4xx_hal_msp.c ****     __HAL_RCC_GPIOB_CLK_ENABLE();
 802              		.loc 1 335 5 view .LVU241
 803 007e 1A6B     		ldr	r2, [r3, #48]
 804 0080 42F00402 		orr	r2, r2, #4
 805 0084 1A63     		str	r2, [r3, #48]
 335:Core/Src/stm32f4xx_hal_msp.c ****     __HAL_RCC_GPIOB_CLK_ENABLE();
 806              		.loc 1 335 5 view .LVU242
 807 0086 1A6B     		ldr	r2, [r3, #48]
 808 0088 02F00402 		and	r2, r2, #4
 809 008c 0392     		str	r2, [sp, #12]
 335:Core/Src/stm32f4xx_hal_msp.c ****     __HAL_RCC_GPIOB_CLK_ENABLE();
 810              		.loc 1 335 5 view .LVU243
 811 008e 039A     		ldr	r2, [sp, #12]
 812              	.LBE12:
 335:Core/Src/stm32f4xx_hal_msp.c ****     __HAL_RCC_GPIOB_CLK_ENABLE();
 813              		.loc 1 335 5 view .LVU244
 336:Core/Src/stm32f4xx_hal_msp.c ****     /**SPI2 GPIO Configuration
 814              		.loc 1 336 5 view .LVU245
 815              	.LBB13:
 336:Core/Src/stm32f4xx_hal_msp.c ****     /**SPI2 GPIO Configuration
 816              		.loc 1 336 5 view .LVU246
 817 0090 0494     		str	r4, [sp, #16]
 336:Core/Src/stm32f4xx_hal_msp.c ****     /**SPI2 GPIO Configuration
 818              		.loc 1 336 5 view .LVU247
 819 0092 1A6B     		ldr	r2, [r3, #48]
 820 0094 42F00202 		orr	r2, r2, #2
 821 0098 1A63     		str	r2, [r3, #48]
 336:Core/Src/stm32f4xx_hal_msp.c ****     /**SPI2 GPIO Configuration
 822              		.loc 1 336 5 view .LVU248
 823 009a 1B6B     		ldr	r3, [r3, #48]
 824 009c 03F00203 		and	r3, r3, #2
 825 00a0 0493     		str	r3, [sp, #16]
 336:Core/Src/stm32f4xx_hal_msp.c ****     /**SPI2 GPIO Configuration
 826              		.loc 1 336 5 view .LVU249
 827 00a2 049B     		ldr	r3, [sp, #16]
 828              	.LBE13:
 336:Core/Src/stm32f4xx_hal_msp.c ****     /**SPI2 GPIO Configuration
ARM GAS  C:\Users\leejo\AppData\Local\Temp\ccFLdTgj.s 			page 25


 829              		.loc 1 336 5 view .LVU250
 343:Core/Src/stm32f4xx_hal_msp.c ****     GPIO_InitStruct.Mode = GPIO_MODE_AF_PP;
 830              		.loc 1 343 5 view .LVU251
 343:Core/Src/stm32f4xx_hal_msp.c ****     GPIO_InitStruct.Mode = GPIO_MODE_AF_PP;
 831              		.loc 1 343 25 is_stmt 0 view .LVU252
 832 00a4 0423     		movs	r3, #4
 833 00a6 0593     		str	r3, [sp, #20]
 344:Core/Src/stm32f4xx_hal_msp.c ****     GPIO_InitStruct.Pull = GPIO_NOPULL;
 834              		.loc 1 344 5 is_stmt 1 view .LVU253
 344:Core/Src/stm32f4xx_hal_msp.c ****     GPIO_InitStruct.Pull = GPIO_NOPULL;
 835              		.loc 1 344 26 is_stmt 0 view .LVU254
 836 00a8 0225     		movs	r5, #2
 837 00aa 0695     		str	r5, [sp, #24]
 345:Core/Src/stm32f4xx_hal_msp.c ****     GPIO_InitStruct.Speed = GPIO_SPEED_FREQ_VERY_HIGH;
 838              		.loc 1 345 5 is_stmt 1 view .LVU255
 346:Core/Src/stm32f4xx_hal_msp.c ****     GPIO_InitStruct.Alternate = GPIO_AF5_SPI2;
 839              		.loc 1 346 5 view .LVU256
 346:Core/Src/stm32f4xx_hal_msp.c ****     GPIO_InitStruct.Alternate = GPIO_AF5_SPI2;
 840              		.loc 1 346 27 is_stmt 0 view .LVU257
 841 00ac 0326     		movs	r6, #3
 842 00ae 0896     		str	r6, [sp, #32]
 347:Core/Src/stm32f4xx_hal_msp.c ****     HAL_GPIO_Init(GPIOC, &GPIO_InitStruct);
 843              		.loc 1 347 5 is_stmt 1 view .LVU258
 347:Core/Src/stm32f4xx_hal_msp.c ****     HAL_GPIO_Init(GPIOC, &GPIO_InitStruct);
 844              		.loc 1 347 31 is_stmt 0 view .LVU259
 845 00b0 0527     		movs	r7, #5
 846 00b2 0997     		str	r7, [sp, #36]
 348:Core/Src/stm32f4xx_hal_msp.c **** 
 847              		.loc 1 348 5 is_stmt 1 view .LVU260
 848 00b4 05A9     		add	r1, sp, #20
 849 00b6 0F48     		ldr	r0, .L44+16
 850              	.LVL38:
 348:Core/Src/stm32f4xx_hal_msp.c **** 
 851              		.loc 1 348 5 is_stmt 0 view .LVU261
 852 00b8 FFF7FEFF 		bl	HAL_GPIO_Init
 853              	.LVL39:
 350:Core/Src/stm32f4xx_hal_msp.c ****     GPIO_InitStruct.Mode = GPIO_MODE_AF_PP;
 854              		.loc 1 350 5 is_stmt 1 view .LVU262
 350:Core/Src/stm32f4xx_hal_msp.c ****     GPIO_InitStruct.Mode = GPIO_MODE_AF_PP;
 855              		.loc 1 350 25 is_stmt 0 view .LVU263
 856 00bc 4FF43043 		mov	r3, #45056
 857 00c0 0593     		str	r3, [sp, #20]
 351:Core/Src/stm32f4xx_hal_msp.c ****     GPIO_InitStruct.Pull = GPIO_NOPULL;
 858              		.loc 1 351 5 is_stmt 1 view .LVU264
 351:Core/Src/stm32f4xx_hal_msp.c ****     GPIO_InitStruct.Pull = GPIO_NOPULL;
 859              		.loc 1 351 26 is_stmt 0 view .LVU265
 860 00c2 0695     		str	r5, [sp, #24]
 352:Core/Src/stm32f4xx_hal_msp.c ****     GPIO_InitStruct.Speed = GPIO_SPEED_FREQ_VERY_HIGH;
 861              		.loc 1 352 5 is_stmt 1 view .LVU266
 352:Core/Src/stm32f4xx_hal_msp.c ****     GPIO_InitStruct.Speed = GPIO_SPEED_FREQ_VERY_HIGH;
 862              		.loc 1 352 26 is_stmt 0 view .LVU267
 863 00c4 0794     		str	r4, [sp, #28]
 353:Core/Src/stm32f4xx_hal_msp.c ****     GPIO_InitStruct.Alternate = GPIO_AF5_SPI2;
 864              		.loc 1 353 5 is_stmt 1 view .LVU268
 353:Core/Src/stm32f4xx_hal_msp.c ****     GPIO_InitStruct.Alternate = GPIO_AF5_SPI2;
 865              		.loc 1 353 27 is_stmt 0 view .LVU269
 866 00c6 0896     		str	r6, [sp, #32]
ARM GAS  C:\Users\leejo\AppData\Local\Temp\ccFLdTgj.s 			page 26


 354:Core/Src/stm32f4xx_hal_msp.c ****     HAL_GPIO_Init(GPIOB, &GPIO_InitStruct);
 867              		.loc 1 354 5 is_stmt 1 view .LVU270
 354:Core/Src/stm32f4xx_hal_msp.c ****     HAL_GPIO_Init(GPIOB, &GPIO_InitStruct);
 868              		.loc 1 354 31 is_stmt 0 view .LVU271
 869 00c8 0997     		str	r7, [sp, #36]
 355:Core/Src/stm32f4xx_hal_msp.c **** 
 870              		.loc 1 355 5 is_stmt 1 view .LVU272
 871 00ca 05A9     		add	r1, sp, #20
 872 00cc 0A48     		ldr	r0, .L44+20
 873 00ce FFF7FEFF 		bl	HAL_GPIO_Init
 874              	.LVL40:
 358:Core/Src/stm32f4xx_hal_msp.c ****     HAL_NVIC_EnableIRQ(SPI2_IRQn);
 875              		.loc 1 358 5 view .LVU273
 876 00d2 2246     		mov	r2, r4
 877 00d4 3946     		mov	r1, r7
 878 00d6 2420     		movs	r0, #36
 879 00d8 FFF7FEFF 		bl	HAL_NVIC_SetPriority
 880              	.LVL41:
 359:Core/Src/stm32f4xx_hal_msp.c ****     /* USER CODE BEGIN SPI2_MspInit 1 */
 881              		.loc 1 359 5 view .LVU274
 882 00dc 2420     		movs	r0, #36
 883 00de FFF7FEFF 		bl	HAL_NVIC_EnableIRQ
 884              	.LVL42:
 885              		.loc 1 365 1 is_stmt 0 view .LVU275
 886 00e2 9CE7     		b	.L38
 887              	.L45:
 888              		.align	2
 889              	.L44:
 890 00e4 00300140 		.word	1073819648
 891 00e8 00380040 		.word	1073756160
 892 00ec 00380240 		.word	1073887232
 893 00f0 00000240 		.word	1073872896
 894 00f4 00080240 		.word	1073874944
 895 00f8 00040240 		.word	1073873920
 896              		.cfi_endproc
 897              	.LFE139:
 899              		.section	.text.HAL_SPI_MspDeInit,"ax",%progbits
 900              		.align	1
 901              		.global	HAL_SPI_MspDeInit
 902              		.syntax unified
 903              		.thumb
 904              		.thumb_func
 906              	HAL_SPI_MspDeInit:
 907              	.LVL43:
 908              	.LFB140:
 366:Core/Src/stm32f4xx_hal_msp.c **** 
 367:Core/Src/stm32f4xx_hal_msp.c **** /**
 368:Core/Src/stm32f4xx_hal_msp.c ****   * @brief SPI MSP De-Initialization
 369:Core/Src/stm32f4xx_hal_msp.c ****   * This function freeze the hardware resources used in this example
 370:Core/Src/stm32f4xx_hal_msp.c ****   * @param hspi: SPI handle pointer
 371:Core/Src/stm32f4xx_hal_msp.c ****   * @retval None
 372:Core/Src/stm32f4xx_hal_msp.c ****   */
 373:Core/Src/stm32f4xx_hal_msp.c **** void HAL_SPI_MspDeInit(SPI_HandleTypeDef* hspi)
 374:Core/Src/stm32f4xx_hal_msp.c **** {
 909              		.loc 1 374 1 is_stmt 1 view -0
 910              		.cfi_startproc
 911              		@ args = 0, pretend = 0, frame = 0
ARM GAS  C:\Users\leejo\AppData\Local\Temp\ccFLdTgj.s 			page 27


 912              		@ frame_needed = 0, uses_anonymous_args = 0
 913              		.loc 1 374 1 is_stmt 0 view .LVU277
 914 0000 08B5     		push	{r3, lr}
 915              		.cfi_def_cfa_offset 8
 916              		.cfi_offset 3, -8
 917              		.cfi_offset 14, -4
 375:Core/Src/stm32f4xx_hal_msp.c ****   if(hspi->Instance==SPI1)
 918              		.loc 1 375 3 is_stmt 1 view .LVU278
 919              		.loc 1 375 10 is_stmt 0 view .LVU279
 920 0002 0368     		ldr	r3, [r0]
 921              		.loc 1 375 5 view .LVU280
 922 0004 124A     		ldr	r2, .L52
 923 0006 9342     		cmp	r3, r2
 924 0008 03D0     		beq	.L50
 376:Core/Src/stm32f4xx_hal_msp.c ****   {
 377:Core/Src/stm32f4xx_hal_msp.c ****     /* USER CODE BEGIN SPI1_MspDeInit 0 */
 378:Core/Src/stm32f4xx_hal_msp.c **** 
 379:Core/Src/stm32f4xx_hal_msp.c ****     /* USER CODE END SPI1_MspDeInit 0 */
 380:Core/Src/stm32f4xx_hal_msp.c ****     /* Peripheral clock disable */
 381:Core/Src/stm32f4xx_hal_msp.c ****     __HAL_RCC_SPI1_CLK_DISABLE();
 382:Core/Src/stm32f4xx_hal_msp.c **** 
 383:Core/Src/stm32f4xx_hal_msp.c ****     /**SPI1 GPIO Configuration
 384:Core/Src/stm32f4xx_hal_msp.c ****     PA5     ------> SPI1_SCK
 385:Core/Src/stm32f4xx_hal_msp.c ****     PA6     ------> SPI1_MISO
 386:Core/Src/stm32f4xx_hal_msp.c ****     PA7     ------> SPI1_MOSI
 387:Core/Src/stm32f4xx_hal_msp.c ****     */
 388:Core/Src/stm32f4xx_hal_msp.c ****     HAL_GPIO_DeInit(GPIOA, SPI1_SCK_Pin|SPI1_MISO_Pin|SPI1_MOSI_Pin);
 389:Core/Src/stm32f4xx_hal_msp.c **** 
 390:Core/Src/stm32f4xx_hal_msp.c ****     /* USER CODE BEGIN SPI1_MspDeInit 1 */
 391:Core/Src/stm32f4xx_hal_msp.c **** 
 392:Core/Src/stm32f4xx_hal_msp.c ****     /* USER CODE END SPI1_MspDeInit 1 */
 393:Core/Src/stm32f4xx_hal_msp.c ****   }
 394:Core/Src/stm32f4xx_hal_msp.c ****   else if(hspi->Instance==SPI2)
 925              		.loc 1 394 8 is_stmt 1 view .LVU281
 926              		.loc 1 394 10 is_stmt 0 view .LVU282
 927 000a 124A     		ldr	r2, .L52+4
 928 000c 9342     		cmp	r3, r2
 929 000e 0BD0     		beq	.L51
 930              	.LVL44:
 931              	.L46:
 395:Core/Src/stm32f4xx_hal_msp.c ****   {
 396:Core/Src/stm32f4xx_hal_msp.c ****     /* USER CODE BEGIN SPI2_MspDeInit 0 */
 397:Core/Src/stm32f4xx_hal_msp.c **** 
 398:Core/Src/stm32f4xx_hal_msp.c ****     /* USER CODE END SPI2_MspDeInit 0 */
 399:Core/Src/stm32f4xx_hal_msp.c ****     /* Peripheral clock disable */
 400:Core/Src/stm32f4xx_hal_msp.c ****     __HAL_RCC_SPI2_CLK_DISABLE();
 401:Core/Src/stm32f4xx_hal_msp.c **** 
 402:Core/Src/stm32f4xx_hal_msp.c ****     /**SPI2 GPIO Configuration
 403:Core/Src/stm32f4xx_hal_msp.c ****     PC2     ------> SPI2_MISO
 404:Core/Src/stm32f4xx_hal_msp.c ****     PB12     ------> SPI2_NSS
 405:Core/Src/stm32f4xx_hal_msp.c ****     PB13     ------> SPI2_SCK
 406:Core/Src/stm32f4xx_hal_msp.c ****     PB15     ------> SPI2_MOSI
 407:Core/Src/stm32f4xx_hal_msp.c ****     */
 408:Core/Src/stm32f4xx_hal_msp.c ****     HAL_GPIO_DeInit(GPIOC, GPIO_PIN_2);
 409:Core/Src/stm32f4xx_hal_msp.c **** 
 410:Core/Src/stm32f4xx_hal_msp.c ****     HAL_GPIO_DeInit(GPIOB, GPIO_PIN_12|GPIO_PIN_13|GPIO_PIN_15);
 411:Core/Src/stm32f4xx_hal_msp.c **** 
ARM GAS  C:\Users\leejo\AppData\Local\Temp\ccFLdTgj.s 			page 28


 412:Core/Src/stm32f4xx_hal_msp.c ****     /* SPI2 interrupt DeInit */
 413:Core/Src/stm32f4xx_hal_msp.c ****     HAL_NVIC_DisableIRQ(SPI2_IRQn);
 414:Core/Src/stm32f4xx_hal_msp.c ****     /* USER CODE BEGIN SPI2_MspDeInit 1 */
 415:Core/Src/stm32f4xx_hal_msp.c **** 
 416:Core/Src/stm32f4xx_hal_msp.c ****     /* USER CODE END SPI2_MspDeInit 1 */
 417:Core/Src/stm32f4xx_hal_msp.c ****   }
 418:Core/Src/stm32f4xx_hal_msp.c **** 
 419:Core/Src/stm32f4xx_hal_msp.c **** }
 932              		.loc 1 419 1 view .LVU283
 933 0010 08BD     		pop	{r3, pc}
 934              	.LVL45:
 935              	.L50:
 381:Core/Src/stm32f4xx_hal_msp.c **** 
 936              		.loc 1 381 5 is_stmt 1 view .LVU284
 937 0012 02F58432 		add	r2, r2, #67584
 938 0016 536C     		ldr	r3, [r2, #68]
 939 0018 23F48053 		bic	r3, r3, #4096
 940 001c 5364     		str	r3, [r2, #68]
 388:Core/Src/stm32f4xx_hal_msp.c **** 
 941              		.loc 1 388 5 view .LVU285
 942 001e E021     		movs	r1, #224
 943 0020 0D48     		ldr	r0, .L52+8
 944              	.LVL46:
 388:Core/Src/stm32f4xx_hal_msp.c **** 
 945              		.loc 1 388 5 is_stmt 0 view .LVU286
 946 0022 FFF7FEFF 		bl	HAL_GPIO_DeInit
 947              	.LVL47:
 948 0026 F3E7     		b	.L46
 949              	.LVL48:
 950              	.L51:
 400:Core/Src/stm32f4xx_hal_msp.c **** 
 951              		.loc 1 400 5 is_stmt 1 view .LVU287
 952 0028 02F50032 		add	r2, r2, #131072
 953 002c 136C     		ldr	r3, [r2, #64]
 954 002e 23F48043 		bic	r3, r3, #16384
 955 0032 1364     		str	r3, [r2, #64]
 408:Core/Src/stm32f4xx_hal_msp.c **** 
 956              		.loc 1 408 5 view .LVU288
 957 0034 0421     		movs	r1, #4
 958 0036 0948     		ldr	r0, .L52+12
 959              	.LVL49:
 408:Core/Src/stm32f4xx_hal_msp.c **** 
 960              		.loc 1 408 5 is_stmt 0 view .LVU289
 961 0038 FFF7FEFF 		bl	HAL_GPIO_DeInit
 962              	.LVL50:
 410:Core/Src/stm32f4xx_hal_msp.c **** 
 963              		.loc 1 410 5 is_stmt 1 view .LVU290
 964 003c 4FF43041 		mov	r1, #45056
 965 0040 0748     		ldr	r0, .L52+16
 966 0042 FFF7FEFF 		bl	HAL_GPIO_DeInit
 967              	.LVL51:
 413:Core/Src/stm32f4xx_hal_msp.c ****     /* USER CODE BEGIN SPI2_MspDeInit 1 */
 968              		.loc 1 413 5 view .LVU291
 969 0046 2420     		movs	r0, #36
 970 0048 FFF7FEFF 		bl	HAL_NVIC_DisableIRQ
 971              	.LVL52:
 972              		.loc 1 419 1 is_stmt 0 view .LVU292
ARM GAS  C:\Users\leejo\AppData\Local\Temp\ccFLdTgj.s 			page 29


 973 004c E0E7     		b	.L46
 974              	.L53:
 975 004e 00BF     		.align	2
 976              	.L52:
 977 0050 00300140 		.word	1073819648
 978 0054 00380040 		.word	1073756160
 979 0058 00000240 		.word	1073872896
 980 005c 00080240 		.word	1073874944
 981 0060 00040240 		.word	1073873920
 982              		.cfi_endproc
 983              	.LFE140:
 985              		.text
 986              	.Letext0:
 987              		.file 2 "Drivers/CMSIS/Device/ST/STM32F4xx/Include/stm32f407xx.h"
 988              		.file 3 "C:/Users/leejo/AppData/Roaming/Code/User/globalStorage/bmd.stm32-for-vscode/@xpack-dev-to
 989              		.file 4 "C:/Users/leejo/AppData/Roaming/Code/User/globalStorage/bmd.stm32-for-vscode/@xpack-dev-to
 990              		.file 5 "Drivers/STM32F4xx_HAL_Driver/Inc/stm32f4xx_hal_def.h"
 991              		.file 6 "Drivers/STM32F4xx_HAL_Driver/Inc/stm32f4xx_hal_rcc_ex.h"
 992              		.file 7 "Drivers/STM32F4xx_HAL_Driver/Inc/stm32f4xx_hal_gpio.h"
 993              		.file 8 "Drivers/STM32F4xx_HAL_Driver/Inc/stm32f4xx_hal_dma.h"
 994              		.file 9 "Drivers/STM32F4xx_HAL_Driver/Inc/stm32f4xx_hal_i2c.h"
 995              		.file 10 "Drivers/STM32F4xx_HAL_Driver/Inc/stm32f4xx_hal_i2s.h"
 996              		.file 11 "Drivers/STM32F4xx_HAL_Driver/Inc/stm32f4xx_hal_spi.h"
 997              		.file 12 "Drivers/STM32F4xx_HAL_Driver/Inc/stm32f4xx_hal_cortex.h"
 998              		.file 13 "Core/Inc/main.h"
ARM GAS  C:\Users\leejo\AppData\Local\Temp\ccFLdTgj.s 			page 30


DEFINED SYMBOLS
                            *ABS*:00000000 stm32f4xx_hal_msp.c
C:\Users\leejo\AppData\Local\Temp\ccFLdTgj.s:21     .text.HAL_MspInit:00000000 $t
C:\Users\leejo\AppData\Local\Temp\ccFLdTgj.s:27     .text.HAL_MspInit:00000000 HAL_MspInit
C:\Users\leejo\AppData\Local\Temp\ccFLdTgj.s:85     .text.HAL_MspInit:00000040 $d
C:\Users\leejo\AppData\Local\Temp\ccFLdTgj.s:90     .text.HAL_I2C_MspInit:00000000 $t
C:\Users\leejo\AppData\Local\Temp\ccFLdTgj.s:96     .text.HAL_I2C_MspInit:00000000 HAL_I2C_MspInit
C:\Users\leejo\AppData\Local\Temp\ccFLdTgj.s:200    .text.HAL_I2C_MspInit:00000064 $d
C:\Users\leejo\AppData\Local\Temp\ccFLdTgj.s:207    .text.HAL_I2C_MspDeInit:00000000 $t
C:\Users\leejo\AppData\Local\Temp\ccFLdTgj.s:213    .text.HAL_I2C_MspDeInit:00000000 HAL_I2C_MspDeInit
C:\Users\leejo\AppData\Local\Temp\ccFLdTgj.s:260    .text.HAL_I2C_MspDeInit:0000002c $d
C:\Users\leejo\AppData\Local\Temp\ccFLdTgj.s:267    .text.HAL_I2S_MspInit:00000000 $t
C:\Users\leejo\AppData\Local\Temp\ccFLdTgj.s:273    .text.HAL_I2S_MspInit:00000000 HAL_I2S_MspInit
C:\Users\leejo\AppData\Local\Temp\ccFLdTgj.s:588    .text.HAL_I2S_MspInit:00000150 $d
C:\Users\leejo\AppData\Local\Temp\ccFLdTgj.s:600    .text.HAL_I2S_MspDeInit:00000000 $t
C:\Users\leejo\AppData\Local\Temp\ccFLdTgj.s:606    .text.HAL_I2S_MspDeInit:00000000 HAL_I2S_MspDeInit
C:\Users\leejo\AppData\Local\Temp\ccFLdTgj.s:660    .text.HAL_I2S_MspDeInit:00000038 $d
C:\Users\leejo\AppData\Local\Temp\ccFLdTgj.s:668    .text.HAL_SPI_MspInit:00000000 $t
C:\Users\leejo\AppData\Local\Temp\ccFLdTgj.s:674    .text.HAL_SPI_MspInit:00000000 HAL_SPI_MspInit
C:\Users\leejo\AppData\Local\Temp\ccFLdTgj.s:890    .text.HAL_SPI_MspInit:000000e4 $d
C:\Users\leejo\AppData\Local\Temp\ccFLdTgj.s:900    .text.HAL_SPI_MspDeInit:00000000 $t
C:\Users\leejo\AppData\Local\Temp\ccFLdTgj.s:906    .text.HAL_SPI_MspDeInit:00000000 HAL_SPI_MspDeInit
C:\Users\leejo\AppData\Local\Temp\ccFLdTgj.s:977    .text.HAL_SPI_MspDeInit:00000050 $d

UNDEFINED SYMBOLS
HAL_NVIC_SetPriority
HAL_GPIO_Init
HAL_GPIO_DeInit
HAL_RCCEx_PeriphCLKConfig
HAL_DMA_Init
Error_Handler
hdma_i2s3_ext_rx
hdma_spi3_tx
HAL_DMA_DeInit
HAL_NVIC_EnableIRQ
HAL_NVIC_DisableIRQ
