Archive member included to satisfy reference by file (symbol)

c:/Users/leejo/AppData/Roaming/Code/User/globalStorage/bmd.stm32-for-vscode/@xpack-dev-tools/arm-none-eabi-gcc/15.2.1-1.1.1/.content/bin/../lib/gcc/arm-none-eabi/15.2.1/../../../../arm-none-eabi/lib/thumb/v7e-m+fp/hard\libc_nano.a(libc_a-atexit.o)
                              c:/Users/leejo/AppData/Roaming/Code/User/globalStorage/bmd.stm32-for-vscode/@xpack-dev-tools/arm-none-eabi-gcc/15.2.1-1.1.1/.content/bin/../lib/gcc/arm-none-eabi/15.2.1/../../../../arm-none-eabi/lib/thumb/v7e-m+fp/hard/crt0.o (atexit)
c:/Users/leejo/AppData/Roaming/Code/User/globalStorage/bmd.stm32-for-vscode/@xpack-dev-tools/arm-none-eabi-gcc/15.2.1-1.1.1/.content/bin/../lib/gcc/arm-none-eabi/15.2.1/../../../../arm-none-eabi/lib/thumb/v7e-m+fp/hard\libc_nano.a(libc_a-exit.o)
                              c:/Users/leejo/AppData/Roaming/Code/User/globalStorage/bmd.stm32-for-vscode/@xpack-dev-tools/arm-none-eabi-gcc/15.2.1-1.1.1/.content/bin/../lib/gcc/arm-none-eabi/15.2.1/../../../../arm-none-eabi/lib/thumb/v7e-m+fp/hard/crt0.o (exit)
c:/Users/leejo/AppData/Roaming/Code/User/globalStorage/bmd.stm32-for-vscode/@xpack-dev-tools/arm-none-eabi-gcc/15.2.1-1.1.1/.content/bin/../lib/gcc/arm-none-eabi/15.2.1/../../../../arm-none-eabi/lib/thumb/v7e-m+fp/hard\libc_nano.a(libc_a-findfp.o)
                              c:/Users/leejo/AppData/Roaming/Code/User/globalStorage/bmd.stm32-for-vscode/@xpack-dev-tools/arm-none-eabi-gcc/15.2.1-1.1.1/.content/bin/../lib/gcc/arm-none-eabi/15.2.1/../../../../arm-none-eabi/lib/thumb/v7e-m+fp/hard\libc_nano.a(libc_a-exit.o) (__stdio_exit_handler)
c:/Users/leejo/AppData/Roaming/Code/User/globalStorage/bmd.stm32-for-vscode/@xpack-dev-tools/arm-none-eabi-gcc/15.2.1-1.1.1/.content/bin/../lib/gcc/arm-none-eabi/15.2.1/../../../../arm-none-eabi/lib/thumb/v7e-m+fp/hard\libc_nano.a(libc_a-fwalk.o)
                              c:/Users/leejo/AppData/Roaming/Code/User/globalStorage/bmd.stm32-for-vscode/@xpack-dev-tools/arm-none-eabi-gcc/15.2.1-1.1.1/.content/bin/../lib/gcc/arm-none-eabi/15.2.1/../../../../arm-none-eabi/lib/thumb/v7e-m+fp/hard\libc_nano.a(libc_a-findfp.o) (_fwalk_sglue)
c:/Users/leejo/AppData/Roaming/Code/User/globalStorage/bmd.stm32-for-vscode/@xpack-dev-tools/arm-none-eabi-gcc/15.2.1-1.1.1/.content/bin/../lib/gcc/arm-none-eabi/15.2.1/../../../../arm-none-eabi/lib/thumb/v7e-m+fp/hard\libc_nano.a(libc_a-stdio.o)
                              c:/Users/leejo/AppData/Roaming/Code/User/globalStorage/bmd.stm32-for-vscode/@xpack-dev-tools/arm-none-eabi-gcc/15.2.1-1.1.1/.content/bin/../lib/gcc/arm-none-eabi/15.2.1/../../../../arm-none-eabi/lib/thumb/v7e-m+fp/hard\libc_nano.a(libc_a-findfp.o) (__sread)
c:/Users/leejo/AppData/Roaming/Code/User/globalStorage/bmd.stm32-for-vscode/@xpack-dev-tools/arm-none-eabi-gcc/15.2.1-1.1.1/.content/bin/../lib/gcc/arm-none-eabi/15.2.1/../../../../arm-none-eabi/lib/thumb/v7e-m+fp/hard\libc_nano.a(libc_a-memset.o)
                              c:/Users/leejo/AppData/Roaming/Code/User/globalStorage/bmd.stm32-for-vscode/@xpack-dev-tools/arm-none-eabi-gcc/15.2.1-1.1.1/.content/bin/../lib/gcc/arm-none-eabi/15.2.1/../../../../arm-none-eabi/lib/thumb/v7e-m+fp/hard/crt0.o (memset)
c:/Users/leejo/AppData/Roaming/Code/User/globalStorage/bmd.stm32-for-vscode/@xpack-dev-tools/arm-none-eabi-gcc/15.2.1-1.1.1/.content/bin/../lib/gcc/arm-none-eabi/15.2.1/../../../../arm-none-eabi/lib/thumb/v7e-m+fp/hard\libc_nano.a(libc_a-closer.o)
                              c:/Users/leejo/AppData/Roaming/Code/User/globalStorage/bmd.stm32-for-vscode/@xpack-dev-tools/arm-none-eabi-gcc/15.2.1-1.1.1/.content/bin/../lib/gcc/arm-none-eabi/15.2.1/../../../../arm-none-eabi/lib/thumb/v7e-m+fp/hard\libc_nano.a(libc_a-stdio.o) (_close_r)
c:/Users/leejo/AppData/Roaming/Code/User/globalStorage/bmd.stm32-for-vscode/@xpack-dev-tools/arm-none-eabi-gcc/15.2.1-1.1.1/.content/bin/../lib/gcc/arm-none-eabi/15.2.1/../../../../arm-none-eabi/lib/thumb/v7e-m+fp/hard\libc_nano.a(libc_a-reent.o)
                              c:/Users/leejo/AppData/Roaming/Code/User/globalStorage/bmd.stm32-for-vscode/@xpack-dev-tools/arm-none-eabi-gcc/15.2.1-1.1.1/.content/bin/../lib/gcc/arm-none-eabi/15.2.1/../../../../arm-none-eabi/lib/thumb/v7e-m+fp/hard\libc_nano.a(libc_a-closer.o) (errno)
c:/Users/leejo/AppData/Roaming/Code/User/globalStorage/bmd.stm32-for-vscode/@xpack-dev-tools/arm-none-eabi-gcc/15.2.1-1.1.1/.content/bin/../lib/gcc/arm-none-eabi/15.2.1/../../../../arm-none-eabi/lib/thumb/v7e-m+fp/hard\libc_nano.a(libc_a-impure.o)
                              c:/Users/leejo/AppData/Roaming/Code/User/globalStorage/bmd.stm32-for-vscode/@xpack-dev-tools/arm-none-eabi-gcc/15.2.1-1.1.1/.content/bin/../lib/gcc/arm-none-eabi/15.2.1/../../../../arm-none-eabi/lib/thumb/v7e-m+fp/hard\libc_nano.a(libc_a-reent.o) (_impure_ptr)
[...]
Memory Configuration

Name             Origin             Length             Attributes
RAM              0x20000000         0x00020000         xrw
CCMRAM           0x10000000         0x00010000         xrw
FLASH            0x08000000         0x00100000         xr
*default*        0x00000000         0xffffffff

Linker script and memory map

LOAD c:/Users/leejo/AppData/Roaming/Code/User/globalStorage/bmd.stm32-for-vscode/@xpack-dev-tools/arm-none-eabi-gcc/15.2.1-1.1.1/.content/bin/../lib/gcc/arm-none-eabi/15.2.1/thumb/v7e-m+fp/hard/crti.o
LOAD c:/Users/leejo/AppData/Roaming/Code/User/globalStorage/bmd.stm32-for-vscode/@xpack-dev-tools/arm-none-eabi-gcc/15.2.1-1.1.1/.content/bin/../lib/gcc/arm-none-eabi/15.2.1/thumb/v7e-m+fp/hard/crtbegin.o
LOAD c:/Users/leejo/AppData/Roaming/Code/User/globalStorage/bmd.stm32-for-vscode/@xpack-dev-tools/arm-none-eabi-gcc/15.2.1-1.1.1/.content/bin/../lib/gcc/arm-none-eabi/15.2.1/../../../../arm-none-eabi/lib/thumb/v7e-m+fp/hard/crt0.o
LOAD build/debug/cmsis_os.o
LOAD build/debug/croutine.o
LOAD build/debug/dsp_task.o
LOAD build/debug/event_groups.o
LOAD build/debug/freertos.o
LOAD build/debug/heap_4.o
LOAD build/debug/list.o
LOAD build/debug/main.o
LOAD build/debug/port.o
LOAD build/debug/queue.o
LOAD build/debug/spi_task.o
LOAD build/debug/stm32f4xx_hal.o
LOAD build/debug/stm32f4xx_hal_cortex.o
LOAD build/debug/stm32f4xx_hal_dma.o
LOAD build/debug/stm32f4xx_hal_dma_ex.o
LOAD build/debug/stm32f4xx_hal_exti.o
LOAD build/debug/stm32f4xx_hal_flash.o
LOAD build/debug/stm32f4xx_hal_flash_ex.o
LOAD build/debug/stm32f4xx_hal_flash_ramfunc.o
LOAD build/debug/stm32f4xx_hal_gpio.o
LOAD build/debug/stm32f4xx_hal_i2c.o
LOAD build/debug/stm32f4xx_hal_i2c_ex.o
LOAD build/debug/stm32f4xx_hal_i2s.o
LOAD build/debug/stm32f4xx_hal_i2s_ex.o
LOAD build/debug/stm32f4xx_hal_msp.o
LOAD build/debug/stm32f4xx_hal_pwr.o
LOAD build/debug/stm32f4xx_hal_pwr_ex.o
LOAD build/debug/stm32f4xx_hal_rcc.o
LOAD build/debug/stm32f4xx_hal_rcc_ex.o
LOAD build/debug/stm32f4xx_hal_spi.o
LOAD build/debug/stm32f4xx_hal_tim.o
LOAD build/debug/stm32f4xx_hal_tim_ex.o
LOAD build/debug/stm32f4xx_hal_timebase_tim.o
LOAD build/debug/stm32f4xx_it.o
LOAD build/debug/stream_buffer.o
LOAD build/debug/syscalls.o
LOAD build/debug/sysmem.o
LOAD build/debug/system_stm32f4xx.o
LOAD build/debug/tasks.o
LOAD build/debug/timers.o
LOAD build/debug/startup_stm32f407xx.o
LOAD c:/Users/leejo/AppData/Roaming/Code/User/globalStorage/bmd.stm32-for-vscode/@xpack-dev-tools/arm-none-eabi-gcc/15.2.1-1.1.1/.content/bin/../lib/gcc/arm-none-eabi/15.2.1/../../../../arm-none-eabi/lib/thumb/v7e-m+fp/hard\libc_nano.a
LOAD c:/Users/leejo/AppData/Roaming/Code/User/globalStorage/bmd.stm32-for-vscode/@xpack-dev-tools/arm-none-eabi-gcc/15.2.1-1.1.1/.content/bin/../lib/gcc/arm-none-eabi/15.2.1/../../../../arm-none-eabi/lib/thumb/v7e-m+fp/hard\libm.a
LOAD c:/Users/leejo/AppData/Roaming/Code/User/globalStorage/bmd.stm32-for-vscode/@xpack-dev-tools/arm-none-eabi-gcc/15.2.1-1.1.1/.content/bin/../lib/gcc/arm-none-eabi/15.2.1/../../../../arm-none-eabi/lib/thumb/v7e-m+fp/hard\libnosys.a
START GROUP
LOAD c:/Users/leejo/AppData/Roaming/Code/User/globalStorage/bmd.stm32-for-vscode/@xpack-dev-tools/arm-none-eabi-gcc/15.2.1-1.1.1/.content/bin/../lib/gcc/arm-none-eabi/15.2.1/thumb/v7e-m+fp/hard\libgcc.a
LOAD c:/Users/leejo/AppData/Roaming/Code/User/globalStorage/bmd.stm32-for-vscode/@xpack-dev-tools/arm-none-eabi-gcc/15.2.1-1.1.1/.content/bin/../lib/gcc/arm-none-eabi/15.2.1/../../../../arm-none-eabi/lib/thumb/v7e-m+fp/hard\libc_nano.a
END GROUP
START GROUP
LOAD c:/Users/leejo/AppData/Roaming/Code/User/globalStorage/bmd.stm32-for-vscode/@xpack-dev-tools/arm-none-eabi-gcc/15.2.1-1.1.1/.content/bin/../lib/gcc/arm-none-eabi/15.2.1/thumb/v7e-m+fp/hard\libgcc.a
LOAD c:/Users/leejo/AppData/Roaming/Code/User/globalStorage/bmd.stm32-for-vscode/@xpack-dev-tools/arm-none-eabi-gcc/15.2.1-1.1.1/.content/bin/../lib/gcc/arm-none-eabi/15.2.1/../../../../arm-none-eabi/lib/thumb/v7e-m+fp/hard\libc_nano.a
END GROUP
LOAD c:/Users/leejo/AppData/Roaming/Code/User/globalStorage/bmd.stm32-for-vscode/@xpack-dev-tools/arm-none-eabi-gcc/15.2.1-1.1.1/.content/bin/../lib/gcc/arm-none-eabi/15.2.1/thumb/v7e-m+fp/hard/crtend.o
LOAD c:/Users/leejo/AppData/Roaming/Code/User/globalStorage/bmd.stm32-for-vscode/@xpack-dev-tools/arm-none-eabi-gcc/15.2.1-1.1.1/.content/bin/../lib/gcc/arm-none-eabi/15.2.1/thumb/v7e-m+fp/hard/crtn.o
                0x20020000                        _estack = (ORIGIN (RAM) + LENGTH (RAM))
                0x2001fc00                        _sstack = (_estack - _Min_Stack_Size)
                0x00000200                        _Min_Heap_Size = 0x200
                0x00000400                        _Min_Stack_Size = 0x400

.isr_vector     0x08000000      0x188
                0x08000000                        . = ALIGN (0x4)
 *(.isr_vector)
 .isr_vector    0x08000000      0x188 build/debug/startup_stm32f407xx.o
                0x08000000                g_pfnVectors
                0x08000188                        . = ALIGN (0x4)

.text           0x08000190     0x71bc
                0x08000190                        . = ALIGN (0x4)
 *(.text)
 .text          0x08000190       0x30 c:/Users/leejo/AppData/Roaming/Code/User/globalStorage/bmd.stm32-for-vscode/@xpack-dev-tools/arm-none-eabi-gcc/15.2.1-1.1.1/.content/bin/../lib/gcc/arm-none-eabi/15.2.1/thumb/v7e-m+fp/hard\libgcc.a(_aeabi_uldivmod.o)
                0x08000190                __aeabi_uldivmod
 .text          0x080001c0        0x4 c:/Users/leejo/AppData/Roaming/Code/User/globalStorage/bmd.stm32-for-vscode/@xpack-dev-tools/arm-none-eabi-gcc/15.2.1-1.1.1/.content/bin/../lib/gcc/arm-none-eabi/15.2.1/thumb/v7e-m+fp/hard\libgcc.a(_dvmd_tls.o)
                0x080001c0                __aeabi_idiv0
                0x080001c0                __aeabi_ldiv0
 *(.text*)
 .text.__do_global_dtors_aux
                0x080001c4       0x28 c:/Users/leejo/AppData/Roaming/Code/User/globalStorage/bmd.stm32-for-vscode/@xpack-dev-tools/arm-none-eabi-gcc/15.2.1-1.1.1/.content/bin/../lib/gcc/arm-none-eabi/15.2.1/thumb/v7e-m+fp/hard/crtbegin.o
 .text.frame_dummy
                0x080001ec       0x1c c:/Users/leejo/AppData/Roaming/Code/User/globalStorage/bmd.stm32-for-vscode/@xpack-dev-tools/arm-none-eabi-gcc/15.2.1-1.1.1/.content/bin/../lib/gcc/arm-none-eabi/15.2.1/thumb/v7e-m+fp/hard/crtbegin.o
 .text.makeFreeRtosPriority
                0x08000208        0xc build/debug/cmsis_os.o
 .text.inHandlerMode
                0x08000214        0xc build/debug/cmsis_os.o
 .text.osKernelStart
                0x08000220        0xa build/debug/cmsis_os.o
                0x08000220                osKernelStart
 .text.osThreadCreate
                0x0800022a       0x66 build/debug/cmsis_os.o
                0x0800022a                osThreadCreate
 .text.osThreadGetId
                0x08000290        0x8 build/debug/cmsis_os.o
                0x08000290                osThreadGetId
 .text.osDelay  0x08000298        0xe build/debug/cmsis_os.o
                0x08000298                osDelay
 .text.osSignalSet
                0x080002a6       0x64 build/debug/cmsis_os.o
                0x080002a6                osSignalSet
 .text.osSignalWait
                0x0800030a       0x54 build/debug/cmsis_os.o
                0x0800030a                osSignalWait
 .text.osMutexCreate
                0x0800035e       0x16 build/debug/cmsis_os.o
                0x0800035e                osMutexCreate
 .text.osMutexWait
                0x08000374       0x60 build/debug/cmsis_os.o
                0x08000374                osMutexWait
 .text.osMutexRelease
                0x080003d4       0x5a build/debug/cmsis_os.o
                0x080003d4                osMutexRelease
 .text.osMessageCreate
                0x0800042e       0x28 build/debug/cmsis_os.o
                0x0800042e                osMessageCreate
 .text.osMessagePut
                0x08000456       0x68 build/debug/cmsis_os.o
                0x08000456                osMessagePut
 .text.osMessageGet
                0x080004be       0x86 build/debug/cmsis_os.o
                0x080004be                osMessageGet
 .text.apply_volume
                0x08000544       0x30 build/debug/dsp_task.o
 .text.apply_lpf
                0x08000574       0x8c build/debug/dsp_task.o
 .text.pitch_read
                0x08000600       0x48 build/debug/dsp_task.o
 .text.apply_chorus
                0x08000648      0x1f4 build/debug/dsp_task.o
 .text.apply_pitch_shift
                0x0800083c      0x2cc build/debug/dsp_task.o
 .text.HAL_I2SEx_TxRxHalfCpltCallback
                0x08000b08       0x1c build/debug/dsp_task.o
                0x08000b08                HAL_I2SEx_TxRxHalfCpltCallback
 .text.HAL_I2SEx_TxRxCpltCallback
                0x08000b24       0x1c build/debug/dsp_task.o
                0x08000b24                HAL_I2SEx_TxRxCpltCallback
 .text.StartDSPTask
                0x08000b40       0xd8 build/debug/dsp_task.o
                0x08000b40                StartDSPTask
 .text.vApplicationGetIdleTaskMemory
                0x08000c18       0x18 build/debug/freertos.o
                0x08000c18                vApplicationGetIdleTaskMemory
 .text.prvHeapInit
                0x08000c30       0x64 build/debug/heap_4.o
 .text.prvInsertBlockIntoFreeList
                0x08000c94       0x5c build/debug/heap_4.o
 .text.pvPortMalloc
                0x08000cf0      0x104 build/debug/heap_4.o
                0x08000cf0                pvPortMalloc
 .text.vPortFree
                0x08000df4       0x80 build/debug/heap_4.o
                0x08000df4                vPortFree
 .text.vListInitialise
                0x08000e74       0x16 build/debug/list.o
                0x08000e74                vListInitialise
 .text.vListInitialiseItem
                0x08000e8a        0x6 build/debug/list.o
                0x08000e8a                vListInitialiseItem
 .text.vListInsertEnd
                0x08000e90       0x16 build/debug/list.o
                0x08000e90                vListInsertEnd
 .text.vListInsert
                0x08000ea6       0x38 build/debug/list.o
                0x08000ea6                vListInsert
 .text.uxListRemove
                0x08000ede       0x26 build/debug/list.o
                0x08000ede                uxListRemove
 .text.MX_GPIO_Init
                0x08000f04      0x1b0 build/debug/main.o
 .text.MX_DMA_Init
                0x080010b4       0x44 build/debug/main.o
 .text.StartDefaultTask
                0x080010f8       0x1c build/debug/main.o
                0x080010f8                StartDefaultTask
 .text.HAL_SPI_RxCpltCallback
                0x08001114       0x4c build/debug/main.o
                0x08001114                HAL_SPI_RxCpltCallback
 .text.HAL_SPI_ErrorCallback
                0x08001160       0x24 build/debug/main.o
                0x08001160                HAL_SPI_ErrorCallback
 .text.HAL_TIM_PeriodElapsedCallback
                0x08001184       0x18 build/debug/main.o
                0x08001184                HAL_TIM_PeriodElapsedCallback
 .text.Error_Handler
                0x0800119c        0x4 build/debug/main.o
                0x0800119c                Error_Handler
 .text.MX_I2C1_Init
                0x080011a0       0x38 build/debug/main.o
 .text.MX_I2S3_Init
                0x080011d8       0x3c build/debug/main.o
 .text.MX_SPI1_Init
                0x08001214       0x40 build/debug/main.o
 .text.MX_SPI2_Init
                0x08001254       0x34 build/debug/main.o
 .text.SystemClock_Config
                0x08001288       0xa8 build/debug/main.o
                0x08001288                SystemClock_Config
 .text.main     0x08001330       0xd8 build/debug/main.o
                0x08001330                main
 .text.prvTaskExitError
                0x08001408       0x40 build/debug/port.o
 .text.prvPortStartFirstTask
                0x08001448       0x28 build/debug/port.o
 .text.vPortEnableVFP
                0x08001470       0x14 build/debug/port.o
 .text.pxPortInitialiseStack
                0x08001484       0x2c build/debug/port.o
                0x08001484                pxPortInitialiseStack
 .text.SVC_Handler
                0x080014b0       0x24 build/debug/port.o
                0x080014b0                SVC_Handler
 .text.vPortEnterCritical
                0x080014d4       0x44 build/debug/port.o
                0x080014d4                vPortEnterCritical
 .text.vPortExitCritical
                0x08001518       0x2c build/debug/port.o
                0x08001518                vPortExitCritical
 *fill*         0x08001544        0xc 
 .text.PendSV_Handler
                0x08001550       0x64 build/debug/port.o
                0x08001550                PendSV_Handler
 .text.SysTick_Handler
                0x080015b4       0x2c build/debug/port.o
                0x080015b4                SysTick_Handler
 .text.vPortSetupTimerInterrupt
                0x080015e0       0x28 build/debug/port.o
                0x080015e0                vPortSetupTimerInterrupt
 .text.xPortStartScheduler
                0x08001608      0x11c build/debug/port.o
                0x08001608                xPortStartScheduler
 .text.vPortValidateInterruptPriority
                0x08001724       0x5c build/debug/port.o
                0x08001724                vPortValidateInterruptPriority
 .text.prvGetDisinheritPriorityAfterTimeout
                0x08001780       0x10 build/debug/queue.o
 .text.prvIsQueueFull
                0x08001790       0x1e build/debug/queue.o
 .text.prvIsQueueEmpty
                0x080017ae       0x1e build/debug/queue.o
 .text.prvCopyDataToQueue
                0x080017cc       0x76 build/debug/queue.o
 .text.prvCopyDataFromQueue
                0x08001842       0x24 build/debug/queue.o
 .text.prvUnlockQueue
                0x08001866       0x6e build/debug/queue.o
 .text.xQueueGenericReset
                0x080018d4       0x84 build/debug/queue.o
                0x080018d4                xQueueGenericReset
 .text.prvInitialiseNewQueue
                0x08001958       0x1e build/debug/queue.o
 .text.xQueueGenericCreateStatic
                0x08001976       0x94 build/debug/queue.o
                0x08001976                xQueueGenericCreateStatic
 .text.xQueueGenericCreate
                0x08001a0a       0x48 build/debug/queue.o
                0x08001a0a                xQueueGenericCreate
 .text.xQueueGenericSend
                0x08001a52      0x188 build/debug/queue.o
                0x08001a52                xQueueGenericSend
 .text.prvInitialiseMutex
                0x08001bda       0x18 build/debug/queue.o
 .text.xQueueCreateMutex
                0x08001bf2       0x16 build/debug/queue.o
                0x08001bf2                xQueueCreateMutex
 .text.xQueueCreateMutexStatic
                0x08001c08       0x1e build/debug/queue.o
                0x08001c08                xQueueCreateMutexStatic
 .text.xQueueGenericSendFromISR
                0x08001c26       0xd2 build/debug/queue.o
                0x08001c26                xQueueGenericSendFromISR
 .text.xQueueGiveFromISR
                0x08001cf8       0xb4 build/debug/queue.o
                0x08001cf8                xQueueGiveFromISR
 .text.xQueueReceive
                0x08001dac      0x15e build/debug/queue.o
                0x08001dac                xQueueReceive
 .text.xQueueSemaphoreTake
                0x08001f0a      0x1ac build/debug/queue.o
                0x08001f0a                xQueueSemaphoreTake
 .text.xQueueReceiveFromISR
                0x080020b6       0xb0 build/debug/queue.o
                0x080020b6                xQueueReceiveFromISR
 *fill*         0x08002166        0x2 
 .text.StartSPITask
                0x08002168      0x178 build/debug/spi_task.o
                0x08002168                StartSPITask
 .text.HAL_Init
                0x080022e0       0x34 build/debug/stm32f4xx_hal.o
                0x080022e0                HAL_Init
 .text.HAL_IncTick
                0x08002314       0x18 build/debug/stm32f4xx_hal.o
                0x08002314                HAL_IncTick
 .text.HAL_GetTick
                0x0800232c        0xc build/debug/stm32f4xx_hal.o
                0x0800232c                HAL_GetTick
 .text.__NVIC_EnableIRQ
                0x08002338       0x1c build/debug/stm32f4xx_hal_cortex.o
 .text.__NVIC_SetPriority
                0x08002354       0x28 build/debug/stm32f4xx_hal_cortex.o
 .text.NVIC_EncodePriority
                0x0800237c       0x46 build/debug/stm32f4xx_hal_cortex.o
 *fill*         0x080023c2        0x2 
 .text.HAL_NVIC_SetPriorityGrouping
                0x080023c4       0x24 build/debug/stm32f4xx_hal_cortex.o
                0x080023c4                HAL_NVIC_SetPriorityGrouping
 .text.HAL_NVIC_SetPriority
                0x080023e8       0x20 build/debug/stm32f4xx_hal_cortex.o
                0x080023e8                HAL_NVIC_SetPriority
 .text.HAL_NVIC_EnableIRQ
                0x08002408        0x8 build/debug/stm32f4xx_hal_cortex.o
                0x08002408                HAL_NVIC_EnableIRQ
 .text.DMA_SetConfig
                0x08002410       0x30 build/debug/stm32f4xx_hal_dma.o
 .text.DMA_CalcBaseAndBitshift
                0x08002440       0x38 build/debug/stm32f4xx_hal_dma.o
 .text.DMA_CheckFifoParam
                0x08002478       0x9a build/debug/stm32f4xx_hal_dma.o
 *fill*         0x08002512        0x2 
 .text.HAL_DMA_Init
                0x08002514       0xd0 build/debug/stm32f4xx_hal_dma.o
                0x08002514                HAL_DMA_Init
 .text.HAL_DMA_Start_IT
                0x080025e4       0x6a build/debug/stm32f4xx_hal_dma.o
                0x080025e4                HAL_DMA_Start_IT
 .text.HAL_DMA_Abort_IT
                0x0800264e       0x24 build/debug/stm32f4xx_hal_dma.o
                0x0800264e                HAL_DMA_Abort_IT
 *fill*         0x08002672        0x2 
 .text.HAL_DMA_IRQHandler
                0x08002674      0x1dc build/debug/stm32f4xx_hal_dma.o
                0x08002674                HAL_DMA_IRQHandler
 .text.HAL_GPIO_Init
                0x08002850      0x208 build/debug/stm32f4xx_hal_gpio.o
                0x08002850                HAL_GPIO_Init
 .text.HAL_GPIO_WritePin
                0x08002a58        0xc build/debug/stm32f4xx_hal_gpio.o
                0x08002a58                HAL_GPIO_WritePin
 .text.HAL_GPIO_TogglePin
                0x08002a64       0x12 build/debug/stm32f4xx_hal_gpio.o
                0x08002a64                HAL_GPIO_TogglePin
 *fill*         0x08002a76        0x2 
 .text.HAL_I2C_Init
                0x08002a78      0x1d8 build/debug/stm32f4xx_hal_i2c.o
                0x08002a78                HAL_I2C_Init
 .text.HAL_I2S_Init
                0x08002c50      0x1a8 build/debug/stm32f4xx_hal_i2s.o
                0x08002c50                HAL_I2S_Init
 .text.HAL_I2S_TxCpltCallback
                0x08002df8        0x2 build/debug/stm32f4xx_hal_i2s.o
                0x08002df8                HAL_I2S_TxCpltCallback
 .text.I2S_Transmit_IT
                0x08002dfa       0x38 build/debug/stm32f4xx_hal_i2s.o
 .text.HAL_I2S_RxCpltCallback
                0x08002e32        0x2 build/debug/stm32f4xx_hal_i2s.o
                0x08002e32                HAL_I2S_RxCpltCallback
 .text.I2S_Receive_IT
                0x08002e34       0x38 build/debug/stm32f4xx_hal_i2s.o
 .text.HAL_I2S_ErrorCallback
                0x08002e6c        0x2 build/debug/stm32f4xx_hal_i2s.o
                0x08002e6c                HAL_I2S_ErrorCallback
 .text.I2S_IRQHandler
                0x08002e6e       0xcc build/debug/stm32f4xx_hal_i2s.o
 *fill*         0x08002f3a        0x2 
 .text.I2SEx_TxRxDMAError
                0x08002f3c       0x48 build/debug/stm32f4xx_hal_i2s_ex.o
 .text.HAL_I2SEx_TransmitReceive_DMA
                0x08002f84      0x1a8 build/debug/stm32f4xx_hal_i2s_ex.o
                0x08002f84                HAL_I2SEx_TransmitReceive_DMA
 .text.I2SEx_TxRxDMAHalfCplt
                0x0800312c        0xa build/debug/stm32f4xx_hal_i2s_ex.o
 *fill*         0x08003136        0x2 
 .text.I2SEx_TxRxDMACplt
                0x08003138       0x7c build/debug/stm32f4xx_hal_i2s_ex.o
 .text.I2SEx_TxISR_I2S
                0x080031b4       0x3c build/debug/stm32f4xx_hal_i2s_ex.o
 .text.I2SEx_RxISR_I2SExt
                0x080031f0       0x64 build/debug/stm32f4xx_hal_i2s_ex.o
 .text.I2SEx_TxISR_I2SExt
                0x08003254       0x64 build/debug/stm32f4xx_hal_i2s_ex.o
 .text.I2SEx_RxISR_I2S
                0x080032b8       0x3c build/debug/stm32f4xx_hal_i2s_ex.o
 .text.HAL_I2SEx_FullDuplex_IRQHandler
                0x080032f4      0x1d8 build/debug/stm32f4xx_hal_i2s_ex.o
                0x080032f4                HAL_I2SEx_FullDuplex_IRQHandler
 .text.HAL_MspInit
                0x080034cc       0x44 build/debug/stm32f4xx_hal_msp.o
                0x080034cc                HAL_MspInit
 .text.HAL_I2C_MspInit
                0x08003510       0x70 build/debug/stm32f4xx_hal_msp.o
                0x08003510                HAL_I2C_MspInit
 .text.HAL_I2S_MspInit
                0x08003580      0x170 build/debug/stm32f4xx_hal_msp.o
                0x08003580                HAL_I2S_MspInit
 .text.HAL_SPI_MspInit
                0x080036f0       0xfc build/debug/stm32f4xx_hal_msp.o
                0x080036f0                HAL_SPI_MspInit
 .text.HAL_RCC_OscConfig
                0x080037ec      0x3fc build/debug/stm32f4xx_hal_rcc.o
                0x080037ec                HAL_RCC_OscConfig
 .text.HAL_RCC_GetSysClockFreq
                0x08003be8       0xdc build/debug/stm32f4xx_hal_rcc.o
                0x08003be8                HAL_RCC_GetSysClockFreq
 .text.HAL_RCC_ClockConfig
                0x08003cc4      0x160 build/debug/stm32f4xx_hal_rcc.o
                0x08003cc4                HAL_RCC_ClockConfig
 .text.HAL_RCC_GetHCLKFreq
                0x08003e24        0xc build/debug/stm32f4xx_hal_rcc.o
                0x08003e24                HAL_RCC_GetHCLKFreq
 .text.HAL_RCC_GetPCLK1Freq
                0x08003e30       0x20 build/debug/stm32f4xx_hal_rcc.o
                0x08003e30                HAL_RCC_GetPCLK1Freq
 .text.HAL_RCC_GetPCLK2Freq
                0x08003e50       0x20 build/debug/stm32f4xx_hal_rcc.o
                0x08003e50                HAL_RCC_GetPCLK2Freq
 .text.HAL_RCC_GetClockConfig
                0x08003e70       0x3c build/debug/stm32f4xx_hal_rcc.o
                0x08003e70                HAL_RCC_GetClockConfig
 .text.HAL_RCCEx_PeriphCLKConfig
                0x08003eac      0x15c build/debug/stm32f4xx_hal_rcc_ex.o
                0x08003eac                HAL_RCCEx_PeriphCLKConfig
 .text.HAL_RCCEx_GetPeriphCLKFreq
                0x08004008       0x70 build/debug/stm32f4xx_hal_rcc_ex.o
                0x08004008                HAL_RCCEx_GetPeriphCLKFreq
 .text.SPI_WaitFlagStateUntilTimeout
                0x08004078       0xc8 build/debug/stm32f4xx_hal_spi.o
 .text.SPI_EndRxTxTransaction
                0x08004140       0x80 build/debug/stm32f4xx_hal_spi.o
 .text.SPI_EndRxTransaction
                0x080041c0       0x8c build/debug/stm32f4xx_hal_spi.o
 .text.HAL_SPI_Init
                0x0800424c       0xbe build/debug/stm32f4xx_hal_spi.o
                0x0800424c                HAL_SPI_Init
 *fill*         0x0800430a        0x2 
 .text.HAL_SPI_TransmitReceive_IT
                0x0800430c       0xd4 build/debug/stm32f4xx_hal_spi.o
                0x0800430c                HAL_SPI_TransmitReceive_IT
 .text.HAL_SPI_Receive_IT
                0x080043e0       0xdc build/debug/stm32f4xx_hal_spi.o
                0x080043e0                HAL_SPI_Receive_IT
 .text.HAL_SPI_TxRxCpltCallback
                0x080044bc        0x2 build/debug/stm32f4xx_hal_spi.o
                0x080044bc                HAL_SPI_TxRxCpltCallback
 .text.SPI_CloseRx_ISR
                0x080044be       0x56 build/debug/stm32f4xx_hal_spi.o
 .text.SPI_RxISR_8BIT
                0x08004514       0x28 build/debug/stm32f4xx_hal_spi.o
 .text.SPI_RxISR_16BIT
                0x0800453c       0x28 build/debug/stm32f4xx_hal_spi.o
 .text.SPI_CloseRxTx_ISR
                0x08004564       0xac build/debug/stm32f4xx_hal_spi.o
 .text.SPI_2linesTxISR_8BIT
                0x08004610       0x38 build/debug/stm32f4xx_hal_spi.o
 .text.SPI_2linesRxISR_8BIT
                0x08004648       0x38 build/debug/stm32f4xx_hal_spi.o
 .text.SPI_2linesTxISR_16BIT
                0x08004680       0x38 build/debug/stm32f4xx_hal_spi.o
 .text.SPI_2linesRxISR_16BIT
                0x080046b8       0x38 build/debug/stm32f4xx_hal_spi.o
 .text.HAL_SPI_IRQHandler
                0x080046f0      0x12c build/debug/stm32f4xx_hal_spi.o
                0x080046f0                HAL_SPI_IRQHandler
 .text.SPI_DMAAbortOnError
                0x0800481c       0x10 build/debug/stm32f4xx_hal_spi.o
 .text.HAL_TIM_Base_MspInit
                0x0800482c        0x2 build/debug/stm32f4xx_hal_tim.o
                0x0800482c                HAL_TIM_Base_MspInit
 *fill*         0x0800482e        0x2 
 .text.HAL_TIM_Base_Start_IT
                0x08004830       0x84 build/debug/stm32f4xx_hal_tim.o
                0x08004830                HAL_TIM_Base_Start_IT
 .text.HAL_TIM_OC_DelayElapsedCallback
                0x080048b4        0x2 build/debug/stm32f4xx_hal_tim.o
                0x080048b4                HAL_TIM_OC_DelayElapsedCallback
 .text.HAL_TIM_IC_CaptureCallback
                0x080048b6        0x2 build/debug/stm32f4xx_hal_tim.o
                0x080048b6                HAL_TIM_IC_CaptureCallback
 .text.HAL_TIM_PWM_PulseFinishedCallback
                0x080048b8        0x2 build/debug/stm32f4xx_hal_tim.o
                0x080048b8                HAL_TIM_PWM_PulseFinishedCallback
 .text.HAL_TIM_TriggerCallback
                0x080048ba        0x2 build/debug/stm32f4xx_hal_tim.o
                0x080048ba                HAL_TIM_TriggerCallback
 .text.HAL_TIM_IRQHandler
                0x080048bc      0x15e build/debug/stm32f4xx_hal_tim.o
                0x080048bc                HAL_TIM_IRQHandler
 *fill*         0x08004a1a        0x2 
 .text.TIM_Base_SetConfig
                0x08004a1c       0xd0 build/debug/stm32f4xx_hal_tim.o
                0x08004a1c                TIM_Base_SetConfig
 .text.HAL_TIM_Base_Init
                0x08004aec       0x58 build/debug/stm32f4xx_hal_tim.o
                0x08004aec                HAL_TIM_Base_Init
 .text.HAL_TIMEx_CommutCallback
                0x08004b44        0x2 build/debug/stm32f4xx_hal_tim_ex.o
                0x08004b44                HAL_TIMEx_CommutCallback
 .text.HAL_TIMEx_BreakCallback
                0x08004b46        0x2 build/debug/stm32f4xx_hal_tim_ex.o
                0x08004b46                HAL_TIMEx_BreakCallback
 .text.HAL_InitTick
                0x08004b48       0x98 build/debug/stm32f4xx_hal_timebase_tim.o
                0x08004b48                HAL_InitTick
 .text.NMI_Handler
                0x08004be0        0x2 build/debug/stm32f4xx_it.o
                0x08004be0                NMI_Handler
 .text.HardFault_Handler
                0x08004be2        0x2 build/debug/stm32f4xx_it.o
                0x08004be2                HardFault_Handler
 .text.MemManage_Handler
                0x08004be4        0x2 build/debug/stm32f4xx_it.o
                0x08004be4                MemManage_Handler
 .text.BusFault_Handler
                0x08004be6        0x2 build/debug/stm32f4xx_it.o
                0x08004be6                BusFault_Handler
 .text.UsageFault_Handler
                0x08004be8        0x2 build/debug/stm32f4xx_it.o
                0x08004be8                UsageFault_Handler
 .text.DebugMon_Handler
                0x08004bea        0x2 build/debug/stm32f4xx_it.o
                0x08004bea                DebugMon_Handler
 .text.DMA1_Stream0_IRQHandler
                0x08004bec       0x10 build/debug/stm32f4xx_it.o
                0x08004bec                DMA1_Stream0_IRQHandler
 .text.DMA1_Stream5_IRQHandler
                0x08004bfc       0x10 build/debug/stm32f4xx_it.o
                0x08004bfc                DMA1_Stream5_IRQHandler
 .text.TIM1_UP_TIM10_IRQHandler
                0x08004c0c       0x10 build/debug/stm32f4xx_it.o
                0x08004c0c                TIM1_UP_TIM10_IRQHandler
 .text.SPI2_IRQHandler
                0x08004c1c       0x10 build/debug/stm32f4xx_it.o
                0x08004c1c                SPI2_IRQHandler
 .text.SystemInit
                0x08004c2c       0x14 build/debug/system_stm32f4xx.o
                0x08004c2c                SystemInit
 .text.prvResetNextTaskUnblockTime
                0x08004c40       0x2c build/debug/tasks.o
 .text.prvInitialiseNewTask
                0x08004c6c       0x90 build/debug/tasks.o
 .text.prvInitialiseTaskLists
                0x08004cfc       0x68 build/debug/tasks.o
 .text.prvAddNewTaskToReadyList
                0x08004d64       0xa8 build/debug/tasks.o
 .text.prvDeleteTCB
                0x08004e0c       0x38 build/debug/tasks.o
 .text.prvCheckTasksWaitingTermination
                0x08004e44       0x4c build/debug/tasks.o
 .text.prvIdleTask
                0x08004e90       0x28 build/debug/tasks.o
 .text.prvAddCurrentTaskToDelayedList
                0x08004eb8       0x98 build/debug/tasks.o
 .text.xTaskCreateStatic
                0x08004f50       0x80 build/debug/tasks.o
                0x08004f50                xTaskCreateStatic
 .text.xTaskCreate
                0x08004fd0       0x62 build/debug/tasks.o
                0x08004fd0                xTaskCreate
 *fill*         0x08005032        0x2 
 .text.vTaskStartScheduler
                0x08005034       0x74 build/debug/tasks.o
                0x08005034                vTaskStartScheduler
 .text.vTaskSuspendAll
                0x080050a8       0x10 build/debug/tasks.o
                0x080050a8                vTaskSuspendAll
 .text.xTaskIncrementTick
                0x080050b8      0x124 build/debug/tasks.o
                0x080050b8                xTaskIncrementTick
 .text.xTaskResumeAll
                0x080051dc       0xf8 build/debug/tasks.o
                0x080051dc                xTaskResumeAll
 .text.vTaskDelay
                0x080052d4       0x4c build/debug/tasks.o
                0x080052d4                vTaskDelay
 .text.vTaskSwitchContext
                0x08005320       0x98 build/debug/tasks.o
                0x08005320                vTaskSwitchContext
 .text.vTaskPlaceOnEventList
                0x080053b8       0x30 build/debug/tasks.o
                0x080053b8                vTaskPlaceOnEventList
 .text.xTaskRemoveFromEventList
                0x080053e8       0x90 build/debug/tasks.o
                0x080053e8                xTaskRemoveFromEventList
 .text.vTaskInternalSetTimeOutState
                0x08005478       0x18 build/debug/tasks.o
                0x08005478                vTaskInternalSetTimeOutState
 .text.xTaskCheckForTimeOut
                0x08005490       0x88 build/debug/tasks.o
                0x08005490                xTaskCheckForTimeOut
 .text.vTaskMissedYield
                0x08005518        0xc build/debug/tasks.o
                0x08005518                vTaskMissedYield
 .text.xTaskGetCurrentTaskHandle
                0x08005524        0xc build/debug/tasks.o
                0x08005524                xTaskGetCurrentTaskHandle
 .text.xTaskGetSchedulerState
                0x08005530       0x20 build/debug/tasks.o
                0x08005530                xTaskGetSchedulerState
 .text.xTaskPriorityInherit
                0x08005550       0xac build/debug/tasks.o
                0x08005550                xTaskPriorityInherit
 .text.xTaskPriorityDisinherit
                0x080055fc       0xb0 build/debug/tasks.o
                0x080055fc                xTaskPriorityDisinherit
 .text.vTaskPriorityDisinheritAfterTimeout
                0x080056ac       0xb4 build/debug/tasks.o
                0x080056ac                vTaskPriorityDisinheritAfterTimeout
 .text.pvTaskIncrementMutexHeldCount
                0x08005760       0x1c build/debug/tasks.o
                0x08005760                pvTaskIncrementMutexHeldCount
 .text.xTaskNotifyWait
                0x0800577c       0x98 build/debug/tasks.o
                0x0800577c                xTaskNotifyWait
 .text.xTaskGenericNotify
                0x08005814      0x100 build/debug/tasks.o
                0x08005814                xTaskGenericNotify
 .text.xTaskGenericNotifyFromISR
                0x08005914      0x130 build/debug/tasks.o
                0x08005914                xTaskGenericNotifyFromISR
 .text.Reset_Handler
                0x08005a44       0x50 build/debug/startup_stm32f407xx.o
                0x08005a44                Reset_Handler
 .text.Default_Handler
                0x08005a94        0x2 build/debug/startup_stm32f407xx.o
                0x08005a94                RTC_Alarm_IRQHandler
                0x08005a94                HASH_RNG_IRQHandler
                0x08005a94                EXTI2_IRQHandler
                0x08005a94                TIM8_CC_IRQHandler
                0x08005a94                TIM1_CC_IRQHandler
                0x08005a94                DMA2_Stream5_IRQHandler
                0x08005a94                PVD_IRQHandler
                0x08005a94                SDIO_IRQHandler
                0x08005a94                TAMP_STAMP_IRQHandler
                0x08005a94                CAN2_RX1_IRQHandler
                0x08005a94                EXTI3_IRQHandler
                0x08005a94                TIM8_TRG_COM_TIM14_IRQHandler
                0x08005a94                TIM8_UP_TIM13_IRQHandler
                0x08005a94                I2C3_ER_IRQHandler
                0x08005a94                EXTI0_IRQHandler
                0x08005a94                I2C2_EV_IRQHandler
                0x08005a94                DMA1_Stream2_IRQHandler
                0x08005a94                CAN1_RX0_IRQHandler
                0x08005a94                FPU_IRQHandler
                0x08005a94                OTG_HS_WKUP_IRQHandler
                0x08005a94                CAN2_SCE_IRQHandler
                0x08005a94                DMA2_Stream2_IRQHandler
                0x08005a94                SPI1_IRQHandler
                0x08005a94                TIM6_DAC_IRQHandler
                0x08005a94                TIM1_BRK_TIM9_IRQHandler
                0x08005a94                DCMI_IRQHandler
                0x08005a94                CAN2_RX0_IRQHandler
                0x08005a94                DMA2_Stream3_IRQHandler
                0x08005a94                USART6_IRQHandler
                0x08005a94                USART3_IRQHandler
                0x08005a94                CAN1_RX1_IRQHandler
                0x08005a94                UART5_IRQHandler
                0x08005a94                DMA2_Stream0_IRQHandler
                0x08005a94                TIM4_IRQHandler
                0x08005a94                I2C1_EV_IRQHandler
                0x08005a94                DMA1_Stream6_IRQHandler
                0x08005a94                DMA1_Stream1_IRQHandler
                0x08005a94                UART4_IRQHandler
                0x08005a94                TIM3_IRQHandler
                0x08005a94                RCC_IRQHandler
                0x08005a94                TIM8_BRK_TIM12_IRQHandler
                0x08005a94                Default_Handler
                0x08005a94                EXTI15_10_IRQHandler
                0x08005a94                ADC_IRQHandler
                0x08005a94                DMA1_Stream7_IRQHandler
                0x08005a94                TIM7_IRQHandler
                0x08005a94                CAN2_TX_IRQHandler
                0x08005a94                TIM5_IRQHandler
                0x08005a94                DMA2_Stream7_IRQHandler
                0x08005a94                I2C3_EV_IRQHandler
                0x08005a94                EXTI9_5_IRQHandler
                0x08005a94                RTC_WKUP_IRQHandler
                0x08005a94                ETH_WKUP_IRQHandler
                0x08005a94                OTG_HS_EP1_IN_IRQHandler
                0x08005a94                CAN1_TX_IRQHandler
                0x08005a94                EXTI4_IRQHandler
                0x08005a94                FSMC_IRQHandler
                0x08005a94                ETH_IRQHandler
                0x08005a94                OTG_HS_EP1_OUT_IRQHandler
                0x08005a94                WWDG_IRQHandler
                0x08005a94                TIM2_IRQHandler
                0x08005a94                OTG_FS_WKUP_IRQHandler
                0x08005a94                TIM1_TRG_COM_TIM11_IRQHandler
                0x08005a94                OTG_HS_IRQHandler
                0x08005a94                EXTI1_IRQHandler
                0x08005a94                USART2_IRQHandler
                0x08005a94                I2C2_ER_IRQHandler
                0x08005a94                DMA2_Stream1_IRQHandler
                0x08005a94                CAN1_SCE_IRQHandler
                0x08005a94                FLASH_IRQHandler
                0x08005a94                DMA2_Stream4_IRQHandler
                0x08005a94                USART1_IRQHandler
                0x08005a94                OTG_FS_IRQHandler
                0x08005a94                SPI3_IRQHandler
                0x08005a94                DMA1_Stream4_IRQHandler
                0x08005a94                I2C1_ER_IRQHandler
                0x08005a94                DMA2_Stream6_IRQHandler
                0x08005a94                DMA1_Stream3_IRQHandler
 .text.memset   0x08005a96       0x10 c:/Users/leejo/AppData/Roaming/Code/User/globalStorage/bmd.stm32-for-vscode/@xpack-dev-tools/arm-none-eabi-gcc/15.2.1-1.1.1/.content/bin/../lib/gcc/arm-none-eabi/15.2.1/../../../../arm-none-eabi/lib/thumb/v7e-m+fp/hard\libc_nano.a(libc_a-memset.o)
                0x08005a96                memset
 *fill*         0x08005aa6        0x2 
 .text.__errno  0x08005aa8        0xc c:/Users/leejo/AppData/Roaming/Code/User/globalStorage/bmd.stm32-for-vscode/@xpack-dev-tools/arm-none-eabi-gcc/15.2.1-1.1.1/.content/bin/../lib/gcc/arm-none-eabi/15.2.1/../../../../arm-none-eabi/lib/thumb/v7e-m+fp/hard\libc_nano.a(libc_a-errno.o)
                0x08005aa8                __errno
 .text.__libc_init_array
                0x08005ab4       0x48 c:/Users/leejo/AppData/Roaming/Code/User/globalStorage/bmd.stm32-for-vscode/@xpack-dev-tools/arm-none-eabi-gcc/15.2.1-1.1.1/.content/bin/../lib/gcc/arm-none-eabi/15.2.1/../../../../arm-none-eabi/lib/thumb/v7e-m+fp/hard\libc_nano.a(libc_a-init.o)
                0x08005ab4                __libc_init_array
 .text.memcpy   0x08005afc       0x1c c:/Users/leejo/AppData/Roaming/Code/User/globalStorage/bmd.stm32-for-vscode/@xpack-dev-tools/arm-none-eabi-gcc/15.2.1-1.1.1/.content/bin/../lib/gcc/arm-none-eabi/15.2.1/../../../../arm-none-eabi/lib/thumb/v7e-m+fp/hard\libc_nano.a(libc_a-memcpy-stub.o)
                0x08005afc                memcpy
 .text.powf     0x08005b18       0xf0 c:/Users/leejo/AppData/Roaming/Code/User/globalStorage/bmd.stm32-for-vscode/@xpack-dev-tools/arm-none-eabi-gcc/15.2.1-1.1.1/.content/bin/../lib/gcc/arm-none-eabi/15.2.1/../../../../arm-none-eabi/lib/thumb/v7e-m+fp/hard\libm.a(libm_a-wf_pow.o)
                0x08005b18                powf
 .text.sinf     0x08005c08       0x74 c:/Users/leejo/AppData/Roaming/Code/User/globalStorage/bmd.stm32-for-vscode/@xpack-dev-tools/arm-none-eabi-gcc/15.2.1-1.1.1/.content/bin/../lib/gcc/arm-none-eabi/15.2.1/../../../../arm-none-eabi/lib/thumb/v7e-m+fp/hard\libm.a(libm_a-sf_sin.o)
                0x08005c08                sinf
 .text.finitef  0x08005c7c       0x14 c:/Users/leejo/AppData/Roaming/Code/User/globalStorage/bmd.stm32-for-vscode/@xpack-dev-tools/arm-none-eabi-gcc/15.2.1-1.1.1/.content/bin/../lib/gcc/arm-none-eabi/15.2.1/../../../../arm-none-eabi/lib/thumb/v7e-m+fp/hard\libm.a(libm_a-sf_finite.o)
                0x08005c7c                finitef
 .text.__kernel_cosf
                0x08005c90      0x104 c:/Users/leejo/AppData/Roaming/Code/User/globalStorage/bmd.stm32-for-vscode/@xpack-dev-tools/arm-none-eabi-gcc/15.2.1-1.1.1/.content/bin/../lib/gcc/arm-none-eabi/15.2.1/../../../../arm-none-eabi/lib/thumb/v7e-m+fp/hard\libm.a(libm_a-kf_cos.o)
                0x08005c90                __kernel_cosf
 .text.__kernel_sinf
                0x08005d94       0x90 c:/Users/leejo/AppData/Roaming/Code/User/globalStorage/bmd.stm32-for-vscode/@xpack-dev-tools/arm-none-eabi-gcc/15.2.1-1.1.1/.content/bin/../lib/gcc/arm-none-eabi/15.2.1/../../../../arm-none-eabi/lib/thumb/v7e-m+fp/hard\libm.a(libm_a-kf_sin.o)
                0x08005d94                __kernel_sinf
 .text.__ieee754_powf
                0x08005e24      0x714 c:/Users/leejo/AppData/Roaming/Code/User/globalStorage/bmd.stm32-for-vscode/@xpack-dev-tools/arm-none-eabi-gcc/15.2.1-1.1.1/.content/bin/../lib/gcc/arm-none-eabi/15.2.1/../../../../arm-none-eabi/lib/thumb/v7e-m+fp/hard\libm.a(libm_a-ef_pow.o)
                0x08005e24                __ieee754_powf
 .text.__ieee754_rem_pio2f
                0x08006538      0x26c c:/Users/leejo/AppData/Roaming/Code/User/globalStorage/bmd.stm32-for-vscode/@xpack-dev-tools/arm-none-eabi-gcc/15.2.1-1.1.1/.content/bin/../lib/gcc/arm-none-eabi/15.2.1/../../../../arm-none-eabi/lib/thumb/v7e-m+fp/hard\libm.a(libm_a-ef_rem_pio2.o)
                0x08006538                __ieee754_rem_pio2f
 .text.fabsf    0x080067a4       0x10 c:/Users/leejo/AppData/Roaming/Code/User/globalStorage/bmd.stm32-for-vscode/@xpack-dev-tools/arm-none-eabi-gcc/15.2.1-1.1.1/.content/bin/../lib/gcc/arm-none-eabi/15.2.1/../../../../arm-none-eabi/lib/thumb/v7e-m+fp/hard\libm.a(libm_a-sf_fabs.o)
                0x080067a4                fabsf
 .text.scalbnf  0x080067b4       0xdc c:/Users/leejo/AppData/Roaming/Code/User/globalStorage/bmd.stm32-for-vscode/@xpack-dev-tools/arm-none-eabi-gcc/15.2.1-1.1.1/.content/bin/../lib/gcc/arm-none-eabi/15.2.1/../../../../arm-none-eabi/lib/thumb/v7e-m+fp/hard\libm.a(libm_a-sf_scalbn.o)
                0x080067b4                scalbnf
 .text.with_errnof
                0x08006890       0x18 c:/Users/leejo/AppData/Roaming/Code/User/globalStorage/bmd.stm32-for-vscode/@xpack-dev-tools/arm-none-eabi-gcc/15.2.1-1.1.1/.content/bin/../lib/gcc/arm-none-eabi/15.2.1/../../../../arm-none-eabi/lib/thumb/v7e-m+fp/hard\libm.a(libm_a-math_errf.o)
 .text.xflowf   0x080068a8       0x20 c:/Users/leejo/AppData/Roaming/Code/User/globalStorage/bmd.stm32-for-vscode/@xpack-dev-tools/arm-none-eabi-gcc/15.2.1-1.1.1/.content/bin/../lib/gcc/arm-none-eabi/15.2.1/../../../../arm-none-eabi/lib/thumb/v7e-m+fp/hard\libm.a(libm_a-math_errf.o)
 .text.__math_uflowf
                0x080068c8        0xc c:/Users/leejo/AppData/Roaming/Code/User/globalStorage/bmd.stm32-for-vscode/@xpack-dev-tools/arm-none-eabi-gcc/15.2.1-1.1.1/.content/bin/../lib/gcc/arm-none-eabi/15.2.1/../../../../arm-none-eabi/lib/thumb/v7e-m+fp/hard\libm.a(libm_a-math_errf.o)
                0x080068c8                __math_uflowf
 .text.__math_oflowf
                0x080068d4        0xc c:/Users/leejo/AppData/Roaming/Code/User/globalStorage/bmd.stm32-for-vscode/@xpack-dev-tools/arm-none-eabi-gcc/15.2.1-1.1.1/.content/bin/../lib/gcc/arm-none-eabi/15.2.1/../../../../arm-none-eabi/lib/thumb/v7e-m+fp/hard\libm.a(libm_a-math_errf.o)
                0x080068d4                __math_oflowf
 .text.__ieee754_sqrtf
                0x080068e0        0x8 c:/Users/leejo/AppData/Roaming/Code/User/globalStorage/bmd.stm32-for-vscode/@xpack-dev-tools/arm-none-eabi-gcc/15.2.1-1.1.1/.content/bin/../lib/gcc/arm-none-eabi/15.2.1/../../../../arm-none-eabi/lib/thumb/v7e-m+fp/hard\libm.a(libm_a-ef_sqrt.o)
                0x080068e0                __ieee754_sqrtf
 .text.__kernel_rem_pio2f
                0x080068e8      0x698 c:/Users/leejo/AppData/Roaming/Code/User/globalStorage/bmd.stm32-for-vscode/@xpack-dev-tools/arm-none-eabi-gcc/15.2.1-1.1.1/.content/bin/../lib/gcc/arm-none-eabi/15.2.1/../../../../arm-none-eabi/lib/thumb/v7e-m+fp/hard\libm.a(libm_a-kf_rem_pio2.o)
                0x080068e8                __kernel_rem_pio2f
 .text.floorf   0x08006f80       0x94 c:/Users/leejo/AppData/Roaming/Code/User/globalStorage/bmd.stm32-for-vscode/@xpack-dev-tools/arm-none-eabi-gcc/15.2.1-1.1.1/.content/bin/../lib/gcc/arm-none-eabi/15.2.1/../../../../arm-none-eabi/lib/thumb/v7e-m+fp/hard\libm.a(libm_a-sf_floor.o)
                0x08006f80                floorf
 .text.__udivmoddi4
                0x08007014      0x320 c:/Users/leejo/AppData/Roaming/Code/User/globalStorage/bmd.stm32-for-vscode/@xpack-dev-tools/arm-none-eabi-gcc/15.2.1-1.1.1/.content/bin/../lib/gcc/arm-none-eabi/15.2.1/thumb/v7e-m+fp/hard\libgcc.a(_udivmoddi4.o)
                0x08007014                __udivmoddi4
 *(.glue_7)
 .glue_7        0x08007334        0x0 linker stubs
 *(.glue_7t)
 .glue_7t       0x08007334        0x0 linker stubs
 *(.eh_frame)
 .eh_frame      0x08007334        0x0 c:/Users/leejo/AppData/Roaming/Code/User/globalStorage/bmd.stm32-for-vscode/@xpack-dev-tools/arm-none-eabi-gcc/15.2.1-1.1.1/.content/bin/../lib/gcc/arm-none-eabi/15.2.1/thumb/v7e-m+fp/hard/crtbegin.o
 *(.init)
 .init          0x08007334        0x4 c:/Users/leejo/AppData/Roaming/Code/User/globalStorage/bmd.stm32-for-vscode/@xpack-dev-tools/arm-none-eabi-gcc/15.2.1-1.1.1/.content/bin/../lib/gcc/arm-none-eabi/15.2.1/thumb/v7e-m+fp/hard/crti.o
                0x08007334                _init
 .init          0x08007338        0x8 c:/Users/leejo/AppData/Roaming/Code/User/globalStorage/bmd.stm32-for-vscode/@xpack-dev-tools/arm-none-eabi-gcc/15.2.1-1.1.1/.content/bin/../lib/gcc/arm-none-eabi/15.2.1/thumb/v7e-m+fp/hard/crtn.o
 *(.fini)
 .fini          0x08007340        0x4 c:/Users/leejo/AppData/Roaming/Code/User/globalStorage/bmd.stm32-for-vscode/@xpack-dev-tools/arm-none-eabi-gcc/15.2.1-1.1.1/.content/bin/../lib/gcc/arm-none-eabi/15.2.1/thumb/v7e-m+fp/hard/crti.o
                0x08007340                _fini
 .fini          0x08007344        0x8 c:/Users/leejo/AppData/Roaming/Code/User/globalStorage/bmd.stm32-for-vscode/@xpack-dev-tools/arm-none-eabi-gcc/15.2.1-1.1.1/.content/bin/../lib/gcc/arm-none-eabi/15.2.1/thumb/v7e-m+fp/hard/crtn.o
                0x0800734c                        . = ALIGN (0x4)
                0x0800734c                        _etext = .

.vfp11_veneer   0x0800734c        0x0
 .vfp11_veneer  0x0800734c        0x0 linker stubs

.v4_bx          0x0800734c        0x0
 .v4_bx         0x0800734c        0x0 linker stubs

.iplt           0x0800734c        0x0
 .iplt          0x0800734c        0x0 c:/Users/leejo/AppData/Roaming/Code/User/globalStorage/bmd.stm32-for-vscode/@xpack-dev-tools/arm-none-eabi-gcc/15.2.1-1.1.1/.content/bin/../lib/gcc/arm-none-eabi/15.2.1/thumb/v7e-m+fp/hard/crtbegin.o

.rodata         0x0800734c      0x478
                0x0800734c                        . = ALIGN (0x4)
 *(.rodata)
 .rodata        0x0800734c       0x64 build/debug/main.o
 *(.rodata*)
 .rodata.str1.4
                0x080073b0       0x21 build/debug/main.o
                                 0x1c (size before relaxing)
 *fill*         0x080073d1        0x3 
 .rodata.flagBitshiftOffset.0
                0x080073d4        0x8 build/debug/stm32f4xx_hal_dma.o
 .rodata.APBPrescTable
                0x080073dc        0x8 build/debug/system_stm32f4xx.o
                0x080073dc                APBPrescTable
 .rodata.AHBPrescTable
                0x080073e4       0x10 build/debug/system_stm32f4xx.o
                0x080073e4                AHBPrescTable
 .rodata.vTaskStartScheduler.str1.4
                0x080073f4        0x0 build/debug/tasks.o
                                  0x5 (size before relaxing)
 .rodata.npio2_hw
                0x080073f4       0x80 c:/Users/leejo/AppData/Roaming/Code/User/globalStorage/bmd.stm32-for-vscode/@xpack-dev-tools/arm-none-eabi-gcc/15.2.1-1.1.1/.content/bin/../lib/gcc/arm-none-eabi/15.2.1/../../../../arm-none-eabi/lib/thumb/v7e-m+fp/hard\libm.a(libm_a-ef_rem_pio2.o)
 .rodata.two_over_pi
                0x08007474      0x318 c:/Users/leejo/AppData/Roaming/Code/User/globalStorage/bmd.stm32-for-vscode/@xpack-dev-tools/arm-none-eabi-gcc/15.2.1-1.1.1/.content/bin/../lib/gcc/arm-none-eabi/15.2.1/../../../../arm-none-eabi/lib/thumb/v7e-m+fp/hard\libm.a(libm_a-ef_rem_pio2.o)
 .rodata.PIo2   0x0800778c       0x2c c:/Users/leejo/AppData/Roaming/Code/User/globalStorage/bmd.stm32-for-vscode/@xpack-dev-tools/arm-none-eabi-gcc/15.2.1-1.1.1/.content/bin/../lib/gcc/arm-none-eabi/15.2.1/../../../../arm-none-eabi/lib/thumb/v7e-m+fp/hard\libm.a(libm_a-kf_rem_pio2.o)
 .rodata.init_jk
                0x080077b8        0xc c:/Users/leejo/AppData/Roaming/Code/User/globalStorage/bmd.stm32-for-vscode/@xpack-dev-tools/arm-none-eabi-gcc/15.2.1-1.1.1/.content/bin/../lib/gcc/arm-none-eabi/15.2.1/../../../../arm-none-eabi/lib/thumb/v7e-m+fp/hard\libm.a(libm_a-kf_rem_pio2.o)
                0x080077c4                        . = ALIGN (0x4)

.ARM.extab      0x080077c4        0x0
                0x080077c4                        . = ALIGN (0x4)
 *(.ARM.extab* .gnu.linkonce.armextab.*)
                0x080077c4                        . = ALIGN (0x4)

.ARM            0x080077c4        0x8
                0x080077c4                        . = ALIGN (0x4)
                0x080077c4                        __exidx_start = .
 *(.ARM.exidx*)
 .ARM.exidx.text.__udivmoddi4
                0x080077c4        0x8 c:/Users/leejo/AppData/Roaming/Code/User/globalStorage/bmd.stm32-for-vscode/@xpack-dev-tools/arm-none-eabi-gcc/15.2.1-1.1.1/.content/bin/../lib/gcc/arm-none-eabi/15.2.1/thumb/v7e-m+fp/hard\libgcc.a(_udivmoddi4.o)
                0x080077cc                        __exidx_end = .
                0x080077cc                        . = ALIGN (0x4)

.preinit_array  0x080077cc        0x0
                0x080077cc                        . = ALIGN (0x4)
                0x080077cc                        PROVIDE (__preinit_array_start = .)
 *(.preinit_array*)
                0x080077cc                        PROVIDE (__preinit_array_end = .)
                0x080077cc                        . = ALIGN (0x4)

.init_array     0x080077cc        0x4
                0x080077cc                        . = ALIGN (0x4)
                0x080077cc                        PROVIDE (__init_array_start = .)
 *(SORT_BY_NAME(.init_array.*))
 *(.init_array*)
 .init_array    0x080077cc        0x4 c:/Users/leejo/AppData/Roaming/Code/User/globalStorage/bmd.stm32-for-vscode/@xpack-dev-tools/arm-none-eabi-gcc/15.2.1-1.1.1/.content/bin/../lib/gcc/arm-none-eabi/15.2.1/thumb/v7e-m+fp/hard/crtbegin.o
                0x080077d0                        PROVIDE (__init_array_end = .)
                0x080077d0                        . = ALIGN (0x4)

.fini_array     0x080077d0        0x4
                0x080077d0                        . = ALIGN (0x4)
                0x080077d0                        PROVIDE (__fini_array_start = .)
 *(SORT_BY_NAME(.fini_array.*))
 *(.fini_array*)
 .fini_array    0x080077d0        0x4 c:/Users/leejo/AppData/Roaming/Code/User/globalStorage/bmd.stm32-for-vscode/@xpack-dev-tools/arm-none-eabi-gcc/15.2.1-1.1.1/.content/bin/../lib/gcc/arm-none-eabi/15.2.1/thumb/v7e-m+fp/hard/crtbegin.o
                0x080077d4                        PROVIDE (__fini_array_end = .)
                0x080077d4                        . = ALIGN (0x4)
                0x080077d4                        _sidata = LOADADDR (.data)

.rel.dyn        0x080077d4        0x0
 .rel.iplt      0x080077d4        0x0 c:/Users/leejo/AppData/Roaming/Code/User/globalStorage/bmd.stm32-for-vscode/@xpack-dev-tools/arm-none-eabi-gcc/15.2.1-1.1.1/.content/bin/../lib/gcc/arm-none-eabi/15.2.1/thumb/v7e-m+fp/hard/crtbegin.o

.data           0x20000000       0x78 load address 0x080077d4
                0x20000000                        . = ALIGN (0x4)
                0x20000000                        _sdata = .
 *(.data)
 *(.data*)
 .data.pitch_rd1
                0x20000000        0x4 build/debug/dsp_task.o
 .data.g_audio_params
                0x20000004       0x14 build/debug/dsp_task.o
                0x20000004                g_audio_params
 .data.uxCriticalNesting
                0x20000018        0x4 build/debug/port.o
 .data.uwTickFreq
                0x2000001c        0x1 build/debug/stm32f4xx_hal.o
                0x2000001c                uwTickFreq
 *fill*         0x2000001d        0x3 
 .data.uwTickPrio
                0x20000020        0x4 build/debug/stm32f4xx_hal.o
                0x20000020                uwTickPrio
 .data.SystemCoreClock
                0x20000024        0x4 build/debug/system_stm32f4xx.o
                0x20000024                SystemCoreClock
 .data._impure_ptr
                0x20000028        0x4 c:/Users/leejo/AppData/Roaming/Code/User/globalStorage/bmd.stm32-for-vscode/@xpack-dev-tools/arm-none-eabi-gcc/15.2.1-1.1.1/.content/bin/../lib/gcc/arm-none-eabi/15.2.1/../../../../arm-none-eabi/lib/thumb/v7e-m+fp/hard\libc_nano.a(libc_a-impure.o)
                0x20000028                _impure_ptr
 .data._impure_data
                0x2000002c       0x4c c:/Users/leejo/AppData/Roaming/Code/User/globalStorage/bmd.stm32-for-vscode/@xpack-dev-tools/arm-none-eabi-gcc/15.2.1-1.1.1/.content/bin/../lib/gcc/arm-none-eabi/15.2.1/../../../../arm-none-eabi/lib/thumb/v7e-m+fp/hard\libc_nano.a(libc_a-impure.o)
                0x2000002c                _impure_data
 *(.RamFunc)
 *(.RamFunc*)
                0x20000078                        . = ALIGN (0x4)
                0x20000078                        _edata = .
                0x0800784c                        _siccmram = LOADADDR (.ccmram)

.igot.plt       0x20000078        0x0 load address 0x0800784c
 .igot.plt      0x20000078        0x0 c:/Users/leejo/AppData/Roaming/Code/User/globalStorage/bmd.stm32-for-vscode/@xpack-dev-tools/arm-none-eabi-gcc/15.2.1-1.1.1/.content/bin/../lib/gcc/arm-none-eabi/15.2.1/thumb/v7e-m+fp/hard/crtbegin.o

.ccmram         0x10000000        0x0 load address 0x0800784c
                0x10000000                        . = ALIGN (0x4)
                0x10000000                        _sccmram = .
 *(.ccmram)
 *(.ccmram*)
                0x10000000                        . = ALIGN (0x4)
                0x10000000                        _eccmram = .
                0x10000000                        . = ALIGN (0x4)

.bss            0x20000078     0xa590
                0x20000078                        _sbss = .
                0x20000078                        __bss_start__ = _sbss
 *(.bss)
 *(.bss*)
 .bss.completed.1
                0x20000078        0x1 c:/Users/leejo/AppData/Roaming/Code/User/globalStorage/bmd.stm32-for-vscode/@xpack-dev-tools/arm-none-eabi-gcc/15.2.1-1.1.1/.content/bin/../lib/gcc/arm-none-eabi/15.2.1/thumb/v7e-m+fp/hard/crtbegin.o
 *fill*         0x20000079        0x3 
 .bss.object.0  0x2000007c       0x18 c:/Users/leejo/AppData/Roaming/Code/User/globalStorage/bmd.stm32-for-vscode/@xpack-dev-tools/arm-none-eabi-gcc/15.2.1-1.1.1/.content/bin/../lib/gcc/arm-none-eabi/15.2.1/thumb/v7e-m+fp/hard/crtbegin.o
 .bss.dsp_task_id
                0x20000094        0x4 build/debug/dsp_task.o
 .bss.active_half
                0x20000098        0x1 build/debug/dsp_task.o
 *fill*         0x20000099        0x3 
 .bss.lpf_R     0x2000009c        0x4 build/debug/dsp_task.o
 .bss.lpf_L     0x200000a0        0x4 build/debug/dsp_task.o
 .bss.pitch_xfade
                0x200000a4        0x4 build/debug/dsp_task.o
 .bss.pitch_rd2
                0x200000a8        0x4 build/debug/dsp_task.o
 .bss.pitch_wr  0x200000ac        0x4 build/debug/dsp_task.o
 .bss.pitch_buf_R
                0x200000b0     0x2000 build/debug/dsp_task.o
 .bss.pitch_buf_L
                0x200020b0     0x2000 build/debug/dsp_task.o
 .bss.chorus_lfo
                0x200040b0        0x4 build/debug/dsp_task.o
 .bss.chorus_wr
                0x200040b4        0x4 build/debug/dsp_task.o
 .bss.chorus_buf_R
                0x200040b8     0x1000 build/debug/dsp_task.o
 .bss.chorus_buf_L
                0x200050b8     0x1000 build/debug/dsp_task.o
 .bss.tx_dma_buf
                0x200060b8      0x100 build/debug/dsp_task.o
 .bss.rx_dma_buf
                0x200061b8      0x100 build/debug/dsp_task.o
 .bss.g_params_mutex
                0x200062b8        0x4 build/debug/dsp_task.o
                0x200062b8                g_params_mutex
 .bss.xIdleStack
                0x200062bc      0x200 build/debug/freertos.o
 .bss.xIdleTaskTCBBuffer
                0x200064bc       0x54 build/debug/freertos.o
 .bss.xBlockAllocatedBit
                0x20006510        0x4 build/debug/heap_4.o
 .bss.xNumberOfSuccessfulFrees
                0x20006514        0x4 build/debug/heap_4.o
 .bss.xNumberOfSuccessfulAllocations
                0x20006518        0x4 build/debug/heap_4.o
 .bss.xMinimumEverFreeBytesRemaining
                0x2000651c        0x4 build/debug/heap_4.o
 .bss.xFreeBytesRemaining
                0x20006520        0x4 build/debug/heap_4.o
 .bss.pxEnd     0x20006524        0x4 build/debug/heap_4.o
 .bss.xStart    0x20006528        0x8 build/debug/heap_4.o
 .bss.ucHeap    0x20006530     0x3c00 build/debug/heap_4.o
 .bss.spi_rx_buf
                0x2000a130        0x2 build/debug/main.o
                0x2000a130                spi_rx_buf
 *fill*         0x2000a132        0x2 
 .bss.spiQueueHandle
                0x2000a134        0x4 build/debug/main.o
                0x2000a134                spiQueueHandle
 .bss.spiTaskHandle
                0x2000a138        0x4 build/debug/main.o
                0x2000a138                spiTaskHandle
 .bss.dspTaskHandle
                0x2000a13c        0x4 build/debug/main.o
                0x2000a13c                dspTaskHandle
 .bss.defaultTaskHandle
                0x2000a140        0x4 build/debug/main.o
                0x2000a140                defaultTaskHandle
 .bss.hspi2     0x2000a144       0x58 build/debug/main.o
                0x2000a144                hspi2
 .bss.hspi1     0x2000a19c       0x58 build/debug/main.o
                0x2000a19c                hspi1
 .bss.hdma_spi3_tx
                0x2000a1f4       0x60 build/debug/main.o
                0x2000a1f4                hdma_spi3_tx
 .bss.hdma_i2s3_ext_rx
                0x2000a254       0x60 build/debug/main.o
                0x2000a254                hdma_i2s3_ext_rx
 .bss.hi2s3     0x2000a2b4       0x48 build/debug/main.o
                0x2000a2b4                hi2s3
 .bss.hi2c1     0x2000a2fc       0x54 build/debug/main.o
                0x2000a2fc                hi2c1
 .bss.ulMaxPRIGROUPValue
                0x2000a350        0x4 build/debug/port.o
 .bss.ucMaxSysCallPriority
                0x2000a354        0x1 build/debug/port.o
 *fill*         0x2000a355        0x3 
 .bss.uwTick    0x2000a358        0x4 build/debug/stm32f4xx_hal.o
                0x2000a358                uwTick
 .bss.htim1     0x2000a35c       0x48 build/debug/stm32f4xx_hal_timebase_tim.o
                0x2000a35c                htim1
 .bss.uxSchedulerSuspended
                0x2000a3a4        0x4 build/debug/tasks.o
 .bss.xIdleTaskHandle
                0x2000a3a8        0x4 build/debug/tasks.o
 .bss.xNextTaskUnblockTime
                0x2000a3ac        0x4 build/debug/tasks.o
 .bss.uxTaskNumber
                0x2000a3b0        0x4 build/debug/tasks.o
 .bss.xNumOfOverflows
                0x2000a3b4        0x4 build/debug/tasks.o
 .bss.xYieldPending
                0x2000a3b8        0x4 build/debug/tasks.o
 .bss.xPendedTicks
                0x2000a3bc        0x4 build/debug/tasks.o
 .bss.xSchedulerRunning
                0x2000a3c0        0x4 build/debug/tasks.o
 .bss.uxTopReadyPriority
                0x2000a3c4        0x4 build/debug/tasks.o
 .bss.xTickCount
                0x2000a3c8        0x4 build/debug/tasks.o
 .bss.uxCurrentNumberOfTasks
                0x2000a3cc        0x4 build/debug/tasks.o
 .bss.xSuspendedTaskList
                0x2000a3d0       0x14 build/debug/tasks.o
 .bss.uxDeletedTasksWaitingCleanUp
                0x2000a3e4        0x4 build/debug/tasks.o
 .bss.xTasksWaitingTermination
                0x2000a3e8       0x14 build/debug/tasks.o
 .bss.xPendingReadyList
                0x2000a3fc       0x14 build/debug/tasks.o
 .bss.pxOverflowDelayedTaskList
                0x2000a410        0x4 build/debug/tasks.o
 .bss.pxDelayedTaskList
                0x2000a414        0x4 build/debug/tasks.o
 .bss.xDelayedTaskList2
                0x2000a418       0x14 build/debug/tasks.o
 .bss.xDelayedTaskList1
                0x2000a42c       0x14 build/debug/tasks.o
 .bss.pxReadyTasksLists
                0x2000a440       0x8c build/debug/tasks.o
 .bss.pxCurrentTCB
                0x2000a4cc        0x4 build/debug/tasks.o
                0x2000a4cc                pxCurrentTCB
 .bss.__sf      0x2000a4d0      0x138 c:/Users/leejo/AppData/Roaming/Code/User/globalStorage/bmd.stm32-for-vscode/@xpack-dev-tools/arm-none-eabi-gcc/15.2.1-1.1.1/.content/bin/../lib/gcc/arm-none-eabi/15.2.1/../../../../arm-none-eabi/lib/thumb/v7e-m+fp/hard\libc_nano.a(libc_a-findfp.o)
                0x2000a4d0                __sf
 *(COMMON)
                0x2000a608                        . = ALIGN (0x4)
                0x2000a608                        _ebss = .
                0x2000a608                        __bss_end__ = _ebss

._user_heap_stack
                0x2000a608      0x600
                0x2000a608                        . = ALIGN (0x8)
                [!provide]                        PROVIDE (end = .)
                0x2000a608                        PROVIDE (_end = .)
                0x2000a808                        . = (. + _Min_Heap_Size)
 *fill*         0x2000a608      0x200 
                0x2000ac08                        . = (. + _Min_Stack_Size)
 *fill*         0x2000a808      0x400 
                0x2000ac08                        . = ALIGN (0x8)

/DISCARD/
 libc.a(*)
 libm.a(*)
 libgcc.a(*)
OUTPUT(build/debug/stm32config.elf elf32-littlearm)
LOAD linker stubs
LOAD c:/Users/leejo/AppData/Roaming/Code/User/globalStorage/bmd.stm32-for-vscode/@xpack-dev-tools/arm-none-eabi-gcc/15.2.1-1.1.1/.content/bin/../lib/gcc/arm-none-eabi/15.2.1/../../../../arm-none-eabi/lib/thumb/v7e-m+fp/hard\libc.a
LOAD c:/Users/leejo/AppData/Roaming/Code/User/globalStorage/bmd.stm32-for-vscode/@xpack-dev-tools/arm-none-eabi-gcc/15.2.1-1.1.1/.content/bin/../lib/gcc/arm-none-eabi/15.2.1/../../../../arm-none-eabi/lib/thumb/v7e-m+fp/hard\libm.a
LOAD c:/Users/leejo/AppData/Roaming/Code/User/globalStorage/bmd.stm32-for-vscode/@xpack-dev-tools/arm-none-eabi-gcc/15.2.1-1.1.1/.content/bin/../lib/gcc/arm-none-eabi/15.2.1/thumb/v7e-m+fp/hard\libgcc.a

.ARM.attributes
                0x00000000       0x30
 .ARM.attributes
                0x00000000       0x22 c:/Users/leejo/AppData/Roaming/Code/User/globalStorage/bmd.stm32-for-vscode/@xpack-dev-tools/arm-none-eabi-gcc/15.2.1-1.1.1/.content/bin/../lib/gcc/arm-none-eabi/15.2.1/thumb/v7e-m+fp/hard/crti.o
 .ARM.attributes
                0x00000022       0x34 c:/Users/leejo/AppData/Roaming/Code/User/globalStorage/bmd.stm32-for-vscode/@xpack-dev-tools/arm-none-eabi-gcc/15.2.1-1.1.1/.content/bin/../lib/gcc/arm-none-eabi/15.2.1/thumb/v7e-m+fp/hard/crtbegin.o
 .ARM.attributes
                0x00000056       0x34 build/debug/cmsis_os.o
 .ARM.attributes
                0x0000008a       0x34 build/debug/dsp_task.o
 .ARM.attributes
                0x000000be       0x34 build/debug/freertos.o
 .ARM.attributes
                0x000000f2       0x34 build/debug/heap_4.o
 .ARM.attributes
                0x00000126       0x34 build/debug/list.o
 .ARM.attributes
                0x0000015a       0x34 build/debug/main.o
 .ARM.attributes
                0x0000018e       0x34 build/debug/port.o
 .ARM.attributes
                0x000001c2       0x34 build/debug/queue.o
 .ARM.attributes
                0x000001f6       0x34 build/debug/spi_task.o
 .ARM.attributes
                0x0000022a       0x34 build/debug/stm32f4xx_hal.o
 .ARM.attributes
                0x0000025e       0x34 build/debug/stm32f4xx_hal_cortex.o
 .ARM.attributes
                0x00000292       0x34 build/debug/stm32f4xx_hal_dma.o
 .ARM.attributes
                0x000002c6       0x34 build/debug/stm32f4xx_hal_gpio.o
 .ARM.attributes
                0x000002fa       0x34 build/debug/stm32f4xx_hal_i2c.o
 .ARM.attributes
                0x0000032e       0x34 build/debug/stm32f4xx_hal_i2s.o
 .ARM.attributes
                0x00000362       0x34 build/debug/stm32f4xx_hal_i2s_ex.o
 .ARM.attributes
                0x00000396       0x34 build/debug/stm32f4xx_hal_msp.o
 .ARM.attributes
                0x000003ca       0x34 build/debug/stm32f4xx_hal_rcc.o
 .ARM.attributes
                0x000003fe       0x34 build/debug/stm32f4xx_hal_rcc_ex.o
 .ARM.attributes
                0x00000432       0x34 build/debug/stm32f4xx_hal_spi.o
 .ARM.attributes
                0x00000466       0x34 build/debug/stm32f4xx_hal_tim.o
 .ARM.attributes
                0x0000049a       0x34 build/debug/stm32f4xx_hal_tim_ex.o
 .ARM.attributes
                0x000004ce       0x34 build/debug/stm32f4xx_hal_timebase_tim.o
 .ARM.attributes
                0x00000502       0x34 build/debug/stm32f4xx_it.o
 .ARM.attributes
                0x00000536       0x34 build/debug/system_stm32f4xx.o
 .ARM.attributes
                0x0000056a       0x34 build/debug/tasks.o
 .ARM.attributes
                0x0000059e       0x21 build/debug/startup_stm32f407xx.o
 .ARM.attributes
                0x000005bf       0x34 c:/Users/leejo/AppData/Roaming/Code/User/globalStorage/bmd.stm32-for-vscode/@xpack-dev-tools/arm-none-eabi-gcc/15.2.1-1.1.1/.content/bin/../lib/gcc/arm-none-eabi/15.2.1/../../../../arm-none-eabi/lib/thumb/v7e-m+fp/hard\libc_nano.a(libc_a-findfp.o)
 .ARM.attributes
                0x000005f3       0x34 c:/Users/leejo/AppData/Roaming/Code/User/globalStorage/bmd.stm32-for-vscode/@xpack-dev-tools/arm-none-eabi-gcc/15.2.1-1.1.1/.content/bin/../lib/gcc/arm-none-eabi/15.2.1/../../../../arm-none-eabi/lib/thumb/v7e-m+fp/hard\libc_nano.a(libc_a-memset.o)
 .ARM.attributes
                0x00000627       0x34 c:/Users/leejo/AppData/Roaming/Code/User/globalStorage/bmd.stm32-for-vscode/@xpack-dev-tools/arm-none-eabi-gcc/15.2.1-1.1.1/.content/bin/../lib/gcc/arm-none-eabi/15.2.1/../../../../arm-none-eabi/lib/thumb/v7e-m+fp/hard\libc_nano.a(libc_a-impure.o)
 .ARM.attributes
                0x0000065b       0x34 c:/Users/leejo/AppData/Roaming/Code/User/globalStorage/bmd.stm32-for-vscode/@xpack-dev-tools/arm-none-eabi-gcc/15.2.1-1.1.1/.content/bin/../lib/gcc/arm-none-eabi/15.2.1/../../../../arm-none-eabi/lib/thumb/v7e-m+fp/hard\libc_nano.a(libc_a-errno.o)
 .ARM.attributes
                0x0000068f       0x34 c:/Users/leejo/AppData/Roaming/Code/User/globalStorage/bmd.stm32-for-vscode/@xpack-dev-tools/arm-none-eabi-gcc/15.2.1-1.1.1/.content/bin/../lib/gcc/arm-none-eabi/15.2.1/../../../../arm-none-eabi/lib/thumb/v7e-m+fp/hard\libc_nano.a(libc_a-init.o)
 .ARM.attributes
                0x000006c3       0x34 c:/Users/leejo/AppData/Roaming/Code/User/globalStorage/bmd.stm32-for-vscode/@xpack-dev-tools/arm-none-eabi-gcc/15.2.1-1.1.1/.content/bin/../lib/gcc/arm-none-eabi/15.2.1/../../../../arm-none-eabi/lib/thumb/v7e-m+fp/hard\libc_nano.a(libc_a-memcpy-stub.o)
 .ARM.attributes
                0x000006f7       0x34 c:/Users/leejo/AppData/Roaming/Code/User/globalStorage/bmd.stm32-for-vscode/@xpack-dev-tools/arm-none-eabi-gcc/15.2.1-1.1.1/.content/bin/../lib/gcc/arm-none-eabi/15.2.1/../../../../arm-none-eabi/lib/thumb/v7e-m+fp/hard\libm.a(libm_a-wf_pow.o)
 .ARM.attributes
                0x0000072b       0x34 c:/Users/leejo/AppData/Roaming/Code/User/globalStorage/bmd.stm32-for-vscode/@xpack-dev-tools/arm-none-eabi-gcc/15.2.1-1.1.1/.content/bin/../lib/gcc/arm-none-eabi/15.2.1/../../../../arm-none-eabi/lib/thumb/v7e-m+fp/hard\libm.a(libm_a-sf_sin.o)
 .ARM.attributes
                0x0000075f       0x34 c:/Users/leejo/AppData/Roaming/Code/User/globalStorage/bmd.stm32-for-vscode/@xpack-dev-tools/arm-none-eabi-gcc/15.2.1-1.1.1/.content/bin/../lib/gcc/arm-none-eabi/15.2.1/../../../../arm-none-eabi/lib/thumb/v7e-m+fp/hard\libm.a(libm_a-sf_finite.o)
 .ARM.attributes
                0x00000793       0x34 c:/Users/leejo/AppData/Roaming/Code/User/globalStorage/bmd.stm32-for-vscode/@xpack-dev-tools/arm-none-eabi-gcc/15.2.1-1.1.1/.content/bin/../lib/gcc/arm-none-eabi/15.2.1/../../../../arm-none-eabi/lib/thumb/v7e-m+fp/hard\libm.a(libm_a-kf_cos.o)
 .ARM.attributes
                0x000007c7       0x34 c:/Users/leejo/AppData/Roaming/Code/User/globalStorage/bmd.stm32-for-vscode/@xpack-dev-tools/arm-none-eabi-gcc/15.2.1-1.1.1/.content/bin/../lib/gcc/arm-none-eabi/15.2.1/../../../../arm-none-eabi/lib/thumb/v7e-m+fp/hard\libm.a(libm_a-kf_sin.o)
 .ARM.attributes
                0x000007fb       0x34 c:/Users/leejo/AppData/Roaming/Code/User/globalStorage/bmd.stm32-for-vscode/@xpack-dev-tools/arm-none-eabi-gcc/15.2.1-1.1.1/.content/bin/../lib/gcc/arm-none-eabi/15.2.1/../../../../arm-none-eabi/lib/thumb/v7e-m+fp/hard\libm.a(libm_a-ef_pow.o)
 .ARM.attributes
                0x0000082f       0x34 c:/Users/leejo/AppData/Roaming/Code/User/globalStorage/bmd.stm32-for-vscode/@xpack-dev-tools/arm-none-eabi-gcc/15.2.1-1.1.1/.content/bin/../lib/gcc/arm-none-eabi/15.2.1/../../../../arm-none-eabi/lib/thumb/v7e-m+fp/hard\libm.a(libm_a-ef_rem_pio2.o)
 .ARM.attributes
                0x00000863       0x34 c:/Users/leejo/AppData/Roaming/Code/User/globalStorage/bmd.stm32-for-vscode/@xpack-dev-tools/arm-none-eabi-gcc/15.2.1-1.1.1/.content/bin/../lib/gcc/arm-none-eabi/15.2.1/../../../../arm-none-eabi/lib/thumb/v7e-m+fp/hard\libm.a(libm_a-sf_fabs.o)
 .ARM.attributes
                0x00000897       0x34 c:/Users/leejo/AppData/Roaming/Code/User/globalStorage/bmd.stm32-for-vscode/@xpack-dev-tools/arm-none-eabi-gcc/15.2.1-1.1.1/.content/bin/../lib/gcc/arm-none-eabi/15.2.1/../../../../arm-none-eabi/lib/thumb/v7e-m+fp/hard\libm.a(libm_a-sf_scalbn.o)
 .ARM.attributes
                0x000008cb       0x34 c:/Users/leejo/AppData/Roaming/Code/User/globalStorage/bmd.stm32-for-vscode/@xpack-dev-tools/arm-none-eabi-gcc/15.2.1-1.1.1/.content/bin/../lib/gcc/arm-none-eabi/15.2.1/../../../../arm-none-eabi/lib/thumb/v7e-m+fp/hard\libm.a(libm_a-math_errf.o)
 .ARM.attributes
                0x000008ff       0x34 c:/Users/leejo/AppData/Roaming/Code/User/globalStorage/bmd.stm32-for-vscode/@xpack-dev-tools/arm-none-eabi-gcc/15.2.1-1.1.1/.content/bin/../lib/gcc/arm-none-eabi/15.2.1/../../../../arm-none-eabi/lib/thumb/v7e-m+fp/hard\libm.a(libm_a-ef_sqrt.o)
 .ARM.attributes
                0x00000933       0x34 c:/Users/leejo/AppData/Roaming/Code/User/globalStorage/bmd.stm32-for-vscode/@xpack-dev-tools/arm-none-eabi-gcc/15.2.1-1.1.1/.content/bin/../lib/gcc/arm-none-eabi/15.2.1/../../../../arm-none-eabi/lib/thumb/v7e-m+fp/hard\libm.a(libm_a-kf_rem_pio2.o)
 .ARM.attributes
                0x00000967       0x34 c:/Users/leejo/AppData/Roaming/Code/User/globalStorage/bmd.stm32-for-vscode/@xpack-dev-tools/arm-none-eabi-gcc/15.2.1-1.1.1/.content/bin/../lib/gcc/arm-none-eabi/15.2.1/../../../../arm-none-eabi/lib/thumb/v7e-m+fp/hard\libm.a(libm_a-sf_floor.o)
 .ARM.attributes
                0x0000099b       0x22 c:/Users/leejo/AppData/Roaming/Code/User/globalStorage/bmd.stm32-for-vscode/@xpack-dev-tools/arm-none-eabi-gcc/15.2.1-1.1.1/.content/bin/../lib/gcc/arm-none-eabi/15.2.1/thumb/v7e-m+fp/hard\libgcc.a(_aeabi_uldivmod.o)
 .ARM.attributes
                0x000009bd       0x34 c:/Users/leejo/AppData/Roaming/Code/User/globalStorage/bmd.stm32-for-vscode/@xpack-dev-tools/arm-none-eabi-gcc/15.2.1-1.1.1/.content/bin/../lib/gcc/arm-none-eabi/15.2.1/thumb/v7e-m+fp/hard\libgcc.a(_udivmoddi4.o)
 .ARM.attributes
                0x000009f1       0x22 c:/Users/leejo/AppData/Roaming/Code/User/globalStorage/bmd.stm32-for-vscode/@xpack-dev-tools/arm-none-eabi-gcc/15.2.1-1.1.1/.content/bin/../lib/gcc/arm-none-eabi/15.2.1/thumb/v7e-m+fp/hard\libgcc.a(_dvmd_tls.o)
 .ARM.attributes
                0x00000a13       0x22 c:/Users/leejo/AppData/Roaming/Code/User/globalStorage/bmd.stm32-for-vscode/@xpack-dev-tools/arm-none-eabi-gcc/15.2.1-1.1.1/.content/bin/../lib/gcc/arm-none-eabi/15.2.1/thumb/v7e-m+fp/hard/crtn.o

.comment        0x00000000       0x39
 .comment       0x00000000       0x39 c:/Users/leejo/AppData/Roaming/Code/User/globalStorage/bmd.stm32-for-vscode/@xpack-dev-tools/arm-none-eabi-gcc/15.2.1-1.1.1/.content/bin/../lib/gcc/arm-none-eabi/15.2.1/thumb/v7e-m+fp/hard/crtbegin.o
                                 0x3a (size before relaxing)
 .comment       0x00000039        0x0 build/debug/cmsis_os.o
                                 0x3a (size before relaxing)
 .comment       0x00000039        0x0 build/debug/dsp_task.o
                                 0x3a (size before relaxing)
 .comment       0x00000039        0x0 build/debug/freertos.o
                                 0x3a (size before relaxing)
 .comment       0x00000039        0x0 build/debug/heap_4.o
                                 0x3a (size before relaxing)
 .comment       0x00000039        0x0 build/debug/list.o
                                 0x3a (size before relaxing)
 .comment       0x00000039        0x0 build/debug/main.o
                                 0x3a (size before relaxing)
 .comment       0x00000039        0x0 build/debug/port.o
                                 0x3a (size before relaxing)
 .comment       0x00000039        0x0 build/debug/queue.o
                                 0x3a (size before relaxing)
 .comment       0x00000039        0x0 build/debug/spi_task.o
                                 0x3a (size before relaxing)
 .comment       0x00000039        0x0 build/debug/stm32f4xx_hal.o
                                 0x3a (size before relaxing)
 .comment       0x00000039        0x0 build/debug/stm32f4xx_hal_cortex.o
                                 0x3a (size before relaxing)
 .comment       0x00000039        0x0 build/debug/stm32f4xx_hal_dma.o
                                 0x3a (size before relaxing)
 .comment       0x00000039        0x0 build/debug/stm32f4xx_hal_gpio.o
                                 0x3a (size before relaxing)
 .comment       0x00000039        0x0 build/debug/stm32f4xx_hal_i2c.o
                                 0x3a (size before relaxing)
 .comment       0x00000039        0x0 build/debug/stm32f4xx_hal_i2s.o
                                 0x3a (size before relaxing)
 .comment       0x00000039        0x0 build/debug/stm32f4xx_hal_i2s_ex.o
                                 0x3a (size before relaxing)
 .comment       0x00000039        0x0 build/debug/stm32f4xx_hal_msp.o
                                 0x3a (size before relaxing)
 .comment       0x00000039        0x0 build/debug/stm32f4xx_hal_rcc.o
                                 0x3a (size before relaxing)
 .comment       0x00000039        0x0 build/debug/stm32f4xx_hal_rcc_ex.o
                                 0x3a (size before relaxing)
 .comment       0x00000039        0x0 build/debug/stm32f4xx_hal_spi.o
                                 0x3a (size before relaxing)
 .comment       0x00000039        0x0 build/debug/stm32f4xx_hal_tim.o
                                 0x3a (size before relaxing)
 .comment       0x00000039        0x0 build/debug/stm32f4xx_hal_tim_ex.o
                                 0x3a (size before relaxing)
 .comment       0x00000039        0x0 build/debug/stm32f4xx_hal_timebase_tim.o
                                 0x3a (size before relaxing)
 .comment       0x00000039        0x0 build/debug/stm32f4xx_it.o
                                 0x3a (size before relaxing)
 .comment       0x00000039        0x0 build/debug/system_stm32f4xx.o
                                 0x3a (size before relaxing)
 .comment       0x00000039        0x0 build/debug/tasks.o
                                 0x3a (size before relaxing)
 .comment       0x00000039        0x0 c:/Users/leejo/AppData/Roaming/Code/User/globalStorage/bmd.stm32-for-vscode/@xpack-dev-tools/arm-none-eabi-gcc/15.2.1-1.1.1/.content/bin/../lib/gcc/arm-none-eabi/15.2.1/../../../../arm-none-eabi/lib/thumb/v7e-m+fp/hard\libc_nano.a(libc_a-findfp.o)
                                 0x3a (size before relaxing)
 .comment       0x00000039        0x0 c:/Users/leejo/AppData/Roaming/Code/User/globalStorage/bmd.stm32-for-vscode/@xpack-dev-tools/arm-none-eabi-gcc/15.2.1-1.1.1/.content/bin/../lib/gcc/arm-none-eabi/15.2.1/../../../../arm-none-eabi/lib/thumb/v7e-m+fp/hard\libc_nano.a(libc_a-memset.o)
                                 0x3a (size before relaxing)
 .comment       0x00000039        0x0 c:/Users/leejo/AppData/Roaming/Code/User/globalStorage/bmd.stm32-for-vscode/@xpack-dev-tools/arm-none-eabi-gcc/15.2.1-1.1.1/.content/bin/../lib/gcc/arm-none-eabi/15.2.1/../../../../arm-none-eabi/lib/thumb/v7e-m+fp/hard\libc_nano.a(libc_a-impure.o)
                                 0x3a (size before relaxing)
 .comment       0x00000039        0x0 c:/Users/leejo/AppData/Roaming/Code/User/globalStorage/bmd.stm32-for-vscode/@xpack-dev-tools/arm-none-eabi-gcc/15.2.1-1.1.1/.content/bin/../lib/gcc/arm-none-eabi/15.2.1/../../../../arm-none-eabi/lib/thumb/v7e-m+fp/hard\libc_nano.a(libc_a-errno.o)
                                 0x3a (size before relaxing)
 .comment       0x00000039        0x0 c:/Users/leejo/AppData/Roaming/Code/User/globalStorage/bmd.stm32-for-vscode/@xpack-dev-tools/arm-none-eabi-gcc/15.2.1-1.1.1/.content/bin/../lib/gcc/arm-none-eabi/15.2.1/../../../../arm-none-eabi/lib/thumb/v7e-m+fp/hard\libc_nano.a(libc_a-init.o)
                                 0x3a (size before relaxing)
 .comment       0x00000039        0x0 c:/Users/leejo/AppData/Roaming/Code/User/globalStorage/bmd.stm32-for-vscode/@xpack-dev-tools/arm-none-eabi-gcc/15.2.1-1.1.1/.content/bin/../lib/gcc/arm-none-eabi/15.2.1/../../../../arm-none-eabi/lib/thumb/v7e-m+fp/hard\libc_nano.a(libc_a-memcpy-stub.o)
                                 0x3a (size before relaxing)
 .comment       0x00000039        0x0 c:/Users/leejo/AppData/Roaming/Code/User/globalStorage/bmd.stm32-for-vscode/@xpack-dev-tools/arm-none-eabi-gcc/15.2.1-1.1.1/.content/bin/../lib/gcc/arm-none-eabi/15.2.1/../../../../arm-none-eabi/lib/thumb/v7e-m+fp/hard\libm.a(libm_a-wf_pow.o)
                                 0x3a (size before relaxing)
 .comment       0x00000039        0x0 c:/Users/leejo/AppData/Roaming/Code/User/globalStorage/bmd.stm32-for-vscode/@xpack-dev-tools/arm-none-eabi-gcc/15.2.1-1.1.1/.content/bin/../lib/gcc/arm-none-eabi/15.2.1/../../../../arm-none-eabi/lib/thumb/v7e-m+fp/hard\libm.a(libm_a-sf_sin.o)
                                 0x3a (size before relaxing)
 .comment       0x00000039        0x0 c:/Users/leejo/AppData/Roaming/Code/User/globalStorage/bmd.stm32-for-vscode/@xpack-dev-tools/arm-none-eabi-gcc/15.2.1-1.1.1/.content/bin/../lib/gcc/arm-none-eabi/15.2.1/../../../../arm-none-eabi/lib/thumb/v7e-m+fp/hard\libm.a(libm_a-sf_finite.o)
                                 0x3a (size before relaxing)
 .comment       0x00000039        0x0 c:/Users/leejo/AppData/Roaming/Code/User/globalStorage/bmd.stm32-for-vscode/@xpack-dev-tools/arm-none-eabi-gcc/15.2.1-1.1.1/.content/bin/../lib/gcc/arm-none-eabi/15.2.1/../../../../arm-none-eabi/lib/thumb/v7e-m+fp/hard\libm.a(libm_a-kf_cos.o)
                                 0x3a (size before relaxing)
 .comment       0x00000039        0x0 c:/Users/leejo/AppData/Roaming/Code/User/globalStorage/bmd.stm32-for-vscode/@xpack-dev-tools/arm-none-eabi-gcc/15.2.1-1.1.1/.content/bin/../lib/gcc/arm-none-eabi/15.2.1/../../../../arm-none-eabi/lib/thumb/v7e-m+fp/hard\libm.a(libm_a-kf_sin.o)
                                 0x3a (size before relaxing)
 .comment       0x00000039        0x0 c:/Users/leejo/AppData/Roaming/Code/User/globalStorage/bmd.stm32-for-vscode/@xpack-dev-tools/arm-none-eabi-gcc/15.2.1-1.1.1/.content/bin/../lib/gcc/arm-none-eabi/15.2.1/../../../../arm-none-eabi/lib/thumb/v7e-m+fp/hard\libm.a(libm_a-ef_pow.o)
                                 0x3a (size before relaxing)
 .comment       0x00000039        0x0 c:/Users/leejo/AppData/Roaming/Code/User/globalStorage/bmd.stm32-for-vscode/@xpack-dev-tools/arm-none-eabi-gcc/15.2.1-1.1.1/.content/bin/../lib/gcc/arm-none-eabi/15.2.1/../../../../arm-none-eabi/lib/thumb/v7e-m+fp/hard\libm.a(libm_a-ef_rem_pio2.o)
                                 0x3a (size before relaxing)
 .comment       0x00000039        0x0 c:/Users/leejo/AppData/Roaming/Code/User/globalStorage/bmd.stm32-for-vscode/@xpack-dev-tools/arm-none-eabi-gcc/15.2.1-1.1.1/.content/bin/../lib/gcc/arm-none-eabi/15.2.1/../../../../arm-none-eabi/lib/thumb/v7e-m+fp/hard\libm.a(libm_a-sf_fabs.o)
                                 0x3a (size before relaxing)
 .comment       0x00000039        0x0 c:/Users/leejo/AppData/Roaming/Code/User/globalStorage/bmd.stm32-for-vscode/@xpack-dev-tools/arm-none-eabi-gcc/15.2.1-1.1.1/.content/bin/../lib/gcc/arm-none-eabi/15.2.1/../../../../arm-none-eabi/lib/thumb/v7e-m+fp/hard\libm.a(libm_a-sf_scalbn.o)
                                 0x3a (size before relaxing)
 .comment       0x00000039        0x0 c:/Users/leejo/AppData/Roaming/Code/User/globalStorage/bmd.stm32-for-vscode/@xpack-dev-tools/arm-none-eabi-gcc/15.2.1-1.1.1/.content/bin/../lib/gcc/arm-none-eabi/15.2.1/../../../../arm-none-eabi/lib/thumb/v7e-m+fp/hard\libm.a(libm_a-math_errf.o)
                                 0x3a (size before relaxing)
 .comment       0x00000039        0x0 c:/Users/leejo/AppData/Roaming/Code/User/globalStorage/bmd.stm32-for-vscode/@xpack-dev-tools/arm-none-eabi-gcc/15.2.1-1.1.1/.content/bin/../lib/gcc/arm-none-eabi/15.2.1/../../../../arm-none-eabi/lib/thumb/v7e-m+fp/hard\libm.a(libm_a-ef_sqrt.o)
                                 0x3a (size before relaxing)
 .comment       0x00000039        0x0 c:/Users/leejo/AppData/Roaming/Code/User/globalStorage/bmd.stm32-for-vscode/@xpack-dev-tools/arm-none-eabi-gcc/15.2.1-1.1.1/.content/bin/../lib/gcc/arm-none-eabi/15.2.1/../../../../arm-none-eabi/lib/thumb/v7e-m+fp/hard\libm.a(libm_a-kf_rem_pio2.o)
                                 0x3a (size before relaxing)
 .comment       0x00000039        0x0 c:/Users/leejo/AppData/Roaming/Code/User/globalStorage/bmd.stm32-for-vscode/@xpack-dev-tools/arm-none-eabi-gcc/15.2.1-1.1.1/.content/bin/../lib/gcc/arm-none-eabi/15.2.1/../../../../arm-none-eabi/lib/thumb/v7e-m+fp/hard\libm.a(libm_a-sf_floor.o)
                                 0x3a (size before relaxing)
 .comment       0x00000039        0x0 c:/Users/leejo/AppData/Roaming/Code/User/globalStorage/bmd.stm32-for-vscode/@xpack-dev-tools/arm-none-eabi-gcc/15.2.1-1.1.1/.content/bin/../lib/gcc/arm-none-eabi/15.2.1/thumb/v7e-m+fp/hard\libgcc.a(_udivmoddi4.o)
                                 0x3a (size before relaxing)

.debug_info     0x00000000    0x1ff5c
 .debug_info    0x00000000     0x23e1 build/debug/cmsis_os.o
 .debug_info    0x000023e1     0x10a6 build/debug/dsp_task.o
 .debug_info    0x00003487      0x277 build/debug/freertos.o
 .debug_info    0x000036fe      0x598 build/debug/heap_4.o
 .debug_info    0x00003c96      0x2cf build/debug/list.o
 .debug_info    0x00003f65     0x23c3 build/debug/main.o
 .debug_info    0x00006328      0x55f build/debug/port.o
 .debug_info    0x00006887     0x2288 build/debug/queue.o
 .debug_info    0x00008b0f      0xadd build/debug/spi_task.o
 .debug_info    0x000095ec      0x9e2 build/debug/stm32f4xx_hal.o
 .debug_info    0x00009fce      0xffa build/debug/stm32f4xx_hal_cortex.o
 .debug_info    0x0000afc8      0xade build/debug/stm32f4xx_hal_dma.o
 .debug_info    0x0000baa6      0x711 build/debug/stm32f4xx_hal_gpio.o
 .debug_info    0x0000c1b7     0x382e build/debug/stm32f4xx_hal_i2c.o
 .debug_info    0x0000f9e5     0x1157 build/debug/stm32f4xx_hal_i2s.o
 .debug_info    0x00010b3c      0xd7f build/debug/stm32f4xx_hal_i2s_ex.o
 .debug_info    0x000118bb     0x1543 build/debug/stm32f4xx_hal_msp.o
 .debug_info    0x00012dfe      0xa86 build/debug/stm32f4xx_hal_rcc.o
 .debug_info    0x00013884      0x656 build/debug/stm32f4xx_hal_rcc_ex.o
 .debug_info    0x00013eda     0x1cd1 build/debug/stm32f4xx_hal_spi.o
 .debug_info    0x00015bab     0x3cee build/debug/stm32f4xx_hal_tim.o
 .debug_info    0x00019899     0x1b0d build/debug/stm32f4xx_hal_tim_ex.o
 .debug_info    0x0001b3a6      0xc74 build/debug/stm32f4xx_hal_timebase_tim.o
 .debug_info    0x0001c01a      0xa0d build/debug/stm32f4xx_it.o
 .debug_info    0x0001ca27      0x52c build/debug/system_stm32f4xx.o
 .debug_info    0x0001cf53     0x2871 build/debug/tasks.o
 .debug_info    0x0001f7c4       0x30 build/debug/startup_stm32f407xx.o
 .debug_info    0x0001f7f4       0x24 c:/Users/leejo/AppData/Roaming/Code/User/globalStorage/bmd.stm32-for-vscode/@xpack-dev-tools/arm-none-eabi-gcc/15.2.1-1.1.1/.content/bin/../lib/gcc/arm-none-eabi/15.2.1/thumb/v7e-m+fp/hard\libgcc.a(_aeabi_uldivmod.o)
 .debug_info    0x0001f818      0x708 c:/Users/leejo/AppData/Roaming/Code/User/globalStorage/bmd.stm32-for-vscode/@xpack-dev-tools/arm-none-eabi-gcc/15.2.1-1.1.1/.content/bin/../lib/gcc/arm-none-eabi/15.2.1/thumb/v7e-m+fp/hard\libgcc.a(_udivmoddi4.o)
 .debug_info    0x0001ff20       0x3c c:/Users/leejo/AppData/Roaming/Code/User/globalStorage/bmd.stm32-for-vscode/@xpack-dev-tools/arm-none-eabi-gcc/15.2.1-1.1.1/.content/bin/../lib/gcc/arm-none-eabi/15.2.1/thumb/v7e-m+fp/hard\libgcc.a(_dvmd_tls.o)

.debug_abbrev   0x00000000     0x42fd
 .debug_abbrev  0x00000000      0x3ff build/debug/cmsis_os.o
 .debug_abbrev  0x000003ff      0x2fc build/debug/dsp_task.o
 .debug_abbrev  0x000006fb       0xd6 build/debug/freertos.o
 .debug_abbrev  0x000007d1      0x269 build/debug/heap_4.o
 .debug_abbrev  0x00000a3a      0x111 build/debug/list.o
 .debug_abbrev  0x00000b4b      0x38a build/debug/main.o
 .debug_abbrev  0x00000ed5      0x299 build/debug/port.o
 .debug_abbrev  0x0000116e      0x3ed build/debug/queue.o
 .debug_abbrev  0x0000155b      0x22f build/debug/spi_task.o
 .debug_abbrev  0x0000178a      0x246 build/debug/stm32f4xx_hal.o
 .debug_abbrev  0x000019d0      0x397 build/debug/stm32f4xx_hal_cortex.o
 .debug_abbrev  0x00001d67      0x2c6 build/debug/stm32f4xx_hal_dma.o
 .debug_abbrev  0x0000202d      0x21b build/debug/stm32f4xx_hal_gpio.o
 .debug_abbrev  0x00002248      0x2c9 build/debug/stm32f4xx_hal_i2c.o
 .debug_abbrev  0x00002511      0x280 build/debug/stm32f4xx_hal_i2s.o
 .debug_abbrev  0x00002791      0x29c build/debug/stm32f4xx_hal_i2s_ex.o
 .debug_abbrev  0x00002a2d      0x271 build/debug/stm32f4xx_hal_msp.o
 .debug_abbrev  0x00002c9e      0x2cd build/debug/stm32f4xx_hal_rcc.o
 .debug_abbrev  0x00002f6b      0x1ca build/debug/stm32f4xx_hal_rcc_ex.o
 .debug_abbrev  0x00003135      0x278 build/debug/stm32f4xx_hal_spi.o
 .debug_abbrev  0x000033ad      0x277 build/debug/stm32f4xx_hal_tim.o
 .debug_abbrev  0x00003624      0x275 build/debug/stm32f4xx_hal_tim_ex.o
 .debug_abbrev  0x00003899      0x239 build/debug/stm32f4xx_hal_timebase_tim.o
 .debug_abbrev  0x00003ad2      0x1a9 build/debug/stm32f4xx_it.o
 .debug_abbrev  0x00003c7b      0x124 build/debug/system_stm32f4xx.o
 .debug_abbrev  0x00003d9f      0x390 build/debug/tasks.o
 .debug_abbrev  0x0000412f       0x24 build/debug/startup_stm32f407xx.o
 .debug_abbrev  0x00004153       0x14 c:/Users/leejo/AppData/Roaming/Code/User/globalStorage/bmd.stm32-for-vscode/@xpack-dev-tools/arm-none-eabi-gcc/15.2.1-1.1.1/.content/bin/../lib/gcc/arm-none-eabi/15.2.1/thumb/v7e-m+fp/hard\libgcc.a(_aeabi_uldivmod.o)
 .debug_abbrev  0x00004167      0x170 c:/Users/leejo/AppData/Roaming/Code/User/globalStorage/bmd.stm32-for-vscode/@xpack-dev-tools/arm-none-eabi-gcc/15.2.1-1.1.1/.content/bin/../lib/gcc/arm-none-eabi/15.2.1/thumb/v7e-m+fp/hard\libgcc.a(_udivmoddi4.o)
 .debug_abbrev  0x000042d7       0x26 c:/Users/leejo/AppData/Roaming/Code/User/globalStorage/bmd.stm32-for-vscode/@xpack-dev-tools/arm-none-eabi-gcc/15.2.1-1.1.1/.content/bin/../lib/gcc/arm-none-eabi/15.2.1/thumb/v7e-m+fp/hard\libgcc.a(_dvmd_tls.o)

.debug_loclists
                0x00000000    0x1021e
 .debug_loclists
                0x00000000      0xc93 build/debug/cmsis_os.o
 .debug_loclists
                0x00000c93      0x483 build/debug/dsp_task.o
 .debug_loclists
                0x00001116      0x2c9 build/debug/heap_4.o
 .debug_loclists
                0x000013df       0x94 build/debug/list.o
 .debug_loclists
                0x00001473       0xe0 build/debug/main.o
 .debug_loclists
                0x00001553       0xc1 build/debug/port.o
 .debug_loclists
                0x00001614      0xef3 build/debug/queue.o
 .debug_loclists
                0x00002507       0x5e build/debug/spi_task.o
 .debug_loclists
                0x00002565       0xe1 build/debug/stm32f4xx_hal.o
 .debug_loclists
                0x00002646      0x500 build/debug/stm32f4xx_hal_cortex.o
 .debug_loclists
                0x00002b46      0x8e5 build/debug/stm32f4xx_hal_dma.o
 .debug_loclists
                0x0000342b      0x361 build/debug/stm32f4xx_hal_gpio.o
 .debug_loclists
                0x0000378c     0x2f09 build/debug/stm32f4xx_hal_i2c.o
 .debug_loclists
                0x00006695      0xbea build/debug/stm32f4xx_hal_i2s.o
 .debug_loclists
                0x0000727f      0x7e3 build/debug/stm32f4xx_hal_i2s_ex.o
 .debug_loclists
                0x00007a62      0x15d build/debug/stm32f4xx_hal_msp.o
 .debug_loclists
                0x00007bbf      0x3b1 build/debug/stm32f4xx_hal_rcc.o
 .debug_loclists
                0x00007f70      0x23c build/debug/stm32f4xx_hal_rcc_ex.o
 .debug_loclists
                0x000081ac     0x145f build/debug/stm32f4xx_hal_spi.o
 .debug_loclists
                0x0000960b     0x392d build/debug/stm32f4xx_hal_tim.o
 .debug_loclists
                0x0000cf38     0x14f5 build/debug/stm32f4xx_hal_tim_ex.o
 .debug_loclists
                0x0000e42d       0x8d build/debug/stm32f4xx_hal_timebase_tim.o
 .debug_loclists
                0x0000e4ba       0x70 build/debug/system_stm32f4xx.o
 .debug_loclists
                0x0000e52a     0x1285 build/debug/tasks.o
 .debug_loclists
                0x0000f7af      0xa6f c:/Users/leejo/AppData/Roaming/Code/User/globalStorage/bmd.stm32-for-vscode/@xpack-dev-tools/arm-none-eabi-gcc/15.2.1-1.1.1/.content/bin/../lib/gcc/arm-none-eabi/15.2.1/thumb/v7e-m+fp/hard\libgcc.a(_udivmoddi4.o)

.debug_aranges  0x00000000     0x1740
 .debug_aranges
                0x00000000      0x1d8 build/debug/cmsis_os.o
 .debug_aranges
                0x000001d8       0x58 build/debug/dsp_task.o
 .debug_aranges
                0x00000230       0x20 build/debug/freertos.o
 .debug_aranges
                0x00000250       0x58 build/debug/heap_4.o
 .debug_aranges
                0x000002a8       0x40 build/debug/list.o
 .debug_aranges
                0x000002e8       0x80 build/debug/main.o
 .debug_aranges
                0x00000368       0x80 build/debug/port.o
 .debug_aranges
                0x000003e8      0x108 build/debug/queue.o
 .debug_aranges
                0x000004f0       0x20 build/debug/spi_task.o
 .debug_aranges
                0x00000510       0xf0 build/debug/stm32f4xx_hal.o
 .debug_aranges
                0x00000600       0xf8 build/debug/stm32f4xx_hal_cortex.o
 .debug_aranges
                0x000006f8       0x90 build/debug/stm32f4xx_hal_dma.o
 .debug_aranges
                0x00000788       0x58 build/debug/stm32f4xx_hal_gpio.o
 .debug_aranges
                0x000007e0      0x2a8 build/debug/stm32f4xx_hal_i2c.o
 .debug_aranges
                0x00000a88      0x108 build/debug/stm32f4xx_hal_i2s.o
 .debug_aranges
                0x00000b90       0x88 build/debug/stm32f4xx_hal_i2s_ex.o
 .debug_aranges
                0x00000c18       0x50 build/debug/stm32f4xx_hal_msp.o
 .debug_aranges
                0x00000c68       0x88 build/debug/stm32f4xx_hal_rcc.o
 .debug_aranges
                0x00000cf0       0x48 build/debug/stm32f4xx_hal_rcc_ex.o
 .debug_aranges
                0x00000d38      0x1d0 build/debug/stm32f4xx_hal_spi.o
 .debug_aranges
                0x00000f08      0x3d0 build/debug/stm32f4xx_hal_tim.o
 .debug_aranges
                0x000012d8      0x168 build/debug/stm32f4xx_hal_tim_ex.o
 .debug_aranges
                0x00001440       0x30 build/debug/stm32f4xx_hal_timebase_tim.o
 .debug_aranges
                0x00001470       0x68 build/debug/stm32f4xx_it.o
 .debug_aranges
                0x000014d8       0x28 build/debug/system_stm32f4xx.o
 .debug_aranges
                0x00001500      0x1b8 build/debug/tasks.o
 .debug_aranges
                0x000016b8       0x28 build/debug/startup_stm32f407xx.o
 .debug_aranges
                0x000016e0       0x20 c:/Users/leejo/AppData/Roaming/Code/User/globalStorage/bmd.stm32-for-vscode/@xpack-dev-tools/arm-none-eabi-gcc/15.2.1-1.1.1/.content/bin/../lib/gcc/arm-none-eabi/15.2.1/thumb/v7e-m+fp/hard\libgcc.a(_aeabi_uldivmod.o)
 .debug_aranges
                0x00001700       0x20 c:/Users/leejo/AppData/Roaming/Code/User/globalStorage/bmd.stm32-for-vscode/@xpack-dev-tools/arm-none-eabi-gcc/15.2.1-1.1.1/.content/bin/../lib/gcc/arm-none-eabi/15.2.1/thumb/v7e-m+fp/hard\libgcc.a(_udivmoddi4.o)
 .debug_aranges
                0x00001720       0x20 c:/Users/leejo/AppData/Roaming/Code/User/globalStorage/bmd.stm32-for-vscode/@xpack-dev-tools/arm-none-eabi-gcc/15.2.1-1.1.1/.content/bin/../lib/gcc/arm-none-eabi/15.2.1/thumb/v7e-m+fp/hard\libgcc.a(_dvmd_tls.o)

.debug_rnglists
                0x00000000     0x1387
 .debug_rnglists
                0x00000000      0x15f build/debug/cmsis_os.o
 .debug_rnglists
                0x0000015f       0x8a build/debug/dsp_task.o
 .debug_rnglists
                0x000001e9       0x13 build/debug/freertos.o
 .debug_rnglists
                0x000001fc       0x40 build/debug/heap_4.o
 .debug_rnglists
                0x0000023c       0x2b build/debug/list.o
 .debug_rnglists
                0x00000267       0x5e build/debug/main.o
 .debug_rnglists
                0x000002c5       0x69 build/debug/port.o
 .debug_rnglists
                0x0000032e      0x135 build/debug/queue.o
 .debug_rnglists
                0x00000463       0x21 build/debug/spi_task.o
 .debug_rnglists
                0x00000484       0xaf build/debug/stm32f4xx_hal.o
 .debug_rnglists
                0x00000533       0xb5 build/debug/stm32f4xx_hal_cortex.o
 .debug_rnglists
                0x000005e8       0x6c build/debug/stm32f4xx_hal_dma.o
 .debug_rnglists
                0x00000654       0x3f build/debug/stm32f4xx_hal_gpio.o
 .debug_rnglists
                0x00000693      0x236 build/debug/stm32f4xx_hal_i2c.o
 .debug_rnglists
                0x000008c9       0xe3 build/debug/stm32f4xx_hal_i2s.o
 .debug_rnglists
                0x000009ac       0x72 build/debug/stm32f4xx_hal_i2s_ex.o
 .debug_rnglists
                0x00000a1e       0x39 build/debug/stm32f4xx_hal_msp.o
 .debug_rnglists