Archive member included to satisfy reference by file (symbol)

c:/Users/leejo/AppData/Roaming/Code/User/globalStorage/bmd.stm32-for-vscode/@xpack-dev-tools/arm-none-eabi-gcc/15.2.1-1.1.1/.content/bin/../lib/gcc/arm-none-eabi/15.2.1/../../../../arm-none-eabi/lib/thumb/v7e-m+fp/hard\libc_nano.a(libc_a-atexit.o)
                              c:/Users/leejo/AppData/Roaming/Code/User/globalStorage/bmd.stm32-for-vscode/@xpack-dev-tools/arm-none-eabi-gcc/15.2.1-1.1.1/.content/bin/../lib/gcc/arm-none-eabi/15.2.1/../../../../arm-none-eabi/lib/thumb/v7e-m+fp/hard/crt0.o (atexit)
c:/Users/leejo/AppData/Roaming/Code/User/globalStorage/bmd.stm32-for-vscode/@xpack-dev-tools/arm-none-eabi-gcc/15.2.1-1.1.1/.content/bin/../lib/gcc/arm-none-eabi/15.2.1/../../../../arm-none-eabi/lib/thumb/v7e-m+fp/hard\libc_nano.a(libc_a-exit.o)
                              c:/Users/leejo/AppData/Roaming/Code/User/globalStorage/bmd.stm32-for-vscode/@xpack-dev-tools/arm-none-eabi-gcc/15.2.1-1.1.1/.content/bin/../lib/gcc/arm-none-eabi/15.2.1/../../../../arm-none-eabi/lib/thumb/v7e-m+fp/hard/crt0.o (exit)
c:/Users/leejo/AppData/Roaming/Code/User/globalStorage/bmd.stm32-for-vscode/@xpack-dev-tools/arm-none-eabi-gcc/15.2.1-1.1.1/.content/bin/../lib/gcc/arm-none-eabi/15.2.1/../../../../arm-none-eabi/lib/thumb/v7e-m+fp/hard\libc_nano.a(libc_a-findfp.o)
                              c:/Users/leejo/AppData/Roaming/Code/User/globalStorage/bmd.stm32-for-vscode/@xpack-dev-tools/arm-none-eabi-gcc/15.2.1-1.1.1/.content/bin/../lib/gcc/arm-none-eabi/15.2.1/../../../../arm-none-eabi/lib/thumb/v7e-m+fp/hard\libc_nano.a(libc_a-exit.o) (__stdio_exit_handler)
c:/Users/leejo/AppData/Roaming/Code/User/globalStorage/bmd.stm32-for-vscode/@xpack-dev-tools/arm-none-eabi-gcc/15.2.1-1.1.1/.content/bin/../lib/gcc/arm-none-eabi/15.2.1/../../../../arm-none-eabi/lib/thumb/v7e-m+fp/hard\libc_nano.a(libc_a-fwalk.o)
                              c:/Users/leejo/AppData/Roaming/Code/User/globalStorage/bmd.stm32-for-vscode/@xpack-dev-tools/arm-none-eabi-gcc/15.2.1-1.1.1/.content/bin/../lib/gcc/arm-none-eabi/15.2.1/../../../../arm-none-eabi/lib/thumb/v7e-m+fp/hard\libc_nano.a(libc_a-findfp.o) (_fwalk_sglue)
c:/Users/leejo/AppData/Roaming/Code/User/globalStorage/bmd.stm32-for-vscode/@xpack-dev-tools/arm-none-eabi-gcc/15.2.1-1.1.1/.content/bin/../lib/gcc/arm-none-eabi/15.2.1/../../../../arm-none-eabi/lib/thumb/v7e-m+fp/hard\libc_nano.a(libc_a-stdio.o)
                              c:/Users/leejo/AppData/Roaming/Code/User/globalStorage/bmd.stm32-for-vscode/@xpack-dev-tools/arm-none-eabi-gcc/15.2.1-1.1.1/.content/bin/../lib/gcc/arm-none-eabi/15.2.1/../../../../arm-none-eabi/lib/thumb/v7e-m+fp/hard\libc_nano.a(libc_a-findfp.o) (__sread)
c:/Users/leejo/AppData/Roaming/Code/User/globalStorage/bmd.stm32-for-vscode/@xpack-dev-tools/arm-none-eabi-gcc/15.2.1-1.1.1/.content/bin/../lib/gcc/arm-none-eabi/15.2.1/../../../../arm-none-eabi/lib/thumb/v7e-m+fp/hard\libc_nano.a(libc_a-memset.o)
                              c:/Users/leejo/AppData/Roaming/Code/User/globalStorage/bmd.stm32-for-vscode/@xpack-dev-tools/arm-none-eabi-gcc/15.2.1-1.1.1/.content/bin/../lib/gcc/arm-none-eabi/15.2.1/../../../../arm-none-eabi/lib/thumb/v7e-m+fp/hard/crt0.o (memset)
c:/Users/leejo/AppData/Roaming/Code/User/globalStorage/bmd.stm32-for-vscode/@xpack-dev-tools/arm-none-eabi-gcc/15.2.1-1.1.1/.content/bin/../lib/gcc/arm-none-eabi/15.2.1/../../../../arm-none-eabi/lib/thumb/v7e-m+fp/hard\libc_nano.a(libc_a-closer.o)
                              c:/Users/leejo/AppData/Roaming/Code/User/globalStorage/bmd.stm32-for-vscode/@xpack-dev-tools/arm-none-eabi-gcc/15.2.1-1.1.1/.content/bin/../lib/gcc/arm-none-eabi/15.2.1/../../../../arm-none-eabi/lib/thumb/v7e-m+fp/hard\libc_nano.a(libc_a-stdio.o) (_close_r)
c:/Users/leejo/AppData/Roaming/Code/User/globalStorage/bmd.stm32-for-vscode/@xpack-dev-tools/arm-none-eabi-gcc/15.2.1-1.1.1/.content/bin/../lib/gcc/arm-none-eabi/15.2.1/../../../../arm-none-eabi/lib/thumb/v7e-m+fp/hard\libc_nano.a(libc_a-reent.o)
                              c:/Users/leejo/AppData/Roaming/Code/User/globalStorage/bmd.stm32-for-vscode/@xpack-dev-tools/arm-none-eabi-gcc/15.2.1-1.1.1/.content/bin/../lib/gcc/arm-none-eabi/15.2.1/../../../../arm-none-eabi/lib/thumb/v7e-m+fp/hard\libc_nano.a(libc_a-closer.o) (errno)
c:/Users/leejo/AppData/Roaming/Code/User/globalStorage/bmd.stm32-for-vscode/@xpack-dev-tools/arm-none-eabi-gcc/15.2.1-1.1.1/.content/bin/../lib/gcc/arm-none-eabi/15.2.1/../../../../arm-none-eabi/lib/thumb/v7e-m+fp/hard\libc_nano.a(libc_a-impure.o)
                              c:/Users/leejo/AppData/Roaming/Code/User/globalStorage/bmd.stm32-for-vscode/@xpack-dev-tools/arm-none-eabi-gcc/15.2.1-1.1.1/.content/bin/../lib/gcc/arm-none-eabi/15.2.1/../../../../arm-none-eabi/lib/thumb/v7e-m+fp/hard\libc_nano.a(libc_a-reent.o) (_impure_ptr)
[...]
Memory Configuration

Name             Origin             Length             Attributes
RAM              0x20000000         0x00020000         xrw
CCMRAM           0x10000000         0x00010000         xrw
FLASH            0x08000000         0x00100000         xr
*default*        0x00000000         0xffffffff

Linker script and memory map

LOAD c:/Users/leejo/AppData/Roaming/Code/User/globalStorage/bmd.stm32-for-vscode/@xpack-dev-tools/arm-none-eabi-gcc/15.2.1-1.1.1/.content/bin/../lib/gcc/arm-none-eabi/15.2.1/thumb/v7e-m+fp/hard/crti.o
LOAD c:/Users/leejo/AppData/Roaming/Code/User/globalStorage/bmd.stm32-for-vscode/@xpack-dev-tools/arm-none-eabi-gcc/15.2.1-1.1.1/.content/bin/../lib/gcc/arm-none-eabi/15.2.1/thumb/v7e-m+fp/hard/crtbegin.o
LOAD c:/Users/leejo/AppData/Roaming/Code/User/globalStorage/bmd.stm32-for-vscode/@xpack-dev-tools/arm-none-eabi-gcc/15.2.1-1.1.1/.content/bin/../lib/gcc/arm-none-eabi/15.2.1/../../../../arm-none-eabi/lib/thumb/v7e-m+fp/hard/crt0.o
LOAD build/debug/cmsis_os.o
LOAD build/debug/croutine.o
LOAD build/debug/dsp_task.o
LOAD build/debug/event_groups.o
LOAD build/debug/freertos.o
LOAD build/debug/heap_4.o
LOAD build/debug/list.o
LOAD build/debug/main.o
LOAD build/debug/port.o
LOAD build/debug/queue.o
LOAD build/debug/spi_task.o
LOAD build/debug/stm32f4xx_hal.o
LOAD build/debug/stm32f4xx_hal_cortex.o
LOAD build/debug/stm32f4xx_hal_dma.o
LOAD build/debug/stm32f4xx_hal_dma_ex.o
LOAD build/debug/stm32f4xx_hal_exti.o
LOAD build/debug/stm32f4xx_hal_flash.o
LOAD build/debug/stm32f4xx_hal_flash_ex.o
LOAD build/debug/stm32f4xx_hal_flash_ramfunc.o
LOAD build/debug/stm32f4xx_hal_gpio.o
LOAD build/debug/stm32f4xx_hal_i2c.o
LOAD build/debug/stm32f4xx_hal_i2c_ex.o
LOAD build/debug/stm32f4xx_hal_i2s.o
LOAD build/debug/stm32f4xx_hal_i2s_ex.o
LOAD build/debug/stm32f4xx_hal_msp.o
LOAD build/debug/stm32f4xx_hal_pwr.o
LOAD build/debug/stm32f4xx_hal_pwr_ex.o
LOAD build/debug/stm32f4xx_hal_rcc.o
LOAD build/debug/stm32f4xx_hal_rcc_ex.o
LOAD build/debug/stm32f4xx_hal_spi.o
LOAD build/debug/stm32f4xx_hal_tim.o
LOAD build/debug/stm32f4xx_hal_tim_ex.o
LOAD build/debug/stm32f4xx_hal_timebase_tim.o
LOAD build/debug/stm32f4xx_it.o
LOAD build/debug/stream_buffer.o
LOAD build/debug/syscalls.o
LOAD build/debug/sysmem.o
LOAD build/debug/system_stm32f4xx.o
LOAD build/debug/tasks.o
LOAD build/debug/timers.o
LOAD build/debug/startup_stm32f407xx.o
LOAD c:/Users/leejo/AppData/Roaming/Code/User/globalStorage/bmd.stm32-for-vscode/@xpack-dev-tools/arm-none-eabi-gcc/15.2.1-1.1.1/.content/bin/../lib/gcc/arm-none-eabi/15.2.1/../../../../arm-none-eabi/lib/thumb/v7e-m+fp/hard\libc_nano.a
LOAD c:/Users/leejo/AppData/Roaming/Code/User/globalStorage/bmd.stm32-for-vscode/@xpack-dev-tools/arm-none-eabi-gcc/15.2.1-1.1.1/.content/bin/../lib/gcc/arm-none-eabi/15.2.1/../../../../arm-none-eabi/lib/thumb/v7e-m+fp/hard\libm.a
LOAD c:/Users/leejo/AppData/Roaming/Code/User/globalStorage/bmd.stm32-for-vscode/@xpack-dev-tools/arm-none-eabi-gcc/15.2.1-1.1.1/.content/bin/../lib/gcc/arm-none-eabi/15.2.1/../../../../arm-none-eabi/lib/thumb/v7e-m+fp/hard\libnosys.a
START GROUP
LOAD c:/Users/leejo/AppData/Roaming/Code/User/globalStorage/bmd.stm32-for-vscode/@xpack-dev-tools/arm-none-eabi-gcc/15.2.1-1.1.1/.content/bin/../lib/gcc/arm-none-eabi/15.2.1/thumb/v7e-m+fp/hard\libgcc.a
LOAD c:/Users/leejo/AppData/Roaming/Code/User/globalStorage/bmd.stm32-for-vscode/@xpack-dev-tools/arm-none-eabi-gcc/15.2.1-1.1.1/.content/bin/../lib/gcc/arm-none-eabi/15.2.1/../../../../arm-none-eabi/lib/thumb/v7e-m+fp/hard\libc_nano.a
END GROUP
START GROUP
LOAD c:/Users/leejo/AppData/Roaming/Code/User/globalStorage/bmd.stm32-for-vscode/@xpack-dev-tools/arm-none-eabi-gcc/15.2.1-1.1.1/.content/bin/../lib/gcc/arm-none-eabi/15.2.1/thumb/v7e-m+fp/hard\libgcc.a
LOAD c:/Users/leejo/AppData/Roaming/Code/User/globalStorage/bmd.stm32-for-vscode/@xpack-dev-tools/arm-none-eabi-gcc/15.2.1-1.1.1/.content/bin/../lib/gcc/arm-none-eabi/15.2.1/../../../../arm-none-eabi/lib/thumb/v7e-m+fp/hard\libc_nano.a
END GROUP
LOAD c:/Users/leejo/AppData/Roaming/Code/User/globalStorage/bmd.stm32-for-vscode/@xpack-dev-tools/arm-none-eabi-gcc/15.2.1-1.1.1/.content/bin/../lib/gcc/arm-none-eabi/15.2.1/thumb/v7e-m+fp/hard/crtend.o
LOAD c:/Users/leejo/AppData/Roaming/Code/User/globalStorage/bmd.stm32-for-vscode/@xpack-dev-tools/arm-none-eabi-gcc/15.2.1-1.1.1/.content/bin/../lib/gcc/arm-none-eabi/15.2.1/thumb/v7e-m+fp/hard/crtn.o
                0x20020000                        _estack = (ORIGIN (RAM) + LENGTH (RAM))
                0x2001fc00                        _sstack = (_estack - _Min_Stack_Size)
                0x00000200                        _Min_Heap_Size = 0x200
                0x00000400                        _Min_Stack_Size = 0x400

.isr_vector     0x08000000      0x188
                0x08000000                        . = ALIGN (0x4)
 *(.isr_vector)
 .isr_vector    0x08000000      0x188 build/debug/startup_stm32f407xx.o
                0x08000000                g_pfnVectors
                0x08000188                        . = ALIGN (0x4)

.text           0x08000190     0x592c
                0x08000190                        . = ALIGN (0x4)
 *(.text)
 .text          0x08000190       0x30 c:/Users/leejo/AppData/Roaming/Code/User/globalStorage/bmd.stm32-for-vscode/@xpack-dev-tools/arm-none-eabi-gcc/15.2.1-1.1.1/.content/bin/../lib/gcc/arm-none-eabi/15.2.1/thumb/v7e-m+fp/hard\libgcc.a(_aeabi_uldivmod.o)
                0x08000190                __aeabi_uldivmod
 .text          0x080001c0        0x4 c:/Users/leejo/AppData/Roaming/Code/User/globalStorage/bmd.stm32-for-vscode/@xpack-dev-tools/arm-none-eabi-gcc/15.2.1-1.1.1/.content/bin/../lib/gcc/arm-none-eabi/15.2.1/thumb/v7e-m+fp/hard\libgcc.a(_dvmd_tls.o)
                0x080001c0                __aeabi_idiv0
                0x080001c0                __aeabi_ldiv0
 *(.text*)
 .text.__do_global_dtors_aux
                0x080001c4       0x28 c:/Users/leejo/AppData/Roaming/Code/User/globalStorage/bmd.stm32-for-vscode/@xpack-dev-tools/arm-none-eabi-gcc/15.2.1-1.1.1/.content/bin/../lib/gcc/arm-none-eabi/15.2.1/thumb/v7e-m+fp/hard/crtbegin.o
 .text.frame_dummy
                0x080001ec       0x1c c:/Users/leejo/AppData/Roaming/Code/User/globalStorage/bmd.stm32-for-vscode/@xpack-dev-tools/arm-none-eabi-gcc/15.2.1-1.1.1/.content/bin/../lib/gcc/arm-none-eabi/15.2.1/thumb/v7e-m+fp/hard/crtbegin.o
 .text.makeFreeRtosPriority
                0x08000208        0xc build/debug/cmsis_os.o
 .text.inHandlerMode
                0x08000214        0xc build/debug/cmsis_os.o
 .text.osKernelStart
                0x08000220        0xa build/debug/cmsis_os.o
                0x08000220                osKernelStart
 .text.osThreadCreate
                0x0800022a       0x66 build/debug/cmsis_os.o
                0x0800022a                osThreadCreate
 .text.osThreadGetId
                0x08000290        0x8 build/debug/cmsis_os.o
                0x08000290                osThreadGetId
 .text.osDelay  0x08000298        0xe build/debug/cmsis_os.o
                0x08000298                osDelay
 .text.osSignalSet
                0x080002a6       0x64 build/debug/cmsis_os.o
                0x080002a6                osSignalSet
 .text.osSignalWait
                0x0800030a       0x54 build/debug/cmsis_os.o
                0x0800030a                osSignalWait
 .text.osMutexCreate
                0x0800035e       0x16 build/debug/cmsis_os.o
                0x0800035e                osMutexCreate
 .text.osMutexWait
                0x08000374       0x60 build/debug/cmsis_os.o
                0x08000374                osMutexWait
 .text.osMutexRelease
                0x080003d4       0x5a build/debug/cmsis_os.o
                0x080003d4                osMutexRelease
 .text.osMessageCreate
                0x0800042e       0x28 build/debug/cmsis_os.o
                0x0800042e                osMessageCreate
 .text.osMessagePut
                0x08000456       0x68 build/debug/cmsis_os.o
                0x08000456                osMessagePut
 .text.osMessageGet
                0x080004be       0x86 build/debug/cmsis_os.o
                0x080004be                osMessageGet
 .text.apply_volume
                0x08000544       0x30 build/debug/dsp_task.o
 .text.apply_lpf
                0x08000574       0x8c build/debug/dsp_task.o
 .text.apply_delay
                0x08000600      0x16c build/debug/dsp_task.o
 .text.HAL_I2SEx_TxRxHalfCpltCallback
                0x0800076c       0x1c build/debug/dsp_task.o
                0x0800076c                HAL_I2SEx_TxRxHalfCpltCallback
 .text.HAL_I2SEx_TxRxCpltCallback
                0x08000788       0x1c build/debug/dsp_task.o
                0x08000788                HAL_I2SEx_TxRxCpltCallback
 .text.StartDSPTask
                0x080007a4       0xc0 build/debug/dsp_task.o
                0x080007a4                StartDSPTask
 .text.vApplicationGetIdleTaskMemory
                0x08000864       0x18 build/debug/freertos.o
                0x08000864                vApplicationGetIdleTaskMemory
 .text.prvHeapInit
                0x0800087c       0x64 build/debug/heap_4.o
 .text.prvInsertBlockIntoFreeList
                0x080008e0       0x5c build/debug/heap_4.o
 .text.pvPortMalloc
                0x0800093c      0x104 build/debug/heap_4.o
                0x0800093c                pvPortMalloc
 .text.vPortFree
                0x08000a40       0x80 build/debug/heap_4.o
                0x08000a40                vPortFree
 .text.vListInitialise
                0x08000ac0       0x16 build/debug/list.o
                0x08000ac0                vListInitialise
 .text.vListInitialiseItem
                0x08000ad6        0x6 build/debug/list.o
                0x08000ad6                vListInitialiseItem
 .text.vListInsertEnd
                0x08000adc       0x16 build/debug/list.o
                0x08000adc                vListInsertEnd
 .text.vListInsert
                0x08000af2       0x38 build/debug/list.o
                0x08000af2                vListInsert
 .text.uxListRemove
                0x08000b2a       0x26 build/debug/list.o
                0x08000b2a                uxListRemove
 .text.MX_GPIO_Init
                0x08000b50      0x1ac build/debug/main.o
 .text.MX_DMA_Init
                0x08000cfc       0x54 build/debug/main.o
 .text.StartDefaultTask
                0x08000d50       0x1c build/debug/main.o
                0x08000d50                StartDefaultTask
 .text.HAL_SPI_RxCpltCallback
                0x08000d6c       0x4c build/debug/main.o
                0x08000d6c                HAL_SPI_RxCpltCallback
 .text.HAL_SPI_ErrorCallback
                0x08000db8       0x24 build/debug/main.o
                0x08000db8                HAL_SPI_ErrorCallback
 .text.HAL_TIM_PeriodElapsedCallback
                0x08000ddc       0x18 build/debug/main.o
                0x08000ddc                HAL_TIM_PeriodElapsedCallback
 .text.Error_Handler
                0x08000df4        0x4 build/debug/main.o
                0x08000df4                Error_Handler
 .text.MX_I2C1_Init
                0x08000df8       0x38 build/debug/main.o
 .text.MX_I2S3_Init
                0x08000e30       0x3c build/debug/main.o
 .text.MX_SPI1_Init
                0x08000e6c       0x40 build/debug/main.o
 .text.MX_SPI2_Init
                0x08000eac       0x34 build/debug/main.o
 .text.SystemClock_Config
                0x08000ee0       0xa8 build/debug/main.o
                0x08000ee0                SystemClock_Config
 .text.main     0x08000f88       0xd8 build/debug/main.o
                0x08000f88                main
 .text.prvTaskExitError
                0x08001060       0x40 build/debug/port.o
 .text.prvPortStartFirstTask
                0x080010a0       0x28 build/debug/port.o
 .text.vPortEnableVFP
                0x080010c8       0x14 build/debug/port.o
 .text.pxPortInitialiseStack
                0x080010dc       0x2c build/debug/port.o
                0x080010dc                pxPortInitialiseStack
 *fill*         0x08001108        0x8 
 .text.SVC_Handler
                0x08001110       0x24 build/debug/port.o
                0x08001110                SVC_Handler
 .text.vPortEnterCritical
                0x08001134       0x44 build/debug/port.o
                0x08001134                vPortEnterCritical
 .text.vPortExitCritical
                0x08001178       0x2c build/debug/port.o
                0x08001178                vPortExitCritical
 *fill*         0x080011a4        0xc 
 .text.PendSV_Handler
                0x080011b0       0x64 build/debug/port.o
                0x080011b0                PendSV_Handler
 .text.SysTick_Handler
                0x08001214       0x2c build/debug/port.o
                0x08001214                SysTick_Handler
 .text.vPortSetupTimerInterrupt
                0x08001240       0x28 build/debug/port.o
                0x08001240                vPortSetupTimerInterrupt
 .text.xPortStartScheduler
                0x08001268      0x11c build/debug/port.o
                0x08001268                xPortStartScheduler
 .text.vPortValidateInterruptPriority
                0x08001384       0x5c build/debug/port.o
                0x08001384                vPortValidateInterruptPriority
 .text.prvGetDisinheritPriorityAfterTimeout
                0x080013e0       0x10 build/debug/queue.o
 .text.prvIsQueueFull
                0x080013f0       0x1e build/debug/queue.o
 .text.prvIsQueueEmpty
                0x0800140e       0x1e build/debug/queue.o
 .text.prvCopyDataToQueue
                0x0800142c       0x76 build/debug/queue.o
 .text.prvCopyDataFromQueue
                0x080014a2       0x24 build/debug/queue.o
 .text.prvUnlockQueue
                0x080014c6       0x6e build/debug/queue.o
 .text.xQueueGenericReset
                0x08001534       0x84 build/debug/queue.o
                0x08001534                xQueueGenericReset
 .text.prvInitialiseNewQueue
                0x080015b8       0x1e build/debug/queue.o
 .text.xQueueGenericCreateStatic
                0x080015d6       0x94 build/debug/queue.o
                0x080015d6                xQueueGenericCreateStatic
 .text.xQueueGenericCreate
                0x0800166a       0x48 build/debug/queue.o
                0x0800166a                xQueueGenericCreate
 .text.xQueueGenericSend
                0x080016b2      0x188 build/debug/queue.o
                0x080016b2                xQueueGenericSend
 .text.prvInitialiseMutex
                0x0800183a       0x18 build/debug/queue.o
 .text.xQueueCreateMutex
                0x08001852       0x16 build/debug/queue.o
                0x08001852                xQueueCreateMutex
 .text.xQueueCreateMutexStatic
                0x08001868       0x1e build/debug/queue.o
                0x08001868                xQueueCreateMutexStatic
 .text.xQueueGenericSendFromISR
                0x08001886       0xd2 build/debug/queue.o
                0x08001886                xQueueGenericSendFromISR
 .text.xQueueGiveFromISR
                0x08001958       0xb4 build/debug/queue.o
                0x08001958                xQueueGiveFromISR
 .text.xQueueReceive
                0x08001a0c      0x15e build/debug/queue.o
                0x08001a0c                xQueueReceive
 .text.xQueueSemaphoreTake
                0x08001b6a      0x1ac build/debug/queue.o
                0x08001b6a                xQueueSemaphoreTake
 .text.xQueueReceiveFromISR
                0x08001d16       0xb0 build/debug/queue.o
                0x08001d16                xQueueReceiveFromISR
 *fill*         0x08001dc6        0x2 
 .text.StartSPITask
                0x08001dc8      0x13c build/debug/spi_task.o
                0x08001dc8                StartSPITask
 .text.HAL_Init
                0x08001f04       0x34 build/debug/stm32f4xx_hal.o
                0x08001f04                HAL_Init
 .text.HAL_IncTick
                0x08001f38       0x18 build/debug/stm32f4xx_hal.o
                0x08001f38                HAL_IncTick
 .text.HAL_GetTick
                0x08001f50        0xc build/debug/stm32f4xx_hal.o
                0x08001f50                HAL_GetTick
 .text.__NVIC_EnableIRQ
                0x08001f5c       0x1c build/debug/stm32f4xx_hal_cortex.o
 .text.__NVIC_SetPriority
                0x08001f78       0x28 build/debug/stm32f4xx_hal_cortex.o
 .text.NVIC_EncodePriority
                0x08001fa0       0x46 build/debug/stm32f4xx_hal_cortex.o
 *fill*         0x08001fe6        0x2 
 .text.HAL_NVIC_SetPriorityGrouping
                0x08001fe8       0x24 build/debug/stm32f4xx_hal_cortex.o
                0x08001fe8                HAL_NVIC_SetPriorityGrouping
 .text.HAL_NVIC_SetPriority
                0x0800200c       0x20 build/debug/stm32f4xx_hal_cortex.o
                0x0800200c                HAL_NVIC_SetPriority
 .text.HAL_NVIC_EnableIRQ
                0x0800202c        0x8 build/debug/stm32f4xx_hal_cortex.o
                0x0800202c                HAL_NVIC_EnableIRQ
 .text.DMA_SetConfig
                0x08002034       0x30 build/debug/stm32f4xx_hal_dma.o
 .text.DMA_CalcBaseAndBitshift
                0x08002064       0x38 build/debug/stm32f4xx_hal_dma.o
 .text.DMA_CheckFifoParam
                0x0800209c       0x9a build/debug/stm32f4xx_hal_dma.o
 *fill*         0x08002136        0x2 
 .text.HAL_DMA_Init
                0x08002138       0xd0 build/debug/stm32f4xx_hal_dma.o
                0x08002138                HAL_DMA_Init
 .text.HAL_DMA_Start_IT
                0x08002208       0x6a build/debug/stm32f4xx_hal_dma.o
                0x08002208                HAL_DMA_Start_IT
 .text.HAL_DMA_Abort_IT
                0x08002272       0x24 build/debug/stm32f4xx_hal_dma.o
                0x08002272                HAL_DMA_Abort_IT
 *fill*         0x08002296        0x2 
 .text.HAL_DMA_IRQHandler
                0x08002298      0x1dc build/debug/stm32f4xx_hal_dma.o
                0x08002298                HAL_DMA_IRQHandler
 .text.HAL_GPIO_Init
                0x08002474      0x208 build/debug/stm32f4xx_hal_gpio.o
                0x08002474                HAL_GPIO_Init
 .text.HAL_GPIO_WritePin
                0x0800267c        0xc build/debug/stm32f4xx_hal_gpio.o
                0x0800267c                HAL_GPIO_WritePin
 .text.HAL_GPIO_TogglePin
                0x08002688       0x12 build/debug/stm32f4xx_hal_gpio.o
                0x08002688                HAL_GPIO_TogglePin
 *fill*         0x0800269a        0x2 
 .text.HAL_I2C_Init
                0x0800269c      0x1d8 build/debug/stm32f4xx_hal_i2c.o
                0x0800269c                HAL_I2C_Init
 .text.HAL_I2S_Init
                0x08002874      0x1a8 build/debug/stm32f4xx_hal_i2s.o
                0x08002874                HAL_I2S_Init
 .text.HAL_I2S_TxCpltCallback
                0x08002a1c        0x2 build/debug/stm32f4xx_hal_i2s.o
                0x08002a1c                HAL_I2S_TxCpltCallback
 .text.I2S_Transmit_IT
                0x08002a1e       0x38 build/debug/stm32f4xx_hal_i2s.o
 .text.HAL_I2S_RxCpltCallback
                0x08002a56        0x2 build/debug/stm32f4xx_hal_i2s.o
                0x08002a56                HAL_I2S_RxCpltCallback
 .text.I2S_Receive_IT
                0x08002a58       0x38 build/debug/stm32f4xx_hal_i2s.o
 .text.HAL_I2S_ErrorCallback
                0x08002a90        0x2 build/debug/stm32f4xx_hal_i2s.o
                0x08002a90                HAL_I2S_ErrorCallback
 .text.I2S_IRQHandler
                0x08002a92       0xcc build/debug/stm32f4xx_hal_i2s.o
 *fill*         0x08002b5e        0x2 
 .text.I2SEx_TxRxDMAError
                0x08002b60       0x48 build/debug/stm32f4xx_hal_i2s_ex.o
 .text.HAL_I2SEx_TransmitReceive_DMA
                0x08002ba8      0x1a8 build/debug/stm32f4xx_hal_i2s_ex.o
                0x08002ba8                HAL_I2SEx_TransmitReceive_DMA
 .text.I2SEx_TxRxDMAHalfCplt
                0x08002d50        0xa build/debug/stm32f4xx_hal_i2s_ex.o
 *fill*         0x08002d5a        0x2 
 .text.I2SEx_TxRxDMACplt
                0x08002d5c       0x7c build/debug/stm32f4xx_hal_i2s_ex.o
 .text.I2SEx_TxISR_I2S
                0x08002dd8       0x3c build/debug/stm32f4xx_hal_i2s_ex.o
 .text.I2SEx_RxISR_I2SExt
                0x08002e14       0x64 build/debug/stm32f4xx_hal_i2s_ex.o
 .text.I2SEx_TxISR_I2SExt
                0x08002e78       0x64 build/debug/stm32f4xx_hal_i2s_ex.o
 .text.I2SEx_RxISR_I2S
                0x08002edc       0x3c build/debug/stm32f4xx_hal_i2s_ex.o
 .text.HAL_I2SEx_FullDuplex_IRQHandler
                0x08002f18      0x1d8 build/debug/stm32f4xx_hal_i2s_ex.o
                0x08002f18                HAL_I2SEx_FullDuplex_IRQHandler
 .text.HAL_MspInit
                0x080030f0       0x44 build/debug/stm32f4xx_hal_msp.o
                0x080030f0                HAL_MspInit
 .text.HAL_I2C_MspInit
                0x08003134       0x70 build/debug/stm32f4xx_hal_msp.o
                0x08003134                HAL_I2C_MspInit
 .text.HAL_I2S_MspInit
                0x080031a4      0x170 build/debug/stm32f4xx_hal_msp.o
                0x080031a4                HAL_I2S_MspInit
 .text.HAL_SPI_MspInit
                0x08003314      0x140 build/debug/stm32f4xx_hal_msp.o
                0x08003314                HAL_SPI_MspInit
 .text.HAL_RCC_OscConfig
                0x08003454      0x3fc build/debug/stm32f4xx_hal_rcc.o
                0x08003454                HAL_RCC_OscConfig
 .text.HAL_RCC_GetSysClockFreq
                0x08003850       0xdc build/debug/stm32f4xx_hal_rcc.o
                0x08003850                HAL_RCC_GetSysClockFreq
 .text.HAL_RCC_ClockConfig
                0x0800392c      0x160 build/debug/stm32f4xx_hal_rcc.o
                0x0800392c                HAL_RCC_ClockConfig
 .text.HAL_RCC_GetHCLKFreq
                0x08003a8c        0xc build/debug/stm32f4xx_hal_rcc.o
                0x08003a8c                HAL_RCC_GetHCLKFreq
 .text.HAL_RCC_GetPCLK1Freq
                0x08003a98       0x20 build/debug/stm32f4xx_hal_rcc.o
                0x08003a98                HAL_RCC_GetPCLK1Freq
 .text.HAL_RCC_GetPCLK2Freq
                0x08003ab8       0x20 build/debug/stm32f4xx_hal_rcc.o
                0x08003ab8                HAL_RCC_GetPCLK2Freq
 .text.HAL_RCC_GetClockConfig
                0x08003ad8       0x3c build/debug/stm32f4xx_hal_rcc.o
                0x08003ad8                HAL_RCC_GetClockConfig
 .text.HAL_RCCEx_PeriphCLKConfig
                0x08003b14      0x15c build/debug/stm32f4xx_hal_rcc_ex.o
                0x08003b14                HAL_RCCEx_PeriphCLKConfig
 .text.HAL_RCCEx_GetPeriphCLKFreq
                0x08003c70       0x70 build/debug/stm32f4xx_hal_rcc_ex.o
                0x08003c70                HAL_RCCEx_GetPeriphCLKFreq
 .text.SPI_WaitFlagStateUntilTimeout
                0x08003ce0       0xc8 build/debug/stm32f4xx_hal_spi.o
 .text.SPI_EndRxTxTransaction
                0x08003da8       0x80 build/debug/stm32f4xx_hal_spi.o
 .text.SPI_EndRxTransaction
                0x08003e28       0x8c build/debug/stm32f4xx_hal_spi.o
 .text.HAL_SPI_Init
                0x08003eb4       0xbe build/debug/stm32f4xx_hal_spi.o
                0x08003eb4                HAL_SPI_Init
 *fill*         0x08003f72        0x2 
 .text.HAL_SPI_TransmitReceive_IT
                0x08003f74       0xd4 build/debug/stm32f4xx_hal_spi.o
                0x08003f74                HAL_SPI_TransmitReceive_IT
 .text.HAL_SPI_Receive_IT
                0x08004048       0xdc build/debug/stm32f4xx_hal_spi.o
                0x08004048                HAL_SPI_Receive_IT
 .text.HAL_SPI_TxRxCpltCallback
                0x08004124        0x2 build/debug/stm32f4xx_hal_spi.o
                0x08004124                HAL_SPI_TxRxCpltCallback
 .text.SPI_CloseRx_ISR
                0x08004126       0x56 build/debug/stm32f4xx_hal_spi.o
 .text.SPI_RxISR_8BIT
                0x0800417c       0x28 build/debug/stm32f4xx_hal_spi.o
 .text.SPI_RxISR_16BIT
                0x080041a4       0x28 build/debug/stm32f4xx_hal_spi.o
 .text.SPI_CloseRxTx_ISR
                0x080041cc       0xac build/debug/stm32f4xx_hal_spi.o
 .text.SPI_2linesTxISR_8BIT
                0x08004278       0x38 build/debug/stm32f4xx_hal_spi.o
 .text.SPI_2linesRxISR_8BIT
                0x080042b0       0x38 build/debug/stm32f4xx_hal_spi.o
 .text.SPI_2linesTxISR_16BIT
                0x080042e8       0x38 build/debug/stm32f4xx_hal_spi.o
 .text.SPI_2linesRxISR_16BIT
                0x08004320       0x38 build/debug/stm32f4xx_hal_spi.o
 .text.HAL_SPI_IRQHandler
                0x08004358      0x12c build/debug/stm32f4xx_hal_spi.o
                0x08004358                HAL_SPI_IRQHandler
 .text.SPI_DMAAbortOnError
                0x08004484       0x10 build/debug/stm32f4xx_hal_spi.o
 .text.HAL_TIM_Base_MspInit
                0x08004494        0x2 build/debug/stm32f4xx_hal_tim.o
                0x08004494                HAL_TIM_Base_MspInit
 *fill*         0x08004496        0x2 
 .text.HAL_TIM_Base_Start_IT
                0x08004498       0x84 build/debug/stm32f4xx_hal_tim.o
                0x08004498                HAL_TIM_Base_Start_IT
 .text.HAL_TIM_OC_DelayElapsedCallback
                0x0800451c        0x2 build/debug/stm32f4xx_hal_tim.o
                0x0800451c                HAL_TIM_OC_DelayElapsedCallback
 .text.HAL_TIM_IC_CaptureCallback
                0x0800451e        0x2 build/debug/stm32f4xx_hal_tim.o
                0x0800451e                HAL_TIM_IC_CaptureCallback
 .text.HAL_TIM_PWM_PulseFinishedCallback
                0x08004520        0x2 build/debug/stm32f4xx_hal_tim.o
                0x08004520                HAL_TIM_PWM_PulseFinishedCallback
 .text.HAL_TIM_TriggerCallback
                0x08004522        0x2 build/debug/stm32f4xx_hal_tim.o
                0x08004522                HAL_TIM_TriggerCallback
 .text.HAL_TIM_IRQHandler
                0x08004524      0x15e build/debug/stm32f4xx_hal_tim.o
                0x08004524                HAL_TIM_IRQHandler
 *fill*         0x08004682        0x2 
 .text.TIM_Base_SetConfig
                0x08004684       0xd0 build/debug/stm32f4xx_hal_tim.o
                0x08004684                TIM_Base_SetConfig
 .text.HAL_TIM_Base_Init
                0x08004754       0x58 build/debug/stm32f4xx_hal_tim.o
                0x08004754                HAL_TIM_Base_Init
 .text.HAL_TIMEx_CommutCallback
                0x080047ac        0x2 build/debug/stm32f4xx_hal_tim_ex.o
                0x080047ac                HAL_TIMEx_CommutCallback
 .text.HAL_TIMEx_BreakCallback
                0x080047ae        0x2 build/debug/stm32f4xx_hal_tim_ex.o
                0x080047ae                HAL_TIMEx_BreakCallback
 .text.HAL_InitTick
                0x080047b0       0x98 build/debug/stm32f4xx_hal_timebase_tim.o
                0x080047b0                HAL_InitTick
 .text.NMI_Handler
                0x08004848        0x2 build/debug/stm32f4xx_it.o
                0x08004848                NMI_Handler
 .text.HardFault_Handler
                0x0800484a        0x2 build/debug/stm32f4xx_it.o
                0x0800484a                HardFault_Handler
 .text.MemManage_Handler
                0x0800484c        0x2 build/debug/stm32f4xx_it.o
                0x0800484c                MemManage_Handler
 .text.BusFault_Handler
                0x0800484e        0x2 build/debug/stm32f4xx_it.o
                0x0800484e                BusFault_Handler
 .text.UsageFault_Handler
                0x08004850        0x2 build/debug/stm32f4xx_it.o
                0x08004850                UsageFault_Handler
 .text.DebugMon_Handler
                0x08004852        0x2 build/debug/stm32f4xx_it.o
                0x08004852                DebugMon_Handler
 .text.DMA1_Stream0_IRQHandler
                0x08004854       0x10 build/debug/stm32f4xx_it.o
                0x08004854                DMA1_Stream0_IRQHandler
 .text.DMA1_Stream3_IRQHandler
                0x08004864       0x10 build/debug/stm32f4xx_it.o
                0x08004864                DMA1_Stream3_IRQHandler
 .text.DMA1_Stream5_IRQHandler
                0x08004874       0x10 build/debug/stm32f4xx_it.o
                0x08004874                DMA1_Stream5_IRQHandler
 .text.TIM1_UP_TIM10_IRQHandler
                0x08004884       0x10 build/debug/stm32f4xx_it.o
                0x08004884                TIM1_UP_TIM10_IRQHandler
 .text.SPI2_IRQHandler
                0x08004894       0x10 build/debug/stm32f4xx_it.o
                0x08004894                SPI2_IRQHandler
 .text.SystemInit
                0x080048a4       0x14 build/debug/system_stm32f4xx.o
                0x080048a4                SystemInit
 .text.prvResetNextTaskUnblockTime
                0x080048b8       0x2c build/debug/tasks.o
 .text.prvInitialiseNewTask
                0x080048e4       0x90 build/debug/tasks.o
 .text.prvInitialiseTaskLists
                0x08004974       0x68 build/debug/tasks.o
 .text.prvAddNewTaskToReadyList
                0x080049dc       0xa8 build/debug/tasks.o
 .text.prvDeleteTCB
                0x08004a84       0x38 build/debug/tasks.o
 .text.prvCheckTasksWaitingTermination
                0x08004abc       0x4c build/debug/tasks.o
 .text.prvIdleTask
                0x08004b08       0x28 build/debug/tasks.o
 .text.prvAddCurrentTaskToDelayedList
                0x08004b30       0x98 build/debug/tasks.o
 .text.xTaskCreateStatic
                0x08004bc8       0x80 build/debug/tasks.o
                0x08004bc8                xTaskCreateStatic
 .text.xTaskCreate
                0x08004c48       0x62 build/debug/tasks.o
                0x08004c48                xTaskCreate
 *fill*         0x08004caa        0x2 
 .text.vTaskStartScheduler
                0x08004cac       0x74 build/debug/tasks.o
                0x08004cac                vTaskStartScheduler
 .text.vTaskSuspendAll
                0x08004d20       0x10 build/debug/tasks.o
                0x08004d20                vTaskSuspendAll
 .text.xTaskIncrementTick
                0x08004d30      0x124 build/debug/tasks.o
                0x08004d30                xTaskIncrementTick
 .text.xTaskResumeAll
                0x08004e54       0xf8 build/debug/tasks.o
                0x08004e54                xTaskResumeAll
 .text.vTaskDelay
                0x08004f4c       0x4c build/debug/tasks.o
                0x08004f4c                vTaskDelay
 .text.vTaskSwitchContext
                0x08004f98       0x98 build/debug/tasks.o
                0x08004f98                vTaskSwitchContext
 .text.vTaskPlaceOnEventList
                0x08005030       0x30 build/debug/tasks.o
                0x08005030                vTaskPlaceOnEventList
 .text.xTaskRemoveFromEventList
                0x08005060       0x90 build/debug/tasks.o
                0x08005060                xTaskRemoveFromEventList
 .text.vTaskInternalSetTimeOutState
                0x080050f0       0x18 build/debug/tasks.o
                0x080050f0                vTaskInternalSetTimeOutState
 .text.xTaskCheckForTimeOut
                0x08005108       0x88 build/debug/tasks.o
                0x08005108                xTaskCheckForTimeOut
 .text.vTaskMissedYield
                0x08005190        0xc build/debug/tasks.o
                0x08005190                vTaskMissedYield
 .text.xTaskGetCurrentTaskHandle
                0x0800519c        0xc build/debug/tasks.o
                0x0800519c                xTaskGetCurrentTaskHandle
 .text.xTaskGetSchedulerState
                0x080051a8       0x20 build/debug/tasks.o
                0x080051a8                xTaskGetSchedulerState
 .text.xTaskPriorityInherit
                0x080051c8       0xac build/debug/tasks.o
                0x080051c8                xTaskPriorityInherit
 .text.xTaskPriorityDisinherit
                0x08005274       0xb0 build/debug/tasks.o
                0x08005274                xTaskPriorityDisinherit
 .text.vTaskPriorityDisinheritAfterTimeout
                0x08005324       0xb4 build/debug/tasks.o
                0x08005324                vTaskPriorityDisinheritAfterTimeout
 .text.pvTaskIncrementMutexHeldCount
                0x080053d8       0x1c build/debug/tasks.o
                0x080053d8                pvTaskIncrementMutexHeldCount
 .text.xTaskNotifyWait
                0x080053f4       0x98 build/debug/tasks.o
                0x080053f4                xTaskNotifyWait
 .text.xTaskGenericNotify
                0x0800548c      0x100 build/debug/tasks.o
                0x0800548c                xTaskGenericNotify
 .text.xTaskGenericNotifyFromISR
                0x0800558c      0x130 build/debug/tasks.o
                0x0800558c                xTaskGenericNotifyFromISR
 .text.Reset_Handler
                0x080056bc       0x50 build/debug/startup_stm32f407xx.o
                0x080056bc                Reset_Handler
 .text.Default_Handler
                0x0800570c        0x2 build/debug/startup_stm32f407xx.o
                0x0800570c                RTC_Alarm_IRQHandler
                0x0800570c                HASH_RNG_IRQHandler
                0x0800570c                EXTI2_IRQHandler
                0x0800570c                TIM8_CC_IRQHandler
                0x0800570c                TIM1_CC_IRQHandler
                0x0800570c                DMA2_Stream5_IRQHandler
                0x0800570c                PVD_IRQHandler
                0x0800570c                SDIO_IRQHandler
                0x0800570c                TAMP_STAMP_IRQHandler
                0x0800570c                CAN2_RX1_IRQHandler
                0x0800570c                EXTI3_IRQHandler
                0x0800570c                TIM8_TRG_COM_TIM14_IRQHandler
                0x0800570c                TIM8_UP_TIM13_IRQHandler
                0x0800570c                I2C3_ER_IRQHandler
                0x0800570c                EXTI0_IRQHandler
                0x0800570c                I2C2_EV_IRQHandler
                0x0800570c                DMA1_Stream2_IRQHandler
                0x0800570c                CAN1_RX0_IRQHandler
                0x0800570c                FPU_IRQHandler
                0x0800570c                OTG_HS_WKUP_IRQHandler
                0x0800570c                CAN2_SCE_IRQHandler
                0x0800570c                DMA2_Stream2_IRQHandler
                0x0800570c                SPI1_IRQHandler
                0x0800570c                TIM6_DAC_IRQHandler
                0x0800570c                TIM1_BRK_TIM9_IRQHandler
                0x0800570c                DCMI_IRQHandler
                0x0800570c                CAN2_RX0_IRQHandler
                0x0800570c                DMA2_Stream3_IRQHandler
                0x0800570c                USART6_IRQHandler
                0x0800570c                USART3_IRQHandler
                0x0800570c                CAN1_RX1_IRQHandler
                0x0800570c                UART5_IRQHandler
                0x0800570c                DMA2_Stream0_IRQHandler
                0x0800570c                TIM4_IRQHandler
                0x0800570c                I2C1_EV_IRQHandler
                0x0800570c                DMA1_Stream6_IRQHandler
                0x0800570c                DMA1_Stream1_IRQHandler
                0x0800570c                UART4_IRQHandler
                0x0800570c                TIM3_IRQHandler
                0x0800570c                RCC_IRQHandler
                0x0800570c                TIM8_BRK_TIM12_IRQHandler
                0x0800570c                Default_Handler
                0x0800570c                EXTI15_10_IRQHandler
                0x0800570c                ADC_IRQHandler
                0x0800570c                DMA1_Stream7_IRQHandler
                0x0800570c                TIM7_IRQHandler
                0x0800570c                CAN2_TX_IRQHandler
                0x0800570c                TIM5_IRQHandler
                0x0800570c                DMA2_Stream7_IRQHandler
                0x0800570c                I2C3_EV_IRQHandler
                0x0800570c                EXTI9_5_IRQHandler
                0x0800570c                RTC_WKUP_IRQHandler
                0x0800570c                ETH_WKUP_IRQHandler
                0x0800570c                OTG_HS_EP1_IN_IRQHandler
                0x0800570c                CAN1_TX_IRQHandler
                0x0800570c                EXTI4_IRQHandler
                0x0800570c                FSMC_IRQHandler
                0x0800570c                ETH_IRQHandler
                0x0800570c                OTG_HS_EP1_OUT_IRQHandler
                0x0800570c                WWDG_IRQHandler
                0x0800570c                TIM2_IRQHandler
                0x0800570c                OTG_FS_WKUP_IRQHandler
                0x0800570c                TIM1_TRG_COM_TIM11_IRQHandler
                0x0800570c                OTG_HS_IRQHandler
                0x0800570c                EXTI1_IRQHandler
                0x0800570c                USART2_IRQHandler
                0x0800570c                I2C2_ER_IRQHandler
                0x0800570c                DMA2_Stream1_IRQHandler
                0x0800570c                CAN1_SCE_IRQHandler
                0x0800570c                FLASH_IRQHandler
                0x0800570c                DMA2_Stream4_IRQHandler
                0x0800570c                USART1_IRQHandler
                0x0800570c                OTG_FS_IRQHandler
                0x0800570c                SPI3_IRQHandler
                0x0800570c                DMA1_Stream4_IRQHandler
                0x0800570c                I2C1_ER_IRQHandler
                0x0800570c                DMA2_Stream6_IRQHandler
 .text.memset   0x0800570e       0x10 c:/Users/leejo/AppData/Roaming/Code/User/globalStorage/bmd.stm32-for-vscode/@xpack-dev-tools/arm-none-eabi-gcc/15.2.1-1.1.1/.content/bin/../lib/gcc/arm-none-eabi/15.2.1/../../../../arm-none-eabi/lib/thumb/v7e-m+fp/hard\libc_nano.a(libc_a-memset.o)
                0x0800570e                memset
 *fill*         0x0800571e        0x2 
 .text.__libc_init_array
                0x08005720       0x48 c:/Users/leejo/AppData/Roaming/Code/User/globalStorage/bmd.stm32-for-vscode/@xpack-dev-tools/arm-none-eabi-gcc/15.2.1-1.1.1/.content/bin/../lib/gcc/arm-none-eabi/15.2.1/../../../../arm-none-eabi/lib/thumb/v7e-m+fp/hard\libc_nano.a(libc_a-init.o)
                0x08005720                __libc_init_array
 .text.memcpy   0x08005768       0x1c c:/Users/leejo/AppData/Roaming/Code/User/globalStorage/bmd.stm32-for-vscode/@xpack-dev-tools/arm-none-eabi-gcc/15.2.1-1.1.1/.content/bin/../lib/gcc/arm-none-eabi/15.2.1/../../../../arm-none-eabi/lib/thumb/v7e-m+fp/hard\libc_nano.a(libc_a-memcpy-stub.o)
                0x08005768                memcpy
 .text.__udivmoddi4
                0x08005784      0x320 c:/Users/leejo/AppData/Roaming/Code/User/globalStorage/bmd.stm32-for-vscode/@xpack-dev-tools/arm-none-eabi-gcc/15.2.1-1.1.1/.content/bin/../lib/gcc/arm-none-eabi/15.2.1/thumb/v7e-m+fp/hard\libgcc.a(_udivmoddi4.o)
                0x08005784                __udivmoddi4
 *(.glue_7)
 .glue_7        0x08005aa4        0x0 linker stubs
 *(.glue_7t)
 .glue_7t       0x08005aa4        0x0 linker stubs
 *(.eh_frame)
 .eh_frame      0x08005aa4        0x0 c:/Users/leejo/AppData/Roaming/Code/User/globalStorage/bmd.stm32-for-vscode/@xpack-dev-tools/arm-none-eabi-gcc/15.2.1-1.1.1/.content/bin/../lib/gcc/arm-none-eabi/15.2.1/thumb/v7e-m+fp/hard/crtbegin.o
 *(.init)
 .init          0x08005aa4        0x4 c:/Users/leejo/AppData/Roaming/Code/User/globalStorage/bmd.stm32-for-vscode/@xpack-dev-tools/arm-none-eabi-gcc/15.2.1-1.1.1/.content/bin/../lib/gcc/arm-none-eabi/15.2.1/thumb/v7e-m+fp/hard/crti.o
                0x08005aa4                _init
 .init          0x08005aa8        0x8 c:/Users/leejo/AppData/Roaming/Code/User/globalStorage/bmd.stm32-for-vscode/@xpack-dev-tools/arm-none-eabi-gcc/15.2.1-1.1.1/.content/bin/../lib/gcc/arm-none-eabi/15.2.1/thumb/v7e-m+fp/hard/crtn.o
 *(.fini)
 .fini          0x08005ab0        0x4 c:/Users/leejo/AppData/Roaming/Code/User/globalStorage/bmd.stm32-for-vscode/@xpack-dev-tools/arm-none-eabi-gcc/15.2.1-1.1.1/.content/bin/../lib/gcc/arm-none-eabi/15.2.1/thumb/v7e-m+fp/hard/crti.o
                0x08005ab0                _fini
 .fini          0x08005ab4        0x8 c:/Users/leejo/AppData/Roaming/Code/User/globalStorage/bmd.stm32-for-vscode/@xpack-dev-tools/arm-none-eabi-gcc/15.2.1-1.1.1/.content/bin/../lib/gcc/arm-none-eabi/15.2.1/thumb/v7e-m+fp/hard/crtn.o
                0x08005abc                        . = ALIGN (0x4)
                0x08005abc                        _etext = .

.vfp11_veneer   0x08005abc        0x0
 .vfp11_veneer  0x08005abc        0x0 linker stubs

.v4_bx          0x08005abc        0x0
 .v4_bx         0x08005abc        0x0 linker stubs

.iplt           0x08005abc        0x0
 .iplt          0x08005abc        0x0 c:/Users/leejo/AppData/Roaming/Code/User/globalStorage/bmd.stm32-for-vscode/@xpack-dev-tools/arm-none-eabi-gcc/15.2.1-1.1.1/.content/bin/../lib/gcc/arm-none-eabi/15.2.1/thumb/v7e-m+fp/hard/crtbegin.o

.rodata         0x08005abc       0xa8
                0x08005abc                        . = ALIGN (0x4)
 *(.rodata)
 .rodata        0x08005abc       0x64 build/debug/main.o
 *(.rodata*)
 .rodata.str1.4
                0x08005b20       0x21 build/debug/main.o
                                 0x1c (size before relaxing)
 *fill*         0x08005b41        0x3 
 .rodata.flagBitshiftOffset.0
                0x08005b44        0x8 build/debug/stm32f4xx_hal_dma.o
 .rodata.APBPrescTable
                0x08005b4c        0x8 build/debug/system_stm32f4xx.o
                0x08005b4c                APBPrescTable
 .rodata.AHBPrescTable
                0x08005b54       0x10 build/debug/system_stm32f4xx.o
                0x08005b54                AHBPrescTable
 .rodata.vTaskStartScheduler.str1.4
                0x08005b64        0x0 build/debug/tasks.o
                                  0x5 (size before relaxing)
                0x08005b64                        . = ALIGN (0x4)

.ARM.extab      0x08005b64        0x0
                0x08005b64                        . = ALIGN (0x4)
 *(.ARM.extab* .gnu.linkonce.armextab.*)
                0x08005b64                        . = ALIGN (0x4)

.ARM            0x08005b64        0x8
                0x08005b64                        . = ALIGN (0x4)
                0x08005b64                        __exidx_start = .
 *(.ARM.exidx*)
 .ARM.exidx.text.__udivmoddi4
                0x08005b64        0x8 c:/Users/leejo/AppData/Roaming/Code/User/globalStorage/bmd.stm32-for-vscode/@xpack-dev-tools/arm-none-eabi-gcc/15.2.1-1.1.1/.content/bin/../lib/gcc/arm-none-eabi/15.2.1/thumb/v7e-m+fp/hard\libgcc.a(_udivmoddi4.o)
                0x08005b6c                        __exidx_end = .
                0x08005b6c                        . = ALIGN (0x4)

.preinit_array  0x08005b6c        0x0
                0x08005b6c                        . = ALIGN (0x4)
                0x08005b6c                        PROVIDE (__preinit_array_start = .)
 *(.preinit_array*)
                0x08005b6c                        PROVIDE (__preinit_array_end = .)
                0x08005b6c                        . = ALIGN (0x4)

.init_array     0x08005b6c        0x4
                0x08005b6c                        . = ALIGN (0x4)
                0x08005b6c                        PROVIDE (__init_array_start = .)
 *(SORT_BY_NAME(.init_array.*))
 *(.init_array*)
 .init_array    0x08005b6c        0x4 c:/Users/leejo/AppData/Roaming/Code/User/globalStorage/bmd.stm32-for-vscode/@xpack-dev-tools/arm-none-eabi-gcc/15.2.1-1.1.1/.content/bin/../lib/gcc/arm-none-eabi/15.2.1/thumb/v7e-m+fp/hard/crtbegin.o
                0x08005b70                        PROVIDE (__init_array_end = .)
                0x08005b70                        . = ALIGN (0x4)

.fini_array     0x08005b70        0x4
                0x08005b70                        . = ALIGN (0x4)
                0x08005b70                        PROVIDE (__fini_array_start = .)
 *(SORT_BY_NAME(.fini_array.*))
 *(.fini_array*)
 .fini_array    0x08005b70        0x4 c:/Users/leejo/AppData/Roaming/Code/User/globalStorage/bmd.stm32-for-vscode/@xpack-dev-tools/arm-none-eabi-gcc/15.2.1-1.1.1/.content/bin/../lib/gcc/arm-none-eabi/15.2.1/thumb/v7e-m+fp/hard/crtbegin.o
                0x08005b74                        PROVIDE (__fini_array_end = .)
                0x08005b74                        . = ALIGN (0x4)
                0x08005b74                        _sidata = LOADADDR (.data)

.rel.dyn        0x08005b74        0x0
 .rel.iplt      0x08005b74        0x0 c:/Users/leejo/AppData/Roaming/Code/User/globalStorage/bmd.stm32-for-vscode/@xpack-dev-tools/arm-none-eabi-gcc/15.2.1-1.1.1/.content/bin/../lib/gcc/arm-none-eabi/15.2.1/thumb/v7e-m+fp/hard/crtbegin.o

.data           0x20000000       0x1c load address 0x08005b74
                0x20000000                        . = ALIGN (0x4)
                0x20000000                        _sdata = .
 *(.data)
 *(.data*)
 .data.g_audio_params
                0x20000000        0xc build/debug/dsp_task.o
                0x20000000                g_audio_params
 .data.uxCriticalNesting
                0x2000000c        0x4 build/debug/port.o
 .data.uwTickFreq
                0x20000010        0x1 build/debug/stm32f4xx_hal.o
                0x20000010                uwTickFreq
 *fill*         0x20000011        0x3 
 .data.uwTickPrio
                0x20000014        0x4 build/debug/stm32f4xx_hal.o
                0x20000014                uwTickPrio
 .data.SystemCoreClock
                0x20000018        0x4 build/debug/system_stm32f4xx.o
                0x20000018                SystemCoreClock
 *(.RamFunc)
 *(.RamFunc*)
                0x2000001c                        . = ALIGN (0x4)
                0x2000001c                        _edata = .
                0x08005b90                        _siccmram = LOADADDR (.ccmram)

.igot.plt       0x2000001c        0x0 load address 0x08005b90
 .igot.plt      0x2000001c        0x0 c:/Users/leejo/AppData/Roaming/Code/User/globalStorage/bmd.stm32-for-vscode/@xpack-dev-tools/arm-none-eabi-gcc/15.2.1-1.1.1/.content/bin/../lib/gcc/arm-none-eabi/15.2.1/thumb/v7e-m+fp/hard/crtbegin.o

.ccmram         0x10000000        0x0 load address 0x08005b90
                0x10000000                        . = ALIGN (0x4)
                0x10000000                        _sccmram = .
 *(.ccmram)
 *(.ccmram*)
                0x10000000                        . = ALIGN (0x4)
                0x10000000                        _eccmram = .
                0x10000000                        . = ALIGN (0x4)

.bss            0x2000001c     0xc1a8
                0x2000001c                        _sbss = .
                0x2000001c                        __bss_start__ = _sbss
 *(.bss)
 *(.bss*)
 .bss.completed.1
                0x2000001c        0x1 c:/Users/leejo/AppData/Roaming/Code/User/globalStorage/bmd.stm32-for-vscode/@xpack-dev-tools/arm-none-eabi-gcc/15.2.1-1.1.1/.content/bin/../lib/gcc/arm-none-eabi/15.2.1/thumb/v7e-m+fp/hard/crtbegin.o
 *fill*         0x2000001d        0x3 
 .bss.object.0  0x20000020       0x18 c:/Users/leejo/AppData/Roaming/Code/User/globalStorage/bmd.stm32-for-vscode/@xpack-dev-tools/arm-none-eabi-gcc/15.2.1-1.1.1/.content/bin/../lib/gcc/arm-none-eabi/15.2.1/thumb/v7e-m+fp/hard/crtbegin.o
 .bss.dsp_task_id
                0x20000038        0x4 build/debug/dsp_task.o
 .bss.active_half
                0x2000003c        0x1 build/debug/dsp_task.o
 *fill*         0x2000003d        0x3 
 .bss.lpf_R     0x20000040        0x4 build/debug/dsp_task.o
 .bss.lpf_L     0x20000044        0x4 build/debug/dsp_task.o
 .bss.delay_wr  0x20000048        0x2 build/debug/dsp_task.o
 *fill*         0x2000004a        0x2 
 .bss.delay_line_R
                0x2000004c     0x3e80 build/debug/dsp_task.o
 .bss.delay_line_L
                0x20003ecc     0x3e80 build/debug/dsp_task.o
 .bss.tx_dma_buf
                0x20007d4c      0x100 build/debug/dsp_task.o
 .bss.rx_dma_buf
                0x20007e4c      0x100 build/debug/dsp_task.o
 .bss.g_params_mutex
                0x20007f4c        0x4 build/debug/dsp_task.o
                0x20007f4c                g_params_mutex
 .bss.xIdleStack
                0x20007f50      0x200 build/debug/freertos.o
 .bss.xIdleTaskTCBBuffer
                0x20008150       0x54 build/debug/freertos.o
 .bss.xBlockAllocatedBit
                0x200081a4        0x4 build/debug/heap_4.o
 .bss.xNumberOfSuccessfulFrees
                0x200081a8        0x4 build/debug/heap_4.o
 .bss.xNumberOfSuccessfulAllocations
                0x200081ac        0x4 build/debug/heap_4.o
 .bss.xMinimumEverFreeBytesRemaining
                0x200081b0        0x4 build/debug/heap_4.o
 .bss.xFreeBytesRemaining
                0x200081b4        0x4 build/debug/heap_4.o
 .bss.pxEnd     0x200081b8        0x4 build/debug/heap_4.o
 .bss.xStart    0x200081bc        0x8 build/debug/heap_4.o
 .bss.ucHeap    0x200081c4     0x3c00 build/debug/heap_4.o
 .bss.spi_rx_buf
                0x2000bdc4        0x2 build/debug/main.o
                0x2000bdc4                spi_rx_buf
 *fill*         0x2000bdc6        0x2 
 .bss.spiQueueHandle
                0x2000bdc8        0x4 build/debug/main.o
                0x2000bdc8                spiQueueHandle
 .bss.spiTaskHandle
                0x2000bdcc        0x4 build/debug/main.o
                0x2000bdcc                spiTaskHandle
 .bss.dspTaskHandle
                0x2000bdd0        0x4 build/debug/main.o
                0x2000bdd0                dspTaskHandle
 .bss.defaultTaskHandle
                0x2000bdd4        0x4 build/debug/main.o
                0x2000bdd4                defaultTaskHandle
 .bss.hdma_spi2_rx
                0x2000bdd8       0x60 build/debug/main.o
                0x2000bdd8                hdma_spi2_rx
 .bss.hspi2     0x2000be38       0x58 build/debug/main.o
                0x2000be38                hspi2
 .bss.hspi1     0x2000be90       0x58 build/debug/main.o
                0x2000be90                hspi1
 .bss.hdma_spi3_tx
                0x2000bee8       0x60 build/debug/main.o
                0x2000bee8                hdma_spi3_tx
 .bss.hdma_i2s3_ext_rx
                0x2000bf48       0x60 build/debug/main.o
                0x2000bf48                hdma_i2s3_ext_rx
 .bss.hi2s3     0x2000bfa8       0x48 build/debug/main.o
                0x2000bfa8                hi2s3
 .bss.hi2c1     0x2000bff0       0x54 build/debug/main.o
                0x2000bff0                hi2c1
 .bss.ulMaxPRIGROUPValue
                0x2000c044        0x4 build/debug/port.o
 .bss.ucMaxSysCallPriority
                0x2000c048        0x1 build/debug/port.o
 *fill*         0x2000c049        0x3 
 .bss.uwTick    0x2000c04c        0x4 build/debug/stm32f4xx_hal.o
                0x2000c04c                uwTick
 .bss.htim1     0x2000c050       0x48 build/debug/stm32f4xx_hal_timebase_tim.o
                0x2000c050                htim1
 .bss.uxSchedulerSuspended
                0x2000c098        0x4 build/debug/tasks.o
 .bss.xIdleTaskHandle
                0x2000c09c        0x4 build/debug/tasks.o
 .bss.xNextTaskUnblockTime
                0x2000c0a0        0x4 build/debug/tasks.o
 .bss.uxTaskNumber
                0x2000c0a4        0x4 build/debug/tasks.o
 .bss.xNumOfOverflows
                0x2000c0a8        0x4 build/debug/tasks.o
 .bss.xYieldPending
                0x2000c0ac        0x4 build/debug/tasks.o
 .bss.xPendedTicks
                0x2000c0b0        0x4 build/debug/tasks.o
 .bss.xSchedulerRunning
                0x2000c0b4        0x4 build/debug/tasks.o
 .bss.uxTopReadyPriority
                0x2000c0b8        0x4 build/debug/tasks.o
 .bss.xTickCount
                0x2000c0bc        0x4 build/debug/tasks.o
 .bss.uxCurrentNumberOfTasks
                0x2000c0c0        0x4 build/debug/tasks.o
 .bss.xSuspendedTaskList
                0x2000c0c4       0x14 build/debug/tasks.o
 .bss.uxDeletedTasksWaitingCleanUp
                0x2000c0d8        0x4 build/debug/tasks.o
 .bss.xTasksWaitingTermination
                0x2000c0dc       0x14 build/debug/tasks.o
 .bss.xPendingReadyList
                0x2000c0f0       0x14 build/debug/tasks.o
 .bss.pxOverflowDelayedTaskList
                0x2000c104        0x4 build/debug/tasks.o
 .bss.pxDelayedTaskList
                0x2000c108        0x4 build/debug/tasks.o
 .bss.xDelayedTaskList2
                0x2000c10c       0x14 build/debug/tasks.o
 .bss.xDelayedTaskList1
                0x2000c120       0x14 build/debug/tasks.o
 .bss.pxReadyTasksLists
                0x2000c134       0x8c build/debug/tasks.o
 .bss.pxCurrentTCB
                0x2000c1c0        0x4 build/debug/tasks.o
                0x2000c1c0                pxCurrentTCB
 *(COMMON)
                0x2000c1c4                        . = ALIGN (0x4)
                0x2000c1c4                        _ebss = .
                0x2000c1c4                        __bss_end__ = _ebss

._user_heap_stack
                0x2000c1c4      0x604
                0x2000c1c8                        . = ALIGN (0x8)
 *fill*         0x2000c1c4        0x4 
                [!provide]                        PROVIDE (end = .)
                0x2000c1c8                        PROVIDE (_end = .)
                0x2000c3c8                        . = (. + _Min_Heap_Size)
 *fill*         0x2000c1c8      0x200 
                0x2000c7c8                        . = (. + _Min_Stack_Size)
 *fill*         0x2000c3c8      0x400 
                0x2000c7c8                        . = ALIGN (0x8)

/DISCARD/
 libc.a(*)
 libm.a(*)
 libgcc.a(*)
OUTPUT(build/debug/stm32config.elf elf32-littlearm)
LOAD linker stubs
LOAD c:/Users/leejo/AppData/Roaming/Code/User/globalStorage/bmd.stm32-for-vscode/@xpack-dev-tools/arm-none-eabi-gcc/15.2.1-1.1.1/.content/bin/../lib/gcc/arm-none-eabi/15.2.1/../../../../arm-none-eabi/lib/thumb/v7e-m+fp/hard\libc.a
LOAD c:/Users/leejo/AppData/Roaming/Code/User/globalStorage/bmd.stm32-for-vscode/@xpack-dev-tools/arm-none-eabi-gcc/15.2.1-1.1.1/.content/bin/../lib/gcc/arm-none-eabi/15.2.1/../../../../arm-none-eabi/lib/thumb/v7e-m+fp/hard\libm.a
LOAD c:/Users/leejo/AppData/Roaming/Code/User/globalStorage/bmd.stm32-for-vscode/@xpack-dev-tools/arm-none-eabi-gcc/15.2.1-1.1.1/.content/bin/../lib/gcc/arm-none-eabi/15.2.1/thumb/v7e-m+fp/hard\libgcc.a

.ARM.attributes
                0x00000000       0x30
 .ARM.attributes
                0x00000000       0x22 c:/Users/leejo/AppData/Roaming/Code/User/globalStorage/bmd.stm32-for-vscode/@xpack-dev-tools/arm-none-eabi-gcc/15.2.1-1.1.1/.content/bin/../lib/gcc/arm-none-eabi/15.2.1/thumb/v7e-m+fp/hard/crti.o
 .ARM.attributes
                0x00000022       0x34 c:/Users/leejo/AppData/Roaming/Code/User/globalStorage/bmd.stm32-for-vscode/@xpack-dev-tools/arm-none-eabi-gcc/15.2.1-1.1.1/.content/bin/../lib/gcc/arm-none-eabi/15.2.1/thumb/v7e-m+fp/hard/crtbegin.o
 .ARM.attributes
                0x00000056       0x34 build/debug/cmsis_os.o
 .ARM.attributes
                0x0000008a       0x34 build/debug/dsp_task.o
 .ARM.attributes
                0x000000be       0x34 build/debug/freertos.o
 .ARM.attributes
                0x000000f2       0x34 build/debug/heap_4.o
 .ARM.attributes
                0x00000126       0x34 build/debug/list.o
 .ARM.attributes
                0x0000015a       0x34 build/debug/main.o
 .ARM.attributes
                0x0000018e       0x34 build/debug/port.o
 .ARM.attributes
                0x000001c2       0x34 build/debug/queue.o
 .ARM.attributes
                0x000001f6       0x34 build/debug/spi_task.o
 .ARM.attributes
                0x0000022a       0x34 build/debug/stm32f4xx_hal.o
 .ARM.attributes
                0x0000025e       0x34 build/debug/stm32f4xx_hal_cortex.o
 .ARM.attributes
                0x00000292       0x34 build/debug/stm32f4xx_hal_dma.o
 .ARM.attributes
                0x000002c6       0x34 build/debug/stm32f4xx_hal_gpio.o
 .ARM.attributes
                0x000002fa       0x34 build/debug/stm32f4xx_hal_i2c.o
 .ARM.attributes
                0x0000032e       0x34 build/debug/stm32f4xx_hal_i2s.o
 .ARM.attributes
                0x00000362       0x34 build/debug/stm32f4xx_hal_i2s_ex.o
 .ARM.attributes
                0x00000396       0x34 build/debug/stm32f4xx_hal_msp.o
 .ARM.attributes
                0x000003ca       0x34 build/debug/stm32f4xx_hal_rcc.o
 .ARM.attributes
                0x000003fe       0x34 build/debug/stm32f4xx_hal_rcc_ex.o
 .ARM.attributes
                0x00000432       0x34 build/debug/stm32f4xx_hal_spi.o
 .ARM.attributes
                0x00000466       0x34 build/debug/stm32f4xx_hal_tim.o
 .ARM.attributes
                0x0000049a       0x34 build/debug/stm32f4xx_hal_tim_ex.o
 .ARM.attributes
                0x000004ce       0x34 build/debug/stm32f4xx_hal_timebase_tim.o
 .ARM.attributes
                0x00000502       0x34 build/debug/stm32f4xx_it.o
 .ARM.attributes
                0x00000536       0x34 build/debug/system_stm32f4xx.o
 .ARM.attributes
                0x0000056a       0x34 build/debug/tasks.o
 .ARM.attributes
                0x0000059e       0x21 build/debug/startup_stm32f407xx.o
 .ARM.attributes
                0x000005bf       0x34 c:/Users/leejo/AppData/Roaming/Code/User/globalStorage/bmd.stm32-for-vscode/@xpack-dev-tools/arm-none-eabi-gcc/15.2.1-1.1.1/.content/bin/../lib/gcc/arm-none-eabi/15.2.1/../../../../arm-none-eabi/lib/thumb/v7e-m+fp/hard\libc_nano.a(libc_a-memset.o)
 .ARM.attributes
                0x000005f3       0x34 c:/Users/leejo/AppData/Roaming/Code/User/globalStorage/bmd.stm32-for-vscode/@xpack-dev-tools/arm-none-eabi-gcc/15.2.1-1.1.1/.content/bin/../lib/gcc/arm-none-eabi/15.2.1/../../../../arm-none-eabi/lib/thumb/v7e-m+fp/hard\libc_nano.a(libc_a-init.o)
 .ARM.attributes
                0x00000627       0x34 c:/Users/leejo/AppData/Roaming/Code/User/globalStorage/bmd.stm32-for-vscode/@xpack-dev-tools/arm-none-eabi-gcc/15.2.1-1.1.1/.content/bin/../lib/gcc/arm-none-eabi/15.2.1/../../../../arm-none-eabi/lib/thumb/v7e-m+fp/hard\libc_nano.a(libc_a-memcpy-stub.o)
 .ARM.attributes
                0x0000065b       0x22 c:/Users/leejo/AppData/Roaming/Code/User/globalStorage/bmd.stm32-for-vscode/@xpack-dev-tools/arm-none-eabi-gcc/15.2.1-1.1.1/.content/bin/../lib/gcc/arm-none-eabi/15.2.1/thumb/v7e-m+fp/hard\libgcc.a(_aeabi_uldivmod.o)
 .ARM.attributes
                0x0000067d       0x34 c:/Users/leejo/AppData/Roaming/Code/User/globalStorage/bmd.stm32-for-vscode/@xpack-dev-tools/arm-none-eabi-gcc/15.2.1-1.1.1/.content/bin/../lib/gcc/arm-none-eabi/15.2.1/thumb/v7e-m+fp/hard\libgcc.a(_udivmoddi4.o)
 .ARM.attributes
                0x000006b1       0x22 c:/Users/leejo/AppData/Roaming/Code/User/globalStorage/bmd.stm32-for-vscode/@xpack-dev-tools/arm-none-eabi-gcc/15.2.1-1.1.1/.content/bin/../lib/gcc/arm-none-eabi/15.2.1/thumb/v7e-m+fp/hard\libgcc.a(_dvmd_tls.o)
 .ARM.attributes
                0x000006d3       0x22 c:/Users/leejo/AppData/Roaming/Code/User/globalStorage/bmd.stm32-for-vscode/@xpack-dev-tools/arm-none-eabi-gcc/15.2.1-1.1.1/.content/bin/../lib/gcc/arm-none-eabi/15.2.1/thumb/v7e-m+fp/hard/crtn.o

.comment        0x00000000       0x39
 .comment       0x00000000       0x39 c:/Users/leejo/AppData/Roaming/Code/User/globalStorage/bmd.stm32-for-vscode/@xpack-dev-tools/arm-none-eabi-gcc/15.2.1-1.1.1/.content/bin/../lib/gcc/arm-none-eabi/15.2.1/thumb/v7e-m+fp/hard/crtbegin.o
                                 0x3a (size before relaxing)
 .comment       0x00000039        0x0 build/debug/cmsis_os.o
                                 0x3a (size before relaxing)
 .comment       0x00000039        0x0 build/debug/dsp_task.o
                                 0x3a (size before relaxing)
 .comment       0x00000039        0x0 build/debug/freertos.o
                                 0x3a (size before relaxing)
 .comment       0x00000039        0x0 build/debug/heap_4.o
                                 0x3a (size before relaxing)
 .comment       0x00000039        0x0 build/debug/list.o
                                 0x3a (size before relaxing)
 .comment       0x00000039        0x0 build/debug/main.o
                                 0x3a (size before relaxing)
 .comment       0x00000039        0x0 build/debug/port.o
                                 0x3a (size before relaxing)
 .comment       0x00000039        0x0 build/debug/queue.o
                                 0x3a (size before relaxing)
 .comment       0x00000039        0x0 build/debug/spi_task.o
                                 0x3a (size before relaxing)
 .comment       0x00000039        0x0 build/debug/stm32f4xx_hal.o
                                 0x3a (size before relaxing)
 .comment       0x00000039        0x0 build/debug/stm32f4xx_hal_cortex.o
                                 0x3a (size before relaxing)
 .comment       0x00000039        0x0 build/debug/stm32f4xx_hal_dma.o
                                 0x3a (size before relaxing)
 .comment       0x00000039        0x0 build/debug/stm32f4xx_hal_gpio.o
                                 0x3a (size before relaxing)
 .comment       0x00000039        0x0 build/debug/stm32f4xx_hal_i2c.o
                                 0x3a (size before relaxing)
 .comment       0x00000039        0x0 build/debug/stm32f4xx_hal_i2s.o
                                 0x3a (size before relaxing)
 .comment       0x00000039        0x0 build/debug/stm32f4xx_hal_i2s_ex.o
                                 0x3a (size before relaxing)
 .comment       0x00000039        0x0 build/debug/stm32f4xx_hal_msp.o
                                 0x3a (size before relaxing)
 .comment       0x00000039        0x0 build/debug/stm32f4xx_hal_rcc.o
                                 0x3a (size before relaxing)
 .comment       0x00000039        0x0 build/debug/stm32f4xx_hal_rcc_ex.o
                                 0x3a (size before relaxing)
 .comment       0x00000039        0x0 build/debug/stm32f4xx_hal_spi.o
                                 0x3a (size before relaxing)
 .comment       0x00000039        0x0 build/debug/stm32f4xx_hal_tim.o
                                 0x3a (size before relaxing)
 .comment       0x00000039        0x0 build/debug/stm32f4xx_hal_tim_ex.o
                                 0x3a (size before relaxing)
 .comment       0x00000039        0x0 build/debug/stm32f4xx_hal_timebase_tim.o
                                 0x3a (size before relaxing)
 .comment       0x00000039        0x0 build/debug/stm32f4xx_it.o
                                 0x3a (size before relaxing)
 .comment       0x00000039        0x0 build/debug/system_stm32f4xx.o
                                 0x3a (size before relaxing)
 .comment       0x00000039        0x0 build/debug/tasks.o
                                 0x3a (size before relaxing)
 .comment       0x00000039        0x0 c:/Users/leejo/AppData/Roaming/Code/User/globalStorage/bmd.stm32-for-vscode/@xpack-dev-tools/arm-none-eabi-gcc/15.2.1-1.1.1/.content/bin/../lib/gcc/arm-none-eabi/15.2.1/../../../../arm-none-eabi/lib/thumb/v7e-m+fp/hard\libc_nano.a(libc_a-memset.o)
                                 0x3a (size before relaxing)
 .comment       0x00000039        0x0 c:/Users/leejo/AppData/Roaming/Code/User/globalStorage/bmd.stm32-for-vscode/@xpack-dev-tools/arm-none-eabi-gcc/15.2.1-1.1.1/.content/bin/../lib/gcc/arm-none-eabi/15.2.1/../../../../arm-none-eabi/lib/thumb/v7e-m+fp/hard\libc_nano.a(libc_a-init.o)
                                 0x3a (size before relaxing)
 .comment       0x00000039        0x0 c:/Users/leejo/AppData/Roaming/Code/User/globalStorage/bmd.stm32-for-vscode/@xpack-dev-tools/arm-none-eabi-gcc/15.2.1-1.1.1/.content/bin/../lib/gcc/arm-none-eabi/15.2.1/../../../../arm-none-eabi/lib/thumb/v7e-m+fp/hard\libc_nano.a(libc_a-memcpy-stub.o)
                                 0x3a (size before relaxing)
 .comment       0x00000039        0x0 c:/Users/leejo/AppData/Roaming/Code/User/globalStorage/bmd.stm32-for-vscode/@xpack-dev-tools/arm-none-eabi-gcc/15.2.1-1.1.1/.content/bin/../lib/gcc/arm-none-eabi/15.2.1/thumb/v7e-m+fp/hard\libgcc.a(_udivmoddi4.o)
                                 0x3a (size before relaxing)

.debug_info     0x00000000    0x1fce5
 .debug_info    0x00000000     0x23e1 build/debug/cmsis_os.o
 .debug_info    0x000023e1      0xd56 build/debug/dsp_task.o
 .debug_info    0x00003137      0x277 build/debug/freertos.o
 .debug_info    0x000033ae      0x598 build/debug/heap_4.o
 .debug_info    0x00003946      0x2cf build/debug/list.o
 .debug_info    0x00003c15     0x2405 build/debug/main.o
 .debug_info    0x0000601a      0x55f build/debug/port.o
 .debug_info    0x00006579     0x2288 build/debug/queue.o
 .debug_info    0x00008801      0xb23 build/debug/spi_task.o
 .debug_info    0x00009324      0x9e2 build/debug/stm32f4xx_hal.o
 .debug_info    0x00009d06      0xffa build/debug/stm32f4xx_hal_cortex.o
 .debug_info    0x0000ad00      0xade build/debug/stm32f4xx_hal_dma.o
 .debug_info    0x0000b7de      0x711 build/debug/stm32f4xx_hal_gpio.o
 .debug_info    0x0000beef     0x382e build/debug/stm32f4xx_hal_i2c.o
 .debug_info    0x0000f71d     0x1157 build/debug/stm32f4xx_hal_i2s.o
 .debug_info    0x00010874      0xd7f build/debug/stm32f4xx_hal_i2s_ex.o
 .debug_info    0x000115f3     0x156c build/debug/stm32f4xx_hal_msp.o
 .debug_info    0x00012b5f      0xa86 build/debug/stm32f4xx_hal_rcc.o
 .debug_info    0x000135e5      0x656 build/debug/stm32f4xx_hal_rcc_ex.o
 .debug_info    0x00013c3b     0x1cd1 build/debug/stm32f4xx_hal_spi.o
 .debug_info    0x0001590c     0x3cee build/debug/stm32f4xx_hal_tim.o
 .debug_info    0x000195fa     0x1b0d build/debug/stm32f4xx_hal_tim_ex.o
 .debug_info    0x0001b107      0xc74 build/debug/stm32f4xx_hal_timebase_tim.o
 .debug_info    0x0001bd7b      0xa35 build/debug/stm32f4xx_it.o
 .debug_info    0x0001c7b0      0x52c build/debug/system_stm32f4xx.o
 .debug_info    0x0001ccdc     0x2871 build/debug/tasks.o
 .debug_info    0x0001f54d       0x30 build/debug/startup_stm32f407xx.o
 .debug_info    0x0001f57d       0x24 c:/Users/leejo/AppData/Roaming/Code/User/globalStorage/bmd.stm32-for-vscode/@xpack-dev-tools/arm-none-eabi-gcc/15.2.1-1.1.1/.content/bin/../lib/gcc/arm-none-eabi/15.2.1/thumb/v7e-m+fp/hard\libgcc.a(_aeabi_uldivmod.o)
 .debug_info    0x0001f5a1      0x708 c:/Users/leejo/AppData/Roaming/Code/User/globalStorage/bmd.stm32-for-vscode/@xpack-dev-tools/arm-none-eabi-gcc/15.2.1-1.1.1/.content/bin/../lib/gcc/arm-none-eabi/15.2.1/thumb/v7e-m+fp/hard\libgcc.a(_udivmoddi4.o)
 .debug_info    0x0001fca9       0x3c c:/Users/leejo/AppData/Roaming/Code/User/globalStorage/bmd.stm32-for-vscode/@xpack-dev-tools/arm-none-eabi-gcc/15.2.1-1.1.1/.content/bin/../lib/gcc/arm-none-eabi/15.2.1/thumb/v7e-m+fp/hard\libgcc.a(_dvmd_tls.o)

.debug_abbrev   0x00000000     0x42d7
 .debug_abbrev  0x00000000      0x3ff build/debug/cmsis_os.o
 .debug_abbrev  0x000003ff      0x2d6 build/debug/dsp_task.o
 .debug_abbrev  0x000006d5       0xd6 build/debug/freertos.o
 .debug_abbrev  0x000007ab      0x269 build/debug/heap_4.o
 .debug_abbrev  0x00000a14      0x111 build/debug/list.o
 .debug_abbrev  0x00000b25      0x38a build/debug/main.o
 .debug_abbrev  0x00000eaf      0x299 build/debug/port.o
 .debug_abbrev  0x00001148      0x3ed build/debug/queue.o
 .debug_abbrev  0x00001535      0x22f build/debug/spi_task.o
 .debug_abbrev  0x00001764      0x246 build/debug/stm32f4xx_hal.o
 .debug_abbrev  0x000019aa      0x397 build/debug/stm32f4xx_hal_cortex.o
 .debug_abbrev  0x00001d41      0x2c6 build/debug/stm32f4xx_hal_dma.o
 .debug_abbrev  0x00002007      0x21b build/debug/stm32f4xx_hal_gpio.o
 .debug_abbrev  0x00002222      0x2c9 build/debug/stm32f4xx_hal_i2c.o
 .debug_abbrev  0x000024eb      0x280 build/debug/stm32f4xx_hal_i2s.o
 .debug_abbrev  0x0000276b      0x29c build/debug/stm32f4xx_hal_i2s_ex.o
 .debug_abbrev  0x00002a07      0x271 build/debug/stm32f4xx_hal_msp.o
 .debug_abbrev  0x00002c78      0x2cd build/debug/stm32f4xx_hal_rcc.o
 .debug_abbrev  0x00002f45      0x1ca build/debug/stm32f4xx_hal_rcc_ex.o
 .debug_abbrev  0x0000310f      0x278 build/debug/stm32f4xx_hal_spi.o
 .debug_abbrev  0x00003387      0x277 build/debug/stm32f4xx_hal_tim.o
 .debug_abbrev  0x000035fe      0x275 build/debug/stm32f4xx_hal_tim_ex.o
 .debug_abbrev  0x00003873      0x239 build/debug/stm32f4xx_hal_timebase_tim.o
 .debug_abbrev  0x00003aac      0x1a9 build/debug/stm32f4xx_it.o
 .debug_abbrev  0x00003c55      0x124 build/debug/system_stm32f4xx.o
 .debug_abbrev  0x00003d79      0x390 build/debug/tasks.o
 .debug_abbrev  0x00004109       0x24 build/debug/startup_stm32f407xx.o
 .debug_abbrev  0x0000412d       0x14 c:/Users/leejo/AppData/Roaming/Code/User/globalStorage/bmd.stm32-for-vscode/@xpack-dev-tools/arm-none-eabi-gcc/15.2.1-1.1.1/.content/bin/../lib/gcc/arm-none-eabi/15.2.1/thumb/v7e-m+fp/hard\libgcc.a(_aeabi_uldivmod.o)
 .debug_abbrev  0x00004141      0x170 c:/Users/leejo/AppData/Roaming/Code/User/globalStorage/bmd.stm32-for-vscode/@xpack-dev-tools/arm-none-eabi-gcc/15.2.1-1.1.1/.content/bin/../lib/gcc/arm-none-eabi/15.2.1/thumb/v7e-m+fp/hard\libgcc.a(_udivmoddi4.o)
 .debug_abbrev  0x000042b1       0x26 c:/Users/leejo/AppData/Roaming/Code/User/globalStorage/bmd.stm32-for-vscode/@xpack-dev-tools/arm-none-eabi-gcc/15.2.1-1.1.1/.content/bin/../lib/gcc/arm-none-eabi/15.2.1/thumb/v7e-m+fp/hard\libgcc.a(_dvmd_tls.o)

.debug_loclists
                0x00000000    0x100df
 .debug_loclists
                0x00000000      0xc93 build/debug/cmsis_os.o
 .debug_loclists
                0x00000c93      0x316 build/debug/dsp_task.o
 .debug_loclists
                0x00000fa9      0x2c9 build/debug/heap_4.o
 .debug_loclists
                0x00001272       0x94 build/debug/list.o
 .debug_loclists
                0x00001306       0xe0 build/debug/main.o
 .debug_loclists
                0x000013e6       0xc1 build/debug/port.o
 .debug_loclists
                0x000014a7      0xef3 build/debug/queue.o
 .debug_loclists
                0x0000239a       0x9e build/debug/spi_task.o
 .debug_loclists
                0x00002438       0xe1 build/debug/stm32f4xx_hal.o
 .debug_loclists
                0x00002519      0x500 build/debug/stm32f4xx_hal_cortex.o
 .debug_loclists
                0x00002a19      0x8e5 build/debug/stm32f4xx_hal_dma.o
 .debug_loclists
                0x000032fe      0x361 build/debug/stm32f4xx_hal_gpio.o
 .debug_loclists
                0x0000365f     0x2f09 build/debug/stm32f4xx_hal_i2c.o
 .debug_loclists
                0x00006568      0xbea build/debug/stm32f4xx_hal_i2s.o
 .debug_loclists
                0x00007152      0x7e3 build/debug/stm32f4xx_hal_i2s_ex.o
 .debug_loclists
                0x00007935      0x14b build/debug/stm32f4xx_hal_msp.o
 .debug_loclists
                0x00007a80      0x3b1 build/debug/stm32f4xx_hal_rcc.o
 .debug_loclists
                0x00007e31      0x23c build/debug/stm32f4xx_hal_rcc_ex.o
 .debug_loclists
                0x0000806d     0x145f build/debug/stm32f4xx_hal_spi.o
 .debug_loclists
                0x000094cc     0x392d build/debug/stm32f4xx_hal_tim.o
 .debug_loclists
                0x0000cdf9     0x14f5 build/debug/stm32f4xx_hal_tim_ex.o
 .debug_loclists
                0x0000e2ee       0x8d build/debug/stm32f4xx_hal_timebase_tim.o
 .debug_loclists
                0x0000e37b       0x70 build/debug/system_stm32f4xx.o
 .debug_loclists
                0x0000e3eb     0x1285 build/debug/tasks.o
 .debug_loclists
                0x0000f670      0xa6f c:/Users/leejo/AppData/Roaming/Code/User/globalStorage/bmd.stm32-for-vscode/@xpack-dev-tools/arm-none-eabi-gcc/15.2.1-1.1.1/.content/bin/../lib/gcc/arm-none-eabi/15.2.1/thumb/v7e-m+fp/hard\libgcc.a(_udivmoddi4.o)

.debug_aranges  0x00000000     0x1738
 .debug_aranges
                0x00000000      0x1d8 build/debug/cmsis_os.o
 .debug_aranges
                0x000001d8       0x48 build/debug/dsp_task.o
 .debug_aranges
                0x00000220       0x20 build/debug/freertos.o
 .debug_aranges
                0x00000240       0x58 build/debug/heap_4.o
 .debug_aranges
                0x00000298       0x40 build/debug/list.o
 .debug_aranges
                0x000002d8       0x80 build/debug/main.o
 .debug_aranges
                0x00000358       0x80 build/debug/port.o
 .debug_aranges
                0x000003d8      0x108 build/debug/queue.o
 .debug_aranges
                0x000004e0       0x20 build/debug/spi_task.o
 .debug_aranges
                0x00000500       0xf0 build/debug/stm32f4xx_hal.o
 .debug_aranges
                0x000005f0       0xf8 build/debug/stm32f4xx_hal_cortex.o
 .debug_aranges
                0x000006e8       0x90 build/debug/stm32f4xx_hal_dma.o
 .debug_aranges
                0x00000778       0x58 build/debug/stm32f4xx_hal_gpio.o
 .debug_aranges
                0x000007d0      0x2a8 build/debug/stm32f4xx_hal_i2c.o
 .debug_aranges
                0x00000a78      0x108 build/debug/stm32f4xx_hal_i2s.o
 .debug_aranges
                0x00000b80       0x88 build/debug/stm32f4xx_hal_i2s_ex.o
 .debug_aranges
                0x00000c08       0x50 build/debug/stm32f4xx_hal_msp.o
 .debug_aranges
                0x00000c58       0x88 build/debug/stm32f4xx_hal_rcc.o
 .debug_aranges
                0x00000ce0       0x48 build/debug/stm32f4xx_hal_rcc_ex.o
 .debug_aranges
                0x00000d28      0x1d0 build/debug/stm32f4xx_hal_spi.o
 .debug_aranges
                0x00000ef8      0x3d0 build/debug/stm32f4xx_hal_tim.o
 .debug_aranges
                0x000012c8      0x168 build/debug/stm32f4xx_hal_tim_ex.o
 .debug_aranges
                0x00001430       0x30 build/debug/stm32f4xx_hal_timebase_tim.o
 .debug_aranges
                0x00001460       0x70 build/debug/stm32f4xx_it.o
 .debug_aranges
                0x000014d0       0x28 build/debug/system_stm32f4xx.o
 .debug_aranges
                0x000014f8      0x1b8 build/debug/tasks.o
 .debug_aranges
                0x000016b0       0x28 build/debug/startup_stm32f407xx.o
 .debug_aranges
                0x000016d8       0x20 c:/Users/leejo/AppData/Roaming/Code/User/globalStorage/bmd.stm32-for-vscode/@xpack-dev-tools/arm-none-eabi-gcc/15.2.1-1.1.1/.content/bin/../lib/gcc/arm-none-eabi/15.2.1/thumb/v7e-m+fp/hard\libgcc.a(_aeabi_uldivmod.o)
 .debug_aranges
                0x000016f8       0x20 c:/Users/leejo/AppData/Roaming/Code/User/globalStorage/bmd.stm32-for-vscode/@xpack-dev-tools/arm-none-eabi-gcc/15.2.1-1.1.1/.content/bin/../lib/gcc/arm-none-eabi/15.2.1/thumb/v7e-m+fp/hard\libgcc.a(_udivmoddi4.o)
 .debug_aranges
                0x00001718       0x20 c:/Users/leejo/AppData/Roaming/Code/User/globalStorage/bmd.stm32-for-vscode/@xpack-dev-tools/arm-none-eabi-gcc/15.2.1-1.1.1/.content/bin/../lib/gcc/arm-none-eabi/15.2.1/thumb/v7e-m+fp/hard\libgcc.a(_dvmd_tls.o)

.debug_rnglists
                0x00000000     0x1351
 .debug_rnglists
                0x00000000      0x15f build/debug/cmsis_os.o
 .debug_rnglists
                0x0000015f       0x4e build/debug/dsp_task.o
 .debug_rnglists
                0x000001ad       0x13 build/debug/freertos.o
 .debug_rnglists
                0x000001c0       0x40 build/debug/heap_4.o
 .debug_rnglists
                0x00000200       0x2b build/debug/list.o
 .debug_rnglists
                0x0000022b       0x5e build/debug/main.o
 .debug_rnglists
                0x00000289       0x69 build/debug/port.o
 .debug_rnglists
                0x000002f2      0x135 build/debug/queue.o
 .debug_rnglists
                0x00000427       0x21 build/debug/spi_task.o
 .debug_rnglists
                0x00000448       0xaf build/debug/stm32f4xx_hal.o
 .debug_rnglists
                0x000004f7       0xb5 build/debug/stm32f4xx_hal_cortex.o
 .debug_rnglists
                0x000005ac       0x6c build/debug/stm32f4xx_hal_dma.o
 .debug_rnglists
                0x00000618       0x3f build/debug/stm32f4xx_hal_gpio.o
 .debug_rnglists
                0x00000657      0x236 build/debug/stm32f4xx_hal_i2c.o
 .debug_rnglists
                0x0000088d       0xe3 build/debug/stm32f4xx_hal_i2s.o
 .debug_rnglists
                0x00000970       0x72 build/debug/stm32f4xx_hal_i2s_ex.o
 .debug_rnglists
                0x000009e2       0x39 build/debug/stm32f4xx_hal_msp.o
 .debug_rnglists
                0x00000a1b       0x75 build/debug/stm32f4xx_hal_rcc.o
 .debug_rnglists
                0x00000a90       0x33 build/debug/stm32f4xx_hal_rcc_ex.o
 .debug_rnglists
                0x00000ac3      0x16a build/debug/stm32f4xx_hal_spi.o
 .debug_rnglists
                0x00000c2d      0x302 build/debug/stm32f4xx_hal_tim.o
 .debug_rnglists
                0x00000f2f      0x11c build/debug/stm32f4xx_hal_tim_ex.o
 .debug_rnglists
                0x0000104b       0x20 build/debug/stm32f4xx_hal_timebase_tim.o
 .debug_rnglists
                0x0000106b       0x4f build/debug/stm32f4xx_it.o
 .debug_rnglists
                0x000010ba       0x1a build/debug/system_stm32f4xx.o
 .debug_rnglists
                0x000010d4      0x1c8 build/debug/tasks.o
 .debug_rnglists
                0x0000129c       0x19 build/debug/startup_stm32f407xx.o
 .debug_rnglists
                0x000012b5       0x9c c:/Users/leejo/AppData/Roaming/Code/User/globalStorage/bmd.stm32-for-vscode/@xpack-dev-tools/arm-none-eabi-gcc/15.2.1-1.1.1/.content/bin/../lib/gcc/arm-none-eabi/15.2.1/thumb/v7e-m+fp/hard\libgcc.a(_udivmoddi4.o)

.debug_line     0x00000000    0x1c843
 .debug_line    0x00000000     0x1471 build/debug/cmsis_os.o
 .debug_line    0x00001471      0x6b8 build/debug/dsp_task.o
 .debug_line    0x00001b29      0x24d build/debug/freertos.o
 .debug_line    0x00001d76      0x7b6 build/debug/heap_4.o
 .debug_line    0x0000252c      0x3f5 build/debug/list.o
 .debug_line    0x00002921      0x9e0 build/debug/main.o
 .debug_line    0x00003301      0x65d build/debug/port.o
 .debug_line    0x0000395e     0x189a build/debug/queue.o
 .debug_line    0x000051f8      0x3ba build/debug/spi_task.o
 .debug_line    0x000055b2      0x611 build/debug/stm32f4xx_hal.o
 .debug_line    0x00005bc3      0x8e1 build/debug/stm32f4xx_hal_cortex.o
 .debug_line    0x000064a4      0xed4 build/debug/stm32f4xx_hal_dma.o
 .debug_line    0x00007378      0x791 build/debug/stm32f4xx_hal_gpio.o
 .debug_line    0x00007b09     0x54c5 build/debug/stm32f4xx_hal_i2c.o
 .debug_line    0x0000cfce     0x1458 build/debug/stm32f4xx_hal_i2s.o
 .debug_line    0x0000e426     0x10df build/debug/stm32f4xx_hal_i2s_ex.o
 .debug_line    0x0000f505      0x702 build/debug/stm32f4xx_hal_msp.o
 .debug_line    0x0000fc07      0xc68 build/debug/stm32f4xx_hal_rcc.o
 .debug_line    0x0001086f      0x6f0 build/debug/stm32f4xx_hal_rcc_ex.o
 .debug_line    0x00010f5f     0x24c0 build/debug/stm32f4xx_hal_spi.o
 .debug_line    0x0001341f     0x47ec build/debug/stm32f4xx_hal_tim.o
 .debug_line    0x00017c0b     0x1ae8 build/debug/stm32f4xx_hal_tim_ex.o
 .debug_line    0x000196f3      0x378 build/debug/stm32f4xx_hal_timebase_tim.o
 .debug_line    0x00019a6b      0x362 build/debug/stm32f4xx_it.o
 .debug_line    0x00019dcd      0x2f5 build/debug/system_stm32f4xx.o
 .debug_line    0x0001a0c2     0x201b build/debug/tasks.o
 .debug_line    0x0001c0dd       0x76 build/debug/startup_stm32f407xx.o
 .debug_line    0x0001c153       0x4e c:/Users/leejo/AppData/Roaming/Code/User/globalStorage/bmd.stm32-for-vscode/@xpack-dev-tools/arm-none-eabi-gcc/15.2.1-1.1.1/.content/bin/../lib/gcc/arm-none-eabi/15.2.1/thumb/v7e-m+fp/hard\libgcc.a(_aeabi_uldivmod.o)
 .debug_line    0x0001c1a1      0x658 c:/Users/leejo/AppData/Roaming/Code/User/globalStorage/bmd.stm32-for-vscode/@xpack-dev-tools/arm-none-eabi-gcc/15.2.1-1.1.1/.content/bin/../lib/gcc/arm-none-eabi/15.2.1/thumb/v7e-m+fp/hard\libgcc.a(_udivmoddi4.o)
 .debug_line    0x0001c7f9       0x4a c:/Users/leejo/AppData/Roaming/Code/User/globalStorage/bmd.stm32-for-vscode/@xpack-dev-tools/arm-none-eabi-gcc/15.2.1-1.1.1/.content/bin/../lib/gcc/arm-none-eabi/15.2.1/thumb/v7e-m+fp/hard\libgcc.a(_dvmd_tls.o)

.debug_str      0x00000000     0x7905
 .debug_str     0x00000000     0x7905 build/debug/cmsis_os.o
                               0x1070 (size before relaxing)
 .debug_str     0x00007905        0x0 build/debug/dsp_task.o
                                0x9e1 (size before relaxing)
 .debug_str     0x00007905        0x0 build/debug/freertos.o
                                0x2fa (size before relaxing)
 .debug_str     0x00007905        0x0 build/debug/heap_4.o
                                0x506 (size before relaxing)
 .debug_str     0x00007905        0x0 build/debug/list.o
                                0x2ed (size before relaxing)
 .debug_str     0x00007905        0x0 build/debug/main.o
                               0x1bf7 (size before relaxing)
 .debug_str     0x00007905        0x0 build/debug/port.o
                                0x469 (size before relaxing)
 .debug_str     0x00007905        0x0 build/debug/queue.o
                                0xb56 (size before relaxing)
 .debug_str     0x00007905        0x0 build/debug/spi_task.o
                                0x8f4 (size before relaxing)
 .debug_str     0x00007905        0x0 build/debug/stm32f4xx_hal.o
                                0xb4f (size before relaxing)
 .debug_str     0x00007905        0x0 build/debug/stm32f4xx_hal_cortex.o
                                0xc60 (size before relaxing)
 .debug_str     0x00007905        0x0 build/debug/stm32f4xx_hal_dma.o
                                0x761 (size before relaxing)
 .debug_str     0x00007905        0x0 build/debug/stm32f4xx_hal_gpio.o
                                0x4cb (size before relaxing)
 .debug_str     0x00007905        0x0 build/debug/stm32f4xx_hal_i2c.o
                               0x1028 (size before relaxing)
 .debug_str     0x00007905        0x0 build/debug/stm32f4xx_hal_i2s.o
                                0x93b (size before relaxing)
 .debug_str     0x00007905        0x0 build/debug/stm32f4xx_hal_i2s_ex.o
                                0x853 (size before relaxing)
 .debug_str     0x00007905        0x0 build/debug/stm32f4xx_hal_msp.o
                               0x1208 (size before relaxing)
 .debug_str     0x00007905        0x0 build/debug/stm32f4xx_hal_rcc.o
                                0x6f1 (size before relaxing)
 .debug_str     0x00007905        0x0 build/debug/stm32f4xx_hal_rcc_ex.o
                                0x4b2 (size before relaxing)
 .debug_str     0x00007905        0x0 build/debug/stm32f4xx_hal_spi.o
                                0xbdf (size before relaxing)
 .debug_str     0x00007905        0x0 build/debug/stm32f4xx_hal_tim.o
                               0x16ea (size before relaxing)
 .debug_str     0x00007905        0x0 build/debug/stm32f4xx_hal_tim_ex.o
                                0xef6 (size before relaxing)
 .debug_str     0x00007905        0x0 build/debug/stm32f4xx_hal_timebase_tim.o
                                0xe47 (size before relaxing)
 .debug_str     0x00007905        0x0 build/debug/stm32f4xx_it.o
                                0x9fb (size before relaxing)
 .debug_str     0x00007905        0x0 build/debug/system_stm32f4xx.o
                                0x360 (size before relaxing)
 .debug_str     0x00007905        0x0 build/debug/tasks.o
                               0x1006 (size before relaxing)
 .debug_str     0x00007905        0x0 build/debug/startup_stm32f407xx.o
                                 0x69 (size before relaxing)
 .debug_str     0x00007905        0x0 c:/Users/leejo/AppData/Roaming/Code/User/globalStorage/bmd.stm32-for-vscode/@xpack-dev-tools/arm-none-eabi-gcc/15.2.1-1.1.1/.content/bin/../lib/gcc/arm-none-eabi/15.2.1/thumb/v7e-m+fp/hard\libgcc.a(_aeabi_uldivmod.o)
                                0x194 (size before relaxing)
 .debug_str     0x00007905        0x0 c:/Users/leejo/AppData/Roaming/Code/User/globalStorage/bmd.stm32-for-vscode/@xpack-dev-tools/arm-none-eabi-gcc/15.2.1-1.1.1/.content/bin/../lib/gcc/arm-none-eabi/15.2.1/thumb/v7e-m+fp/hard\libgcc.a(_udivmoddi4.o)
                                0x7ad (size before relaxing)
 .debug_str     0x00007905        0x0 c:/Users/leejo/AppData/Roaming/Code/User/globalStorage/bmd.stm32-for-vscode/@xpack-dev-tools/arm-none-eabi-gcc/15.2.1-1.1.1/.content/bin/../lib/gcc/arm-none-eabi/15.2.1/thumb/v7e-m+fp/hard\libgcc.a(_dvmd_tls.o)
                                0x1b4 (size before relaxing)

.debug_frame    0x00000000     0x3fe0
 .debug_frame   0x00000000      0x588 build/debug/cmsis_os.o
 .debug_frame   0x00000588       0xa0 build/debug/dsp_task.o
 .debug_frame   0x00000628       0x20 build/debug/freertos.o
 .debug_frame   0x00000648       0xc0 build/debug/heap_4.o
 .debug_frame   0x00000708       0x6c build/debug/list.o
 .debug_frame   0x00000774      0x168 build/debug/main.o
 .debug_frame   0x000008dc      0x10c build/debug/port.o
 .debug_frame   0x000009e8      0x35c build/debug/queue.o
 .debug_frame   0x00000d44       0x2c build/debug/spi_task.o
 .debug_frame   0x00000d70      0x1ec build/debug/stm32f4xx_hal.o
 .debug_frame   0x00000f5c      0x214 build/debug/stm32f4xx_hal_cortex.o
 .debug_frame   0x00001170      0x170 build/debug/stm32f4xx_hal_dma.o
 .debug_frame   0x000012e0       0xd0 build/debug/stm32f4xx_hal_gpio.o
 .debug_frame   0x000013b0      0x91c build/debug/stm32f4xx_hal_i2c.o
 .debug_frame   0x00001ccc      0x300 build/debug/stm32f4xx_hal_i2s.o
 .debug_frame   0x00001fcc      0x190 build/debug/stm32f4xx_hal_i2s_ex.o
 .debug_frame   0x0000215c       0xe8 build/debug/stm32f4xx_hal_msp.o
 .debug_frame   0x00002244      0x16c build/debug/stm32f4xx_hal_rcc.o
 .debug_frame   0x000023b0       0xa4 build/debug/stm32f4xx_hal_rcc_ex.o
 .debug_frame   0x00002454      0x598 build/debug/stm32f4xx_hal_spi.o
 .debug_frame   0x000029ec      0xab0 build/debug/stm32f4xx_hal_tim.o
 .debug_frame   0x0000349c      0x3e8 build/debug/stm32f4xx_hal_tim_ex.o
 .debug_frame   0x00003884       0x54 build/debug/stm32f4xx_hal_timebase_tim.o
 .debug_frame   0x000038d8       0xe8 build/debug/stm32f4xx_it.o
 .debug_frame   0x000039c0       0x30 build/debug/system_stm32f4xx.o
 .debug_frame   0x000039f0      0x580 build/debug/tasks.o
 .debug_frame   0x00003f70       0x2c c:/Users/leejo/AppData/Roaming/Code/User/globalStorage/bmd.stm32-for-vscode/@xpack-dev-tools/arm-none-eabi-gcc/15.2.1-1.1.1/.content/bin/../lib/gcc/arm-none-eabi/15.2.1/thumb/v7e-m+fp/hard\libgcc.a(_aeabi_uldivmod.o)
 .debug_frame   0x00003f9c       0x44 c:/Users/leejo/AppData/Roaming/Code/User/globalStorage/bmd.stm32-for-vscode/@xpack-dev-tools/arm-none-eabi-gcc/15.2.1-1.1.1/.content/bin/../lib/gcc/arm-none-eabi/15.2.1/thumb/v7e-m+fp/hard\libgcc.a(_udivmoddi4.o)

.debug_line_str
                0x00000000      0x1df
 .debug_line_str
                0x00000000      0x1df build/debug/startup_stm32f407xx.o
                                 0x4d (size before relaxing)
 .debug_line_str
                0x000001df        0x0 c:/Users/leejo/AppData/Roaming/Code/User/globalStorage/bmd.stm32-for-vscode/@xpack-dev-tools/arm-none-eabi-gcc/15.2.1-1.1.1/.content/bin/../lib/gcc/arm-none-eabi/15.2.1/thumb/v7e-m+fp/hard\libgcc.a(_aeabi_uldivmod.o)
                                0x186 (size before relaxing)
 .debug_line_str
                0x000001df        0x0 c:/Users/leejo/AppData/Roaming/Code/User/globalStorage/bmd.stm32-for-vscode/@xpack-dev-tools/arm-none-eabi-gcc/15.2.1-1.1.1/.content/bin/../lib/gcc/arm-none-eabi/15.2.1/thumb/v7e-m+fp/hard\libgcc.a(_dvmd_tls.o)
                                0x18a (size before relaxing)

Cross Reference Table

Symbol                                            File
ADC_IRQHandler                                    build/debug/startup_stm32f407xx.o
AHBPrescTable                                     build/debug/system_stm32f4xx.o
                                                  build/debug/stm32f4xx_hal_rcc.o
APBPrescTable                                     build/debug/system_stm32f4xx.o
                                                  build/debug/stm32f4xx_hal_rcc.o
BusFault_Handler                                  build/debug/stm32f4xx_it.o
CAN1_RX0_IRQHandler                               build/debug/startup_stm32f407xx.o
CAN1_RX1_IRQHandler                               build/debug/startup_stm32f407xx.o
CAN1_SCE_IRQHandler                               build/debug/startup_stm32f407xx.o
CAN1_TX_IRQHandler                                build/debug/startup_stm32f407xx.o
CAN2_RX0_IRQHandler                               build/debug/startup_stm32f407xx.o
CAN2_RX1_IRQHandler                               build/debug/startup_stm32f407xx.o
CAN2_SCE_IRQHandler                               build/debug/startup_stm32f407xx.o
CAN2_TX_IRQHandler                                build/debug/startup_stm32f407xx.o
DCMI_IRQHandler                                   build/debug/startup_stm32f407xx.o
DMA1_Stream0_IRQHandler                           build/debug/stm32f4xx_it.o
DMA1_Stream1_IRQHandler                           build/debug/startup_stm32f407xx.o
DMA1_Stream2_IRQHandler                           build/debug/startup_stm32f407xx.o
DMA1_Stream3_IRQHandler                           build/debug/stm32f4xx_it.o
DMA1_Stream4_IRQHandler                           build/debug/startup_stm32f407xx.o
DMA1_Stream5_IRQHandler                           build/debug/stm32f4xx_it.o
DMA1_Stream6_IRQHandler                           build/debug/startup_stm32f407xx.o
DMA1_Stream7_IRQHandler                           build/debug/startup_stm32f407xx.o
DMA2_Stream0_IRQHandler                           build/debug/startup_stm32f407xx.o
DMA2_Stream1_IRQHandler                           build/debug/startup_stm32f407xx.o
DMA2_Stream2_IRQHandler                           build/debug/startup_stm32f407xx.o
DMA2_Stream3_IRQHandler                           build/debug/startup_stm32f407xx.o
DMA2_Stream4_IRQHandler                           build/debug/startup_stm32f407xx.o
DMA2_Stream5_IRQHandler                           build/debug/startup_stm32f407xx.o
DMA2_Stream6_IRQHandler                           build/debug/startup_stm32f407xx.o
DMA2_Stream7_IRQHandler                           build/debug/startup_stm32f407xx.o
DebugMon_Handler                                  build/debug/stm32f4xx_it.o
Default_Handler                                   build/debug/startup_stm32f407xx.o
ETH_IRQHandler                                    build/debug/startup_stm32f407xx.o
ETH_WKUP_IRQHandler                               build/debug/startup_stm32f407xx.o
EXTI0_IRQHandler                                  build/debug/startup_stm32f407xx.o
EXTI15_10_IRQHandler                              build/debug/startup_stm32f407xx.o
EXTI1_IRQHandler                                  build/debug/startup_stm32f407xx.o
EXTI2_IRQHandler                                  build/debug/startup_stm32f407xx.o
EXTI3_IRQHandler                                  build/debug/startup_stm32f407xx.o
EXTI4_IRQHandler                                  build/debug/startup_stm32f407xx.o
EXTI9_5_IRQHandler                                build/debug/startup_stm32f407xx.o
Error_Handler                                     build/debug/main.o
                                                  build/debug/stm32f4xx_hal_msp.o
FLASH_Erase_Sector                                build/debug/stm32f4xx_hal_flash_ex.o
                                                  build/debug/stm32f4xx_hal_flash.o
FLASH_FlushCaches                                 build/debug/stm32f4xx_hal_flash_ex.o
                                                  build/debug/stm32f4xx_hal_flash.o
FLASH_IRQHandler                                  build/debug/startup_stm32f407xx.o
FLASH_WaitForLastOperation                        build/debug/stm32f4xx_hal_flash.o
                                                  build/debug/stm32f4xx_hal_flash_ex.o
FPU_IRQHandler                                    build/debug/startup_stm32f407xx.o
FSMC_IRQHandler                                   build/debug/startup_stm32f407xx.o
HAL_CORTEX_ClearEvent                             build/debug/stm32f4xx_hal_cortex.o
HAL_DBGMCU_DisableDBGSleepMode                    build/debug/stm32f4xx_hal.o
HAL_DBGMCU_DisableDBGStandbyMode                  build/debug/stm32f4xx_hal.o
HAL_DBGMCU_DisableDBGStopMode                     build/debug/stm32f4xx_hal.o
HAL_DBGMCU_EnableDBGSleepMode                     build/debug/stm32f4xx_hal.o
HAL_DBGMCU_EnableDBGStandbyMode                   build/debug/stm32f4xx_hal.o
HAL_DBGMCU_EnableDBGStopMode                      build/debug/stm32f4xx_hal.o
HAL_DMAEx_ChangeMemory                            build/debug/stm32f4xx_hal_dma_ex.o
HAL_DMAEx_MultiBufferStart                        build/debug/stm32f4xx_hal_dma_ex.o
HAL_DMAEx_MultiBufferStart_IT                     build/debug/stm32f4xx_hal_dma_ex.o
HAL_DMA_Abort                                     build/debug/stm32f4xx_hal_dma.o
                                                  build/debug/stm32f4xx_hal_spi.o
                                                  build/debug/stm32f4xx_hal_i2s.o
HAL_DMA_Abort_IT                                  build/debug/stm32f4xx_hal_dma.o
                                                  build/debug/stm32f4xx_hal_tim_ex.o
                                                  build/debug/stm32f4xx_hal_tim.o
                                                  build/debug/stm32f4xx_hal_spi.o
                                                  build/debug/stm32f4xx_hal_i2c.o
HAL_DMA_DeInit                                    build/debug/stm32f4xx_hal_dma.o
                                                  build/debug/stm32f4xx_hal_msp.o
HAL_DMA_GetError                                  build/debug/stm32f4xx_hal_dma.o
                                                  build/debug/stm32f4xx_hal_i2c.o
HAL_DMA_GetState                                  build/debug/stm32f4xx_hal_dma.o
                                                  build/debug/stm32f4xx_hal_i2c.o
HAL_DMA_IRQHandler                                build/debug/stm32f4xx_hal_dma.o
                                                  build/debug/stm32f4xx_it.o
HAL_DMA_Init                                      build/debug/stm32f4xx_hal_dma.o
                                                  build/debug/stm32f4xx_hal_msp.o
HAL_DMA_PollForTransfer                           build/debug/stm32f4xx_hal_dma.o
HAL_DMA_RegisterCallback                          build/debug/stm32f4xx_hal_dma.o
HAL_DMA_Start                                     build/debug/stm32f4xx_hal_dma.o
HAL_DMA_Start_IT                                  build/debug/stm32f4xx_hal_dma.o
                                                  build/debug/stm32f4xx_hal_tim_ex.o
                                                  build/debug/stm32f4xx_hal_tim.o
                                                  build/debug/stm32f4xx_hal_spi.o
                                                  build/debug/stm32f4xx_hal_i2s_ex.o
                                                  build/debug/stm32f4xx_hal_i2s.o