Archive member included to satisfy reference by file (symbol)

/Users/vibhasathishkumar/Library/Application Support/Code/User/globalStorage/bmd.stm32-for-vscode/@xpack-dev-tools/arm-none-eabi-gcc/15.2.1-1.1.1/.content/bin/../lib/gcc/arm-none-eabi/15.2.1/../../../../arm-none-eabi/lib/thumb/v7e-m+fp/hard/libc_nano.a(libc_a-atexit.o)
                              /Users/vibhasathishkumar/Library/Application Support/Code/User/globalStorage/bmd.stm32-for-vscode/@xpack-dev-tools/arm-none-eabi-gcc/15.2.1-1.1.1/.content/bin/../lib/gcc/arm-none-eabi/15.2.1/../../../../arm-none-eabi/lib/thumb/v7e-m+fp/hard/crt0.o (atexit)
/Users/vibhasathishkumar/Library/Application Support/Code/User/globalStorage/bmd.stm32-for-vscode/@xpack-dev-tools/arm-none-eabi-gcc/15.2.1-1.1.1/.content/bin/../lib/gcc/arm-none-eabi/15.2.1/../../../../arm-none-eabi/lib/thumb/v7e-m+fp/hard/libc_nano.a(libc_a-exit.o)
                              /Users/vibhasathishkumar/Library/Application Support/Code/User/globalStorage/bmd.stm32-for-vscode/@xpack-dev-tools/arm-none-eabi-gcc/15.2.1-1.1.1/.content/bin/../lib/gcc/arm-none-eabi/15.2.1/../../../../arm-none-eabi/lib/thumb/v7e-m+fp/hard/crt0.o (exit)
/Users/vibhasathishkumar/Library/Application Support/Code/User/globalStorage/bmd.stm32-for-vscode/@xpack-dev-tools/arm-none-eabi-gcc/15.2.1-1.1.1/.content/bin/../lib/gcc/arm-none-eabi/15.2.1/../../../../arm-none-eabi/lib/thumb/v7e-m+fp/hard/libc_nano.a(libc_a-malloc.o)
                              build/debug/usbh_cdc.o (malloc)
/Users/vibhasathishkumar/Library/Application Support/Code/User/globalStorage/bmd.stm32-for-vscode/@xpack-dev-tools/arm-none-eabi-gcc/15.2.1-1.1.1/.content/bin/../lib/gcc/arm-none-eabi/15.2.1/../../../../arm-none-eabi/lib/thumb/v7e-m+fp/hard/libc_nano.a(libc_a-mallocr.o)
                              /Users/vibhasathishkumar/Library/Application Support/Code/User/globalStorage/bmd.stm32-for-vscode/@xpack-dev-tools/arm-none-eabi-gcc/15.2.1-1.1.1/.content/bin/../lib/gcc/arm-none-eabi/15.2.1/../../../../arm-none-eabi/lib/thumb/v7e-m+fp/hard/libc_nano.a(libc_a-malloc.o) (_malloc_r)
/Users/vibhasathishkumar/Library/Application Support/Code/User/globalStorage/bmd.stm32-for-vscode/@xpack-dev-tools/arm-none-eabi-gcc/15.2.1-1.1.1/.content/bin/../lib/gcc/arm-none-eabi/15.2.1/../../../../arm-none-eabi/lib/thumb/v7e-m+fp/hard/libc_nano.a(libc_a-mlock.o)
                              /Users/vibhasathishkumar/Library/Application Support/Code/User/globalStorage/bmd.stm32-for-vscode/@xpack-dev-tools/arm-none-eabi-gcc/15.2.1-1.1.1/.content/bin/../lib/gcc/arm-none-eabi/15.2.1/../../../../arm-none-eabi/lib/thumb/v7e-m+fp/hard/libc_nano.a(libc_a-mallocr.o) (__malloc_lock)
/Users/vibhasathishkumar/Library/Application Support/Code/User/globalStorage/bmd.stm32-for-vscode/@xpack-dev-tools/arm-none-eabi-gcc/15.2.1-1.1.1/.content/bin/../lib/gcc/arm-none-eabi/15.2.1/../../../../arm-none-eabi/lib/thumb/v7e-m+fp/hard/libc_nano.a(libc_a-findfp.o)
                              /Users/vibhasathishkumar/Library/Application Support/Code/User/globalStorage/bmd.stm32-for-vscode/@xpack-dev-tools/arm-none-eabi-gcc/15.2.1-1.1.1/.content/bin/../lib/gcc/arm-none-eabi/15.2.1/../../../../arm-none-eabi/lib/thumb/v7e-m+fp/hard/libc_nano.a(libc_a-exit.o) (__stdio_exit_handler)
/Users/vibhasathishkumar/Library/Application Support/Code/User/globalStorage/bmd.stm32-for-vscode/@xpack-dev-tools/arm-none-eabi-gcc/15.2.1-1.1.1/.content/bin/../lib/gcc/arm-none-eabi/15.2.1/../../../../arm-none-eabi/lib/thumb/v7e-m+fp/hard/libc_nano.a(libc_a-fwalk.o)
                              /Users/vibhasathishkumar/Library/Application Support/Code/User/globalStorage/bmd.stm32-for-vscode/@xpack-dev-tools/arm-none-eabi-gcc/15.2.1-1.1.1/.content/bin/../lib/gcc/arm-none-eabi/15.2.1/../../../../arm-none-eabi/lib/thumb/v7e-m+fp/hard/libc_nano.a(libc_a-findfp.o) (_fwalk_sglue)
/Users/vibhasathishkumar/Library/Application Support/Code/User/globalStorage/bmd.stm32-for-vscode/@xpack-dev-tools/arm-none-eabi-gcc/15.2.1-1.1.1/.content/bin/../lib/gcc/arm-none-eabi/15.2.1/../../../../arm-none-eabi/lib/thumb/v7e-m+fp/hard/libc_nano.a(libc_a-memset.o)
                              /Users/vibhasathishkumar/Library/Application Support/Code/User/globalStorage/bmd.stm32-for-vscode/@xpack-dev-tools/arm-none-eabi-gcc/15.2.1-1.1.1/.content/bin/../lib/gcc/arm-none-eabi/15.2.1/../../../../arm-none-eabi/lib/thumb/v7e-m+fp/hard/crt0.o (memset)
/Users/vibhasathishkumar/Library/Application Support/Code/User/globalStorage/bmd.stm32-for-vscode/@xpack-dev-tools/arm-none-eabi-gcc/15.2.1-1.1.1/.content/bin/../lib/gcc/arm-none-eabi/15.2.1/../../../../arm-none-eabi/lib/thumb/v7e-m+fp/hard/libc_nano.a(libc_a-sbrkr.o)
                              /Users/vibhasathishkumar/Library/Application Support/Code/User/globalStorage/bmd.stm32-for-vscode/@xpack-dev-tools/arm-none-eabi-gcc/15.2.1-1.1.1/.content/bin/../lib/gcc/arm-none-eabi/15.2.1/../../../../arm-none-eabi/lib/thumb/v7e-m+fp/hard/libc_nano.a(libc_a-mallocr.o) (_sbrk_r)
[...]
Memory Configuration

Name             Origin             Length             Attributes
RAM              0x20000000         0x00020000         xrw
CCMRAM           0x10000000         0x00010000         xrw
FLASH            0x08000000         0x00100000         xr
*default*        0x00000000         0xffffffff

Linker script and memory map

LOAD /Users/vibhasathishkumar/Library/Application Support/Code/User/globalStorage/bmd.stm32-for-vscode/@xpack-dev-tools/arm-none-eabi-gcc/15.2.1-1.1.1/.content/bin/../lib/gcc/arm-none-eabi/15.2.1/thumb/v7e-m+fp/hard/crti.o
LOAD /Users/vibhasathishkumar/Library/Application Support/Code/User/globalStorage/bmd.stm32-for-vscode/@xpack-dev-tools/arm-none-eabi-gcc/15.2.1-1.1.1/.content/bin/../lib/gcc/arm-none-eabi/15.2.1/thumb/v7e-m+fp/hard/crtbegin.o
LOAD /Users/vibhasathishkumar/Library/Application Support/Code/User/globalStorage/bmd.stm32-for-vscode/@xpack-dev-tools/arm-none-eabi-gcc/15.2.1-1.1.1/.content/bin/../lib/gcc/arm-none-eabi/15.2.1/../../../../arm-none-eabi/lib/thumb/v7e-m+fp/hard/crt0.o
LOAD build/debug/cmsis_os.o
LOAD build/debug/croutine.o
LOAD build/debug/dsp_task.o
LOAD build/debug/event_groups.o
LOAD build/debug/freertos.o
LOAD build/debug/heap_4.o
LOAD build/debug/list.o
LOAD build/debug/main.o
LOAD build/debug/port.o
LOAD build/debug/queue.o
LOAD build/debug/spi_task.o
LOAD build/debug/stm32f4xx_hal.o
LOAD build/debug/stm32f4xx_hal_cortex.o
LOAD build/debug/stm32f4xx_hal_dma.o
LOAD build/debug/stm32f4xx_hal_dma_ex.o
LOAD build/debug/stm32f4xx_hal_exti.o
LOAD build/debug/stm32f4xx_hal_flash.o
LOAD build/debug/stm32f4xx_hal_flash_ex.o
LOAD build/debug/stm32f4xx_hal_flash_ramfunc.o
LOAD build/debug/stm32f4xx_hal_gpio.o
LOAD build/debug/stm32f4xx_hal_hcd.o
LOAD build/debug/stm32f4xx_hal_i2c.o
LOAD build/debug/stm32f4xx_hal_i2c_ex.o
LOAD build/debug/stm32f4xx_hal_i2s.o
LOAD build/debug/stm32f4xx_hal_i2s_ex.o
LOAD build/debug/stm32f4xx_hal_msp.o
LOAD build/debug/stm32f4xx_hal_pwr.o
LOAD build/debug/stm32f4xx_hal_pwr_ex.o
LOAD build/debug/stm32f4xx_hal_rcc.o
LOAD build/debug/stm32f4xx_hal_rcc_ex.o
LOAD build/debug/stm32f4xx_hal_spi.o
LOAD build/debug/stm32f4xx_it.o
LOAD build/debug/stm32f4xx_ll_usb.o
LOAD build/debug/stream_buffer.o
LOAD build/debug/syscalls.o
LOAD build/debug/sysmem.o
LOAD build/debug/system_stm32f4xx.o
LOAD build/debug/tasks.o
LOAD build/debug/timers.o
LOAD build/debug/usb_host.o
LOAD build/debug/usbh_cdc.o
LOAD build/debug/usbh_conf.o
LOAD build/debug/usbh_core.o
LOAD build/debug/usbh_ctlreq.o
LOAD build/debug/usbh_ioreq.o
LOAD build/debug/usbh_pipes.o
LOAD build/debug/usbh_platform.o
LOAD build/debug/startup_stm32f407xx.o
LOAD /Users/vibhasathishkumar/Library/Application Support/Code/User/globalStorage/bmd.stm32-for-vscode/@xpack-dev-tools/arm-none-eabi-gcc/15.2.1-1.1.1/.content/bin/../lib/gcc/arm-none-eabi/15.2.1/../../../../arm-none-eabi/lib/thumb/v7e-m+fp/hard/libc_nano.a
LOAD /Users/vibhasathishkumar/Library/Application Support/Code/User/globalStorage/bmd.stm32-for-vscode/@xpack-dev-tools/arm-none-eabi-gcc/15.2.1-1.1.1/.content/bin/../lib/gcc/arm-none-eabi/15.2.1/../../../../arm-none-eabi/lib/thumb/v7e-m+fp/hard/libm.a
LOAD /Users/vibhasathishkumar/Library/Application Support/Code/User/globalStorage/bmd.stm32-for-vscode/@xpack-dev-tools/arm-none-eabi-gcc/15.2.1-1.1.1/.content/bin/../lib/gcc/arm-none-eabi/15.2.1/../../../../arm-none-eabi/lib/thumb/v7e-m+fp/hard/libnosys.a
START GROUP
LOAD /Users/vibhasathishkumar/Library/Application Support/Code/User/globalStorage/bmd.stm32-for-vscode/@xpack-dev-tools/arm-none-eabi-gcc/15.2.1-1.1.1/.content/bin/../lib/gcc/arm-none-eabi/15.2.1/thumb/v7e-m+fp/hard/libgcc.a
LOAD /Users/vibhasathishkumar/Library/Application Support/Code/User/globalStorage/bmd.stm32-for-vscode/@xpack-dev-tools/arm-none-eabi-gcc/15.2.1-1.1.1/.content/bin/../lib/gcc/arm-none-eabi/15.2.1/../../../../arm-none-eabi/lib/thumb/v7e-m+fp/hard/libc_nano.a
END GROUP
START GROUP
LOAD /Users/vibhasathishkumar/Library/Application Support/Code/User/globalStorage/bmd.stm32-for-vscode/@xpack-dev-tools/arm-none-eabi-gcc/15.2.1-1.1.1/.content/bin/../lib/gcc/arm-none-eabi/15.2.1/thumb/v7e-m+fp/hard/libgcc.a
LOAD /Users/vibhasathishkumar/Library/Application Support/Code/User/globalStorage/bmd.stm32-for-vscode/@xpack-dev-tools/arm-none-eabi-gcc/15.2.1-1.1.1/.content/bin/../lib/gcc/arm-none-eabi/15.2.1/../../../../arm-none-eabi/lib/thumb/v7e-m+fp/hard/libc_nano.a
END GROUP
LOAD /Users/vibhasathishkumar/Library/Application Support/Code/User/globalStorage/bmd.stm32-for-vscode/@xpack-dev-tools/arm-none-eabi-gcc/15.2.1-1.1.1/.content/bin/../lib/gcc/arm-none-eabi/15.2.1/thumb/v7e-m+fp/hard/crtend.o
LOAD /Users/vibhasathishkumar/Library/Application Support/Code/User/globalStorage/bmd.stm32-for-vscode/@xpack-dev-tools/arm-none-eabi-gcc/15.2.1-1.1.1/.content/bin/../lib/gcc/arm-none-eabi/15.2.1/thumb/v7e-m+fp/hard/crtn.o
                0x20020000                        _estack = (ORIGIN (RAM) + LENGTH (RAM))
                0x2001fc00                        _sstack = (_estack - _Min_Stack_Size)
                0x00000200                        _Min_Heap_Size = 0x200
                0x00000400                        _Min_Stack_Size = 0x400

.isr_vector     0x08000000      0x188
                0x08000000                        . = ALIGN (0x4)
 *(.isr_vector)
 .isr_vector    0x08000000      0x188 build/debug/startup_stm32f407xx.o
                0x08000000                g_pfnVectors
                0x08000188                        . = ALIGN (0x4)

.text           0x08000190     0x62a0
                0x08000190                        . = ALIGN (0x4)
 *(.text)
 .text          0x08000190       0x30 /Users/vibhasathishkumar/Library/Application Support/Code/User/globalStorage/bmd.stm32-for-vscode/@xpack-dev-tools/arm-none-eabi-gcc/15.2.1-1.1.1/.content/bin/../lib/gcc/arm-none-eabi/15.2.1/thumb/v7e-m+fp/hard/libgcc.a(_aeabi_uldivmod.o)
                0x08000190                __aeabi_uldivmod
 .text          0x080001c0        0x4 /Users/vibhasathishkumar/Library/Application Support/Code/User/globalStorage/bmd.stm32-for-vscode/@xpack-dev-tools/arm-none-eabi-gcc/15.2.1-1.1.1/.content/bin/../lib/gcc/arm-none-eabi/15.2.1/thumb/v7e-m+fp/hard/libgcc.a(_dvmd_tls.o)
                0x080001c0                __aeabi_ldiv0
                0x080001c0                __aeabi_idiv0
 *(.text*)
 .text.__do_global_dtors_aux
                0x080001c4       0x28 /Users/vibhasathishkumar/Library/Application Support/Code/User/globalStorage/bmd.stm32-for-vscode/@xpack-dev-tools/arm-none-eabi-gcc/15.2.1-1.1.1/.content/bin/../lib/gcc/arm-none-eabi/15.2.1/thumb/v7e-m+fp/hard/crtbegin.o
 .text.frame_dummy
                0x080001ec       0x1c /Users/vibhasathishkumar/Library/Application Support/Code/User/globalStorage/bmd.stm32-for-vscode/@xpack-dev-tools/arm-none-eabi-gcc/15.2.1-1.1.1/.content/bin/../lib/gcc/arm-none-eabi/15.2.1/thumb/v7e-m+fp/hard/crtbegin.o
 .text.makeFreeRtosPriority
                0x08000208        0xc build/debug/cmsis_os.o
 .text.inHandlerMode
                0x08000214        0xc build/debug/cmsis_os.o
 .text.osKernelStart
                0x08000220        0xa build/debug/cmsis_os.o
                0x08000220                osKernelStart
 .text.osThreadCreate
                0x0800022a       0x66 build/debug/cmsis_os.o
                0x0800022a                osThreadCreate
 .text.osDelay  0x08000290        0xe build/debug/cmsis_os.o
                0x08000290                osDelay
 .text.osMutexCreate
                0x0800029e       0x16 build/debug/cmsis_os.o
                0x0800029e                osMutexCreate
 .text.osMutexWait
                0x080002b4       0x60 build/debug/cmsis_os.o
                0x080002b4                osMutexWait
 .text.osMutexRelease
                0x08000314       0x5a build/debug/cmsis_os.o
                0x08000314                osMutexRelease
 .text.osSemaphoreCreate
                0x0800036e       0x48 build/debug/cmsis_os.o
                0x0800036e                osSemaphoreCreate
 .text.osSemaphoreWait
                0x080003b6       0x68 build/debug/cmsis_os.o
                0x080003b6                osSemaphoreWait
 .text.osSemaphoreRelease
                0x0800041e       0x5a build/debug/cmsis_os.o
                0x0800041e                osSemaphoreRelease
 .text.osMessagePut
                0x08000478       0x68 build/debug/cmsis_os.o
                0x08000478                osMessagePut
 .text.osMessageWaiting
                0x080004e0       0x1a build/debug/cmsis_os.o
                0x080004e0                osMessageWaiting
 .text.apply_volume
                0x080004fa       0x30 build/debug/dsp_task.o
 *fill*         0x0800052a        0x2 
 .text.apply_lpf
                0x0800052c       0x8c build/debug/dsp_task.o
 .text.apply_delay
                0x080005b8       0xec build/debug/dsp_task.o
 .text.StartDSPTask
                0x080006a4       0x9c build/debug/dsp_task.o
                0x080006a4                StartDSPTask
 .text.vApplicationGetIdleTaskMemory
                0x08000740       0x18 build/debug/freertos.o
                0x08000740                vApplicationGetIdleTaskMemory
 .text.vApplicationMallocFailedHook
                0x08000758       0x14 build/debug/freertos.o
                0x08000758                vApplicationMallocFailedHook
 .text.prvHeapInit
                0x0800076c       0x64 build/debug/heap_4.o
 .text.prvInsertBlockIntoFreeList
                0x080007d0       0x5c build/debug/heap_4.o
 .text.pvPortMalloc
                0x0800082c      0x118 build/debug/heap_4.o
                0x0800082c                pvPortMalloc
 .text.vPortFree
                0x08000944       0x80 build/debug/heap_4.o
                0x08000944                vPortFree
 .text.vListInitialise
                0x080009c4       0x16 build/debug/list.o
                0x080009c4                vListInitialise
 .text.vListInitialiseItem
                0x080009da        0x6 build/debug/list.o
                0x080009da                vListInitialiseItem
 .text.vListInsertEnd
                0x080009e0       0x16 build/debug/list.o
                0x080009e0                vListInsertEnd
 .text.vListInsert
                0x080009f6       0x38 build/debug/list.o
                0x080009f6                vListInsert
 .text.uxListRemove
                0x08000a2e       0x26 build/debug/list.o
                0x08000a2e                uxListRemove
 .text.MX_GPIO_Init
                0x08000a54      0x194 build/debug/main.o
 .text.MX_DMA_Init
                0x08000be8       0x58 build/debug/main.o
 .text.StartDefaultTask
                0x08000c40       0x1c build/debug/main.o
                0x08000c40                StartDefaultTask
 .text.HAL_SPI_RxCpltCallback
                0x08000c5c       0x54 build/debug/main.o
                0x08000c5c                HAL_SPI_RxCpltCallback
 .text.Error_Handler
                0x08000cb0        0x4 build/debug/main.o
                0x08000cb0                Error_Handler
 .text.MX_I2C1_Init
                0x08000cb4       0x38 build/debug/main.o
 .text.MX_I2S3_Init
                0x08000cec       0x3c build/debug/main.o
 .text.MX_SPI1_Init
                0x08000d28       0x34 build/debug/main.o
 .text.MX_SPI2_Init
                0x08000d5c       0x34 build/debug/main.o
 .text.SystemClock_Config
                0x08000d90       0xa8 build/debug/main.o
                0x08000d90                SystemClock_Config
 .text.main     0x08000e38      0x100 build/debug/main.o
                0x08000e38                main
 .text.prvTaskExitError
                0x08000f38       0x40 build/debug/port.o
 .text.prvPortStartFirstTask
                0x08000f78       0x28 build/debug/port.o
 .text.vPortEnableVFP
                0x08000fa0       0x14 build/debug/port.o
 .text.pxPortInitialiseStack
                0x08000fb4       0x2c build/debug/port.o
                0x08000fb4                pxPortInitialiseStack
 .text.SVC_Handler
                0x08000fe0       0x24 build/debug/port.o
                0x08000fe0                SVC_Handler
 .text.vPortEnterCritical
                0x08001004       0x44 build/debug/port.o
                0x08001004                vPortEnterCritical
 .text.vPortExitCritical
                0x08001048       0x2c build/debug/port.o
                0x08001048                vPortExitCritical
 *fill*         0x08001074        0xc 
 .text.PendSV_Handler
                0x08001080       0x64 build/debug/port.o
                0x08001080                PendSV_Handler
 .text.xPortSysTickHandler
                0x080010e4       0x2c build/debug/port.o
                0x080010e4                xPortSysTickHandler
 .text.vPortSetupTimerInterrupt
                0x08001110       0x28 build/debug/port.o
                0x08001110                vPortSetupTimerInterrupt
 .text.xPortStartScheduler
                0x08001138      0x11c build/debug/port.o
                0x08001138                xPortStartScheduler
 .text.vPortValidateInterruptPriority
                0x08001254       0x5c build/debug/port.o
                0x08001254                vPortValidateInterruptPriority
 .text.prvGetDisinheritPriorityAfterTimeout
                0x080012b0       0x10 build/debug/queue.o
 .text.prvIsQueueFull
                0x080012c0       0x1e build/debug/queue.o
 .text.prvIsQueueEmpty
                0x080012de       0x1e build/debug/queue.o
 .text.prvCopyDataToQueue
                0x080012fc       0x76 build/debug/queue.o
 .text.prvCopyDataFromQueue
                0x08001372       0x24 build/debug/queue.o
 .text.prvUnlockQueue
                0x08001396       0x6e build/debug/queue.o
 .text.xQueueGenericReset
                0x08001404       0x84 build/debug/queue.o
                0x08001404                xQueueGenericReset
 .text.prvInitialiseNewQueue
                0x08001488       0x1e build/debug/queue.o
 .text.xQueueGenericCreateStatic
                0x080014a6       0x94 build/debug/queue.o
                0x080014a6                xQueueGenericCreateStatic
 .text.xQueueGenericCreate
                0x0800153a       0x48 build/debug/queue.o
                0x0800153a                xQueueGenericCreate
 .text.xQueueGenericSend
                0x08001582      0x188 build/debug/queue.o
                0x08001582                xQueueGenericSend
 .text.prvInitialiseMutex
                0x0800170a       0x18 build/debug/queue.o
 .text.xQueueCreateMutex
                0x08001722       0x16 build/debug/queue.o
                0x08001722                xQueueCreateMutex
 .text.xQueueCreateMutexStatic
                0x08001738       0x1e build/debug/queue.o
                0x08001738                xQueueCreateMutexStatic
 .text.xQueueGenericSendFromISR
                0x08001756       0xd2 build/debug/queue.o
                0x08001756                xQueueGenericSendFromISR
 .text.xQueueGiveFromISR
                0x08001828       0xb4 build/debug/queue.o
                0x08001828                xQueueGiveFromISR
 .text.xQueueSemaphoreTake
                0x080018dc      0x1ac build/debug/queue.o
                0x080018dc                xQueueSemaphoreTake
 .text.xQueueReceiveFromISR
                0x08001a88       0xb0 build/debug/queue.o
                0x08001a88                xQueueReceiveFromISR
 .text.uxQueueMessagesWaiting
                0x08001b38       0x28 build/debug/queue.o
                0x08001b38                uxQueueMessagesWaiting
 .text.uxQueueMessagesWaitingFromISR
                0x08001b60       0x18 build/debug/queue.o
                0x08001b60                uxQueueMessagesWaitingFromISR
 .text.StartSPITask
                0x08001b78       0xd4 build/debug/spi_task.o
                0x08001b78                StartSPITask
 .text.HAL_InitTick
                0x08001c4c       0x4c build/debug/stm32f4xx_hal.o
                0x08001c4c                HAL_InitTick
 .text.HAL_Init
                0x08001c98       0x34 build/debug/stm32f4xx_hal.o
                0x08001c98                HAL_Init
 .text.HAL_IncTick
                0x08001ccc       0x18 build/debug/stm32f4xx_hal.o
                0x08001ccc                HAL_IncTick
 .text.HAL_GetTick
                0x08001ce4        0xc build/debug/stm32f4xx_hal.o
                0x08001ce4                HAL_GetTick
 .text.__NVIC_EnableIRQ
                0x08001cf0       0x1c build/debug/stm32f4xx_hal_cortex.o
 .text.__NVIC_SetPriority
                0x08001d0c       0x28 build/debug/stm32f4xx_hal_cortex.o
 .text.NVIC_EncodePriority
                0x08001d34       0x46 build/debug/stm32f4xx_hal_cortex.o
 *fill*         0x08001d7a        0x2 
 .text.HAL_NVIC_SetPriorityGrouping
                0x08001d7c       0x24 build/debug/stm32f4xx_hal_cortex.o
                0x08001d7c                HAL_NVIC_SetPriorityGrouping
 .text.HAL_NVIC_SetPriority
                0x08001da0       0x20 build/debug/stm32f4xx_hal_cortex.o
                0x08001da0                HAL_NVIC_SetPriority
 .text.HAL_NVIC_EnableIRQ
                0x08001dc0        0x8 build/debug/stm32f4xx_hal_cortex.o
                0x08001dc0                HAL_NVIC_EnableIRQ
 .text.HAL_SYSTICK_Config
                0x08001dc8       0x28 build/debug/stm32f4xx_hal_cortex.o
                0x08001dc8                HAL_SYSTICK_Config
 .text.DMA_SetConfig
                0x08001df0       0x30 build/debug/stm32f4xx_hal_dma.o
 .text.DMA_CalcBaseAndBitshift
                0x08001e20       0x38 build/debug/stm32f4xx_hal_dma.o
 .text.DMA_CheckFifoParam
                0x08001e58       0x9a build/debug/stm32f4xx_hal_dma.o
 *fill*         0x08001ef2        0x2 
 .text.HAL_DMA_Init
                0x08001ef4       0xd0 build/debug/stm32f4xx_hal_dma.o
                0x08001ef4                HAL_DMA_Init
 .text.HAL_DMA_Start_IT
                0x08001fc4       0x6a build/debug/stm32f4xx_hal_dma.o
                0x08001fc4                HAL_DMA_Start_IT
 .text.HAL_DMA_Abort_IT
                0x0800202e       0x24 build/debug/stm32f4xx_hal_dma.o
                0x0800202e                HAL_DMA_Abort_IT
 *fill*         0x08002052        0x2 
 .text.HAL_DMA_IRQHandler
                0x08002054      0x1dc build/debug/stm32f4xx_hal_dma.o
                0x08002054                HAL_DMA_IRQHandler
 .text.HAL_GPIO_Init
                0x08002230      0x208 build/debug/stm32f4xx_hal_gpio.o
                0x08002230                HAL_GPIO_Init
 .text.HAL_GPIO_WritePin
                0x08002438        0xc build/debug/stm32f4xx_hal_gpio.o
                0x08002438                HAL_GPIO_WritePin
 .text.HAL_GPIO_TogglePin
                0x08002444       0x12 build/debug/stm32f4xx_hal_gpio.o
                0x08002444                HAL_GPIO_TogglePin
 *fill*         0x08002456        0x2 
 .text.HCD_RXQLVL_IRQHandler
                0x08002458       0xb8 build/debug/stm32f4xx_hal_hcd.o
 .text.HCD_Port_IRQHandler
                0x08002510       0xb0 build/debug/stm32f4xx_hal_hcd.o
 .text.HCD_HC_IN_IRQHandler
                0x080025c0      0x5b2 build/debug/stm32f4xx_hal_hcd.o
 .text.HCD_HC_OUT_IRQHandler
                0x08002b72      0x480 build/debug/stm32f4xx_hal_hcd.o
 .text.HAL_HCD_IRQHandler
                0x08002ff2      0x162 build/debug/stm32f4xx_hal_hcd.o
                0x08002ff2                HAL_HCD_IRQHandler
 .text.HAL_HCD_Stop
                0x08003154       0x24 build/debug/stm32f4xx_hal_hcd.o
                0x08003154                HAL_HCD_Stop
 .text.HAL_I2C_Init
                0x08003178      0x1d8 build/debug/stm32f4xx_hal_i2c.o
                0x08003178                HAL_I2C_Init
 .text.HAL_I2S_Init
                0x08003350      0x1a8 build/debug/stm32f4xx_hal_i2s.o
                0x08003350                HAL_I2S_Init
 .text.HAL_I2S_TxCpltCallback
                0x080034f8        0x2 build/debug/stm32f4xx_hal_i2s.o
                0x080034f8                HAL_I2S_TxCpltCallback
 .text.I2S_Transmit_IT
                0x080034fa       0x38 build/debug/stm32f4xx_hal_i2s.o
 .text.HAL_I2S_RxCpltCallback
                0x08003532        0x2 build/debug/stm32f4xx_hal_i2s.o
                0x08003532                HAL_I2S_RxCpltCallback
 .text.I2S_Receive_IT
                0x08003534       0x38 build/debug/stm32f4xx_hal_i2s.o
 .text.HAL_I2S_ErrorCallback
                0x0800356c        0x2 build/debug/stm32f4xx_hal_i2s.o
                0x0800356c                HAL_I2S_ErrorCallback
 .text.I2S_IRQHandler
                0x0800356e       0xcc build/debug/stm32f4xx_hal_i2s.o
 *fill*         0x0800363a        0x2 
 .text.I2SEx_FullDuplexWaitFlagStateUntilTimeout
                0x0800363c       0xb0 build/debug/stm32f4xx_hal_i2s_ex.o
 .text.HAL_I2SEx_TransmitReceive
                0x080036ec      0x38c build/debug/stm32f4xx_hal_i2s_ex.o
                0x080036ec                HAL_I2SEx_TransmitReceive
 .text.HAL_I2SEx_TxRxCpltCallback
                0x08003a78        0x2 build/debug/stm32f4xx_hal_i2s_ex.o
                0x08003a78                HAL_I2SEx_TxRxCpltCallback
 .text.I2SEx_TxISR_I2S
                0x08003a7a       0x3c build/debug/stm32f4xx_hal_i2s_ex.o
 *fill*         0x08003ab6        0x2 
 .text.I2SEx_RxISR_I2SExt
                0x08003ab8       0x64 build/debug/stm32f4xx_hal_i2s_ex.o
 .text.I2SEx_TxISR_I2SExt
                0x08003b1c       0x64 build/debug/stm32f4xx_hal_i2s_ex.o
 .text.I2SEx_RxISR_I2S
                0x08003b80       0x3c build/debug/stm32f4xx_hal_i2s_ex.o
 .text.HAL_I2SEx_FullDuplex_IRQHandler
                0x08003bbc      0x1d8 build/debug/stm32f4xx_hal_i2s_ex.o
                0x08003bbc                HAL_I2SEx_FullDuplex_IRQHandler
 .text.HAL_MspInit
                0x08003d94       0x44 build/debug/stm32f4xx_hal_msp.o
                0x08003d94                HAL_MspInit
 .text.HAL_I2C_MspInit
                0x08003dd8       0x70 build/debug/stm32f4xx_hal_msp.o
                0x08003dd8                HAL_I2C_MspInit
 .text.HAL_I2S_MspInit
                0x08003e48       0xdc build/debug/stm32f4xx_hal_msp.o
                0x08003e48                HAL_I2S_MspInit
 .text.HAL_SPI_MspInit
                0x08003f24      0x1a4 build/debug/stm32f4xx_hal_msp.o
                0x08003f24                HAL_SPI_MspInit
 .text.HAL_RCC_OscConfig
                0x080040c8      0x3fc build/debug/stm32f4xx_hal_rcc.o
                0x080040c8                HAL_RCC_OscConfig
 .text.HAL_RCC_GetSysClockFreq
                0x080044c4       0xdc build/debug/stm32f4xx_hal_rcc.o
                0x080044c4                HAL_RCC_GetSysClockFreq
 .text.HAL_RCC_ClockConfig
                0x080045a0      0x160 build/debug/stm32f4xx_hal_rcc.o
                0x080045a0                HAL_RCC_ClockConfig
 .text.HAL_RCC_GetHCLKFreq
                0x08004700        0xc build/debug/stm32f4xx_hal_rcc.o
                0x08004700                HAL_RCC_GetHCLKFreq
 .text.HAL_RCC_GetPCLK1Freq
                0x0800470c       0x20 build/debug/stm32f4xx_hal_rcc.o
                0x0800470c                HAL_RCC_GetPCLK1Freq
 .text.HAL_RCCEx_PeriphCLKConfig
                0x0800472c      0x15c build/debug/stm32f4xx_hal_rcc_ex.o
                0x0800472c                HAL_RCCEx_PeriphCLKConfig
 .text.HAL_RCCEx_GetPeriphCLKFreq
                0x08004888       0x70 build/debug/stm32f4xx_hal_rcc_ex.o
                0x08004888                HAL_RCCEx_GetPeriphCLKFreq
 .text.SPI_WaitFlagStateUntilTimeout
                0x080048f8       0xc8 build/debug/stm32f4xx_hal_spi.o
 .text.SPI_EndRxTxTransaction
                0x080049c0       0x80 build/debug/stm32f4xx_hal_spi.o
 .text.SPI_EndRxTransaction
                0x08004a40       0x8c build/debug/stm32f4xx_hal_spi.o
 .text.HAL_SPI_Init
                0x08004acc       0xbe build/debug/stm32f4xx_hal_spi.o
                0x08004acc                HAL_SPI_Init
 *fill*         0x08004b8a        0x2 
 .text.HAL_SPI_TransmitReceive_DMA
                0x08004b8c      0x15c build/debug/stm32f4xx_hal_spi.o
                0x08004b8c                HAL_SPI_TransmitReceive_DMA
 .text.HAL_SPI_Receive_DMA
                0x08004ce8       0xfc build/debug/stm32f4xx_hal_spi.o
                0x08004ce8                HAL_SPI_Receive_DMA
 .text.HAL_SPI_TxRxCpltCallback
                0x08004de4        0x2 build/debug/stm32f4xx_hal_spi.o
                0x08004de4                HAL_SPI_TxRxCpltCallback
 .text.HAL_SPI_RxHalfCpltCallback
                0x08004de6        0x2 build/debug/stm32f4xx_hal_spi.o
                0x08004de6                HAL_SPI_RxHalfCpltCallback
 .text.SPI_DMAHalfReceiveCplt
                0x08004de8        0xa build/debug/stm32f4xx_hal_spi.o
 .text.HAL_SPI_TxRxHalfCpltCallback
                0x08004df2        0x2 build/debug/stm32f4xx_hal_spi.o
                0x08004df2                HAL_SPI_TxRxHalfCpltCallback
 .text.SPI_DMAHalfTransmitReceiveCplt
                0x08004df4        0xa build/debug/stm32f4xx_hal_spi.o
 .text.HAL_SPI_ErrorCallback
                0x08004dfe        0x2 build/debug/stm32f4xx_hal_spi.o
                0x08004dfe                HAL_SPI_ErrorCallback
 .text.SPI_DMAError
                0x08004e00       0x22 build/debug/stm32f4xx_hal_spi.o
 .text.SPI_DMAReceiveCplt
                0x08004e22       0x6e build/debug/stm32f4xx_hal_spi.o
 .text.SPI_DMATransmitReceiveCplt
                0x08004e90       0x5c build/debug/stm32f4xx_hal_spi.o
 .text.HAL_SPI_IRQHandler
                0x08004eec      0x12c build/debug/stm32f4xx_hal_spi.o
                0x08004eec                HAL_SPI_IRQHandler
 .text.SPI_DMAAbortOnError
                0x08005018       0x10 build/debug/stm32f4xx_hal_spi.o
 .text.NMI_Handler
                0x08005028        0x2 build/debug/stm32f4xx_it.o
                0x08005028                NMI_Handler
 .text.HardFault_Handler
                0x0800502a        0x2 build/debug/stm32f4xx_it.o
                0x0800502a                HardFault_Handler
 .text.MemManage_Handler
                0x0800502c        0x2 build/debug/stm32f4xx_it.o
                0x0800502c                MemManage_Handler
 .text.BusFault_Handler
                0x0800502e        0x2 build/debug/stm32f4xx_it.o
                0x0800502e                BusFault_Handler
 .text.UsageFault_Handler
                0x08005030        0x2 build/debug/stm32f4xx_it.o
                0x08005030                UsageFault_Handler
 .text.DebugMon_Handler
                0x08005032        0x2 build/debug/stm32f4xx_it.o
                0x08005032                DebugMon_Handler
 .text.SysTick_Handler
                0x08005034       0x16 build/debug/stm32f4xx_it.o
                0x08005034                SysTick_Handler
 *fill*         0x0800504a        0x2 
 .text.DMA1_Stream3_IRQHandler
                0x0800504c       0x10 build/debug/stm32f4xx_it.o
                0x0800504c                DMA1_Stream3_IRQHandler
 .text.SPI1_IRQHandler
                0x0800505c       0x10 build/debug/stm32f4xx_it.o
                0x0800505c                SPI1_IRQHandler
 .text.SPI2_IRQHandler
                0x0800506c       0x10 build/debug/stm32f4xx_it.o
                0x0800506c                SPI2_IRQHandler
 .text.DMA2_Stream0_IRQHandler
                0x0800507c       0x10 build/debug/stm32f4xx_it.o
                0x0800507c                DMA2_Stream0_IRQHandler
 .text.OTG_FS_IRQHandler
                0x0800508c       0x10 build/debug/stm32f4xx_it.o
                0x0800508c                OTG_FS_IRQHandler
 .text.USB_EnableGlobalInt
                0x0800509c        0xc build/debug/stm32f4xx_ll_usb.o
                0x0800509c                USB_EnableGlobalInt
 .text.USB_DisableGlobalInt
                0x080050a8        0xc build/debug/stm32f4xx_ll_usb.o
                0x080050a8                USB_DisableGlobalInt
 .text.USB_FlushTxFifo
                0x080050b4       0x4a build/debug/stm32f4xx_ll_usb.o
                0x080050b4                USB_FlushTxFifo
 .text.USB_FlushRxFifo
                0x080050fe       0x46 build/debug/stm32f4xx_ll_usb.o
                0x080050fe                USB_FlushRxFifo
 .text.USB_ReadPacket
                0x08005144       0x46 build/debug/stm32f4xx_ll_usb.o
                0x08005144                USB_ReadPacket
 .text.USB_ReadInterrupts
                0x0800518a        0x8 build/debug/stm32f4xx_ll_usb.o
                0x0800518a                USB_ReadInterrupts
 .text.USB_ReadChInterrupts
                0x08005192       0x12 build/debug/stm32f4xx_ll_usb.o
                0x08005192                USB_ReadChInterrupts
 .text.USB_GetMode
                0x080051a4        0x8 build/debug/stm32f4xx_ll_usb.o
                0x080051a4                USB_GetMode
 .text.USB_InitFSLSPClkSel
                0x080051ac       0x42 build/debug/stm32f4xx_ll_usb.o
                0x080051ac                USB_InitFSLSPClkSel
 .text.USB_HC_ReadInterrupt
                0x080051ee        0xa build/debug/stm32f4xx_ll_usb.o
                0x080051ee                USB_HC_ReadInterrupt
 .text.USB_HC_Halt
                0x080051f8      0x102 build/debug/stm32f4xx_ll_usb.o
                0x080051f8                USB_HC_Halt
 .text.USB_StopHost
                0x080052fa       0x96 build/debug/stm32f4xx_ll_usb.o
                0x080052fa                USB_StopHost
 .text.SystemInit
                0x08005390       0x14 build/debug/system_stm32f4xx.o
                0x08005390                SystemInit
 .text.prvResetNextTaskUnblockTime
                0x080053a4       0x2c build/debug/tasks.o
 .text.prvInitialiseNewTask
                0x080053d0       0x90 build/debug/tasks.o
 .text.prvInitialiseTaskLists
                0x08005460       0x68 build/debug/tasks.o
 .text.prvAddNewTaskToReadyList
                0x080054c8       0xa8 build/debug/tasks.o
 .text.prvDeleteTCB
                0x08005570       0x38 build/debug/tasks.o
 .text.prvCheckTasksWaitingTermination
                0x080055a8       0x4c build/debug/tasks.o
 .text.prvIdleTask
                0x080055f4       0x28 build/debug/tasks.o
 .text.prvAddCurrentTaskToDelayedList
                0x0800561c       0x98 build/debug/tasks.o
 .text.xTaskCreateStatic
                0x080056b4       0x80 build/debug/tasks.o
                0x080056b4                xTaskCreateStatic
 .text.xTaskCreate
                0x08005734       0x62 build/debug/tasks.o
                0x08005734                xTaskCreate
 *fill*         0x08005796        0x2 
 .text.vTaskStartScheduler
                0x08005798       0x74 build/debug/tasks.o
                0x08005798                vTaskStartScheduler
 .text.vTaskSuspendAll
                0x0800580c       0x10 build/debug/tasks.o
                0x0800580c                vTaskSuspendAll
 .text.xTaskIncrementTick
                0x0800581c      0x124 build/debug/tasks.o
                0x0800581c                xTaskIncrementTick
 .text.xTaskResumeAll
                0x08005940       0xf8 build/debug/tasks.o
                0x08005940                xTaskResumeAll
 .text.vTaskDelay
                0x08005a38       0x4c build/debug/tasks.o
                0x08005a38                vTaskDelay
 .text.vTaskSwitchContext
                0x08005a84       0x98 build/debug/tasks.o
                0x08005a84                vTaskSwitchContext
 .text.vTaskPlaceOnEventList
                0x08005b1c       0x30 build/debug/tasks.o
                0x08005b1c                vTaskPlaceOnEventList
 .text.xTaskRemoveFromEventList
                0x08005b4c       0x90 build/debug/tasks.o
                0x08005b4c                xTaskRemoveFromEventList
 .text.vTaskInternalSetTimeOutState
                0x08005bdc       0x18 build/debug/tasks.o
                0x08005bdc                vTaskInternalSetTimeOutState
 .text.xTaskCheckForTimeOut
                0x08005bf4       0x88 build/debug/tasks.o
                0x08005bf4                xTaskCheckForTimeOut
 .text.vTaskMissedYield
                0x08005c7c        0xc build/debug/tasks.o
                0x08005c7c                vTaskMissedYield
 .text.xTaskGetSchedulerState
                0x08005c88       0x20 build/debug/tasks.o
                0x08005c88                xTaskGetSchedulerState
 .text.xTaskPriorityInherit
                0x08005ca8       0xac build/debug/tasks.o
                0x08005ca8                xTaskPriorityInherit
 .text.xTaskPriorityDisinherit
                0x08005d54       0xb0 build/debug/tasks.o
                0x08005d54                xTaskPriorityDisinherit
 .text.vTaskPriorityDisinheritAfterTimeout
                0x08005e04       0xb4 build/debug/tasks.o
                0x08005e04                vTaskPriorityDisinheritAfterTimeout
 .text.pvTaskIncrementMutexHeldCount
                0x08005eb8       0x1c build/debug/tasks.o
                0x08005eb8                pvTaskIncrementMutexHeldCount
 .text.HAL_HCD_SOF_Callback
                0x08005ed4        0xc build/debug/usbh_conf.o
                0x08005ed4                HAL_HCD_SOF_Callback
 .text.HAL_HCD_Connect_Callback
                0x08005ee0        0xc build/debug/usbh_conf.o
                0x08005ee0                HAL_HCD_Connect_Callback
 .text.HAL_HCD_Disconnect_Callback
                0x08005eec        0xc build/debug/usbh_conf.o
                0x08005eec                HAL_HCD_Disconnect_Callback
 .text.HAL_HCD_HC_NotifyURBChange_Callback
                0x08005ef8        0xc build/debug/usbh_conf.o
                0x08005ef8                HAL_HCD_HC_NotifyURBChange_Callback
 .text.HAL_HCD_PortEnabled_Callback
                0x08005f04        0xc build/debug/usbh_conf.o
                0x08005f04                HAL_HCD_PortEnabled_Callback
 .text.HAL_HCD_PortDisabled_Callback
                0x08005f10        0xc build/debug/usbh_conf.o
                0x08005f10                HAL_HCD_PortDisabled_Callback
 .text.USBH_Get_USB_Status
                0x08005f1c       0x16 build/debug/usbh_conf.o
                0x08005f1c                USBH_Get_USB_Status
 .text.USBH_LL_Stop
                0x08005f32       0x10 build/debug/usbh_conf.o
                0x08005f32                USBH_LL_Stop
 .text.USBH_HandleSof
                0x08005f42       0x18 build/debug/usbh_core.o
 .text.USBH_LL_IncTimer
                0x08005f5a       0x12 build/debug/usbh_core.o
                0x08005f5a                USBH_LL_IncTimer
 .text.USBH_LL_PortDisabled
                0x08005f6c        0xe build/debug/usbh_core.o
                0x08005f6c                USBH_LL_PortDisabled
 .text.USBH_OS_PutMessage
                0x08005f7a       0x28 build/debug/usbh_core.o
                0x08005f7a                USBH_OS_PutMessage
 .text.USBH_LL_PortEnabled
                0x08005fa2       0x12 build/debug/usbh_core.o
                0x08005fa2                USBH_LL_PortEnabled
 .text.USBH_LL_Connect
                0x08005fb4       0x1e build/debug/usbh_core.o
                0x08005fb4                USBH_LL_Connect
 .text.USBH_LL_Disconnect
                0x08005fd2       0x38 build/debug/usbh_core.o
                0x08005fd2                USBH_LL_Disconnect
 .text.USBH_LL_NotifyURBChange
                0x0800600a       0x10 build/debug/usbh_core.o
                0x0800600a                USBH_LL_NotifyURBChange
 .text.USBH_FreePipe
                0x0800601a       0x16 build/debug/usbh_pipes.o
                0x0800601a                USBH_FreePipe
 .text.Reset_Handler
                0x08006030       0x50 build/debug/startup_stm32f407xx.o
                0x08006030                Reset_Handler
 .text.Default_Handler
                0x08006080        0x2 build/debug/startup_stm32f407xx.o
                0x08006080                DMA2_Stream6_IRQHandler
                0x08006080                HASH_RNG_IRQHandler
                0x08006080                EXTI2_IRQHandler
                0x08006080                TIM8_CC_IRQHandler
                0x08006080                TIM1_CC_IRQHandler
                0x08006080                DMA2_Stream5_IRQHandler
                0x08006080                DMA1_Stream5_IRQHandler
                0x08006080                PVD_IRQHandler
                0x08006080                SDIO_IRQHandler
                0x08006080                TAMP_STAMP_IRQHandler
                0x08006080                CAN2_RX1_IRQHandler
                0x08006080                EXTI3_IRQHandler
                0x08006080                TIM8_TRG_COM_TIM14_IRQHandler
                0x08006080                TIM1_UP_TIM10_IRQHandler
                0x08006080                TIM8_UP_TIM13_IRQHandler
                0x08006080                I2C3_ER_IRQHandler
                0x08006080                EXTI0_IRQHandler
                0x08006080                I2C2_EV_IRQHandler
                0x08006080                DMA1_Stream2_IRQHandler
                0x08006080                CAN1_RX0_IRQHandler
                0x08006080                FPU_IRQHandler
                0x08006080                OTG_HS_WKUP_IRQHandler
                0x08006080                CAN2_SCE_IRQHandler
                0x08006080                DMA2_Stream2_IRQHandler
                0x08006080                TIM6_DAC_IRQHandler
                0x08006080                TIM1_BRK_TIM9_IRQHandler
                0x08006080                DCMI_IRQHandler
                0x08006080                CAN2_RX0_IRQHandler
                0x08006080                DMA2_Stream3_IRQHandler
                0x08006080                USART6_IRQHandler
                0x08006080                USART3_IRQHandler
                0x08006080                CAN1_RX1_IRQHandler
                0x08006080                UART5_IRQHandler
                0x08006080                TIM4_IRQHandler
                0x08006080                I2C1_EV_IRQHandler
                0x08006080                DMA1_Stream6_IRQHandler
                0x08006080                DMA1_Stream1_IRQHandler
                0x08006080                UART4_IRQHandler
                0x08006080                TIM3_IRQHandler
                0x08006080                RCC_IRQHandler
                0x08006080                TIM8_BRK_TIM12_IRQHandler
                0x08006080                Default_Handler
                0x08006080                EXTI15_10_IRQHandler
                0x08006080                ADC_IRQHandler
                0x08006080                DMA1_Stream7_IRQHandler
                0x08006080                TIM7_IRQHandler
                0x08006080                CAN2_TX_IRQHandler
                0x08006080                TIM5_IRQHandler
                0x08006080                DMA2_Stream7_IRQHandler
                0x08006080                I2C3_EV_IRQHandler
                0x08006080                EXTI9_5_IRQHandler
                0x08006080                RTC_WKUP_IRQHandler
                0x08006080                ETH_WKUP_IRQHandler
                0x08006080                OTG_HS_EP1_IN_IRQHandler
                0x08006080                DMA1_Stream0_IRQHandler
                0x08006080                CAN1_TX_IRQHandler
                0x08006080                EXTI4_IRQHandler
                0x08006080                FSMC_IRQHandler
                0x08006080                ETH_IRQHandler
                0x08006080                OTG_HS_EP1_OUT_IRQHandler
                0x08006080                WWDG_IRQHandler
                0x08006080                TIM2_IRQHandler
                0x08006080                OTG_FS_WKUP_IRQHandler
                0x08006080                TIM1_TRG_COM_TIM11_IRQHandler
                0x08006080                OTG_HS_IRQHandler
                0x08006080                EXTI1_IRQHandler
                0x08006080                USART2_IRQHandler
                0x08006080                I2C2_ER_IRQHandler
                0x08006080                DMA2_Stream1_IRQHandler
                0x08006080                CAN1_SCE_IRQHandler
                0x08006080                FLASH_IRQHandler
                0x08006080                DMA2_Stream4_IRQHandler
                0x08006080                USART1_IRQHandler
                0x08006080                SPI3_IRQHandler
                0x08006080                DMA1_Stream4_IRQHandler
                0x08006080                I2C1_ER_IRQHandler
                0x08006080                RTC_Alarm_IRQHandler
 .text.memset   0x08006082       0x10 /Users/vibhasathishkumar/Library/Application Support/Code/User/globalStorage/bmd.stm32-for-vscode/@xpack-dev-tools/arm-none-eabi-gcc/15.2.1-1.1.1/.content/bin/../lib/gcc/arm-none-eabi/15.2.1/../../../../arm-none-eabi/lib/thumb/v7e-m+fp/hard/libc_nano.a(libc_a-memset.o)
                0x08006082                memset
 *fill*         0x08006092        0x2 
 .text.__libc_init_array
                0x08006094       0x48 /Users/vibhasathishkumar/Library/Application Support/Code/User/globalStorage/bmd.stm32-for-vscode/@xpack-dev-tools/arm-none-eabi-gcc/15.2.1-1.1.1/.content/bin/../lib/gcc/arm-none-eabi/15.2.1/../../../../arm-none-eabi/lib/thumb/v7e-m+fp/hard/libc_nano.a(libc_a-init.o)
                0x08006094                __libc_init_array
 .text.memcpy   0x080060dc       0x1c /Users/vibhasathishkumar/Library/Application Support/Code/User/globalStorage/bmd.stm32-for-vscode/@xpack-dev-tools/arm-none-eabi-gcc/15.2.1-1.1.1/.content/bin/../lib/gcc/arm-none-eabi/15.2.1/../../../../arm-none-eabi/lib/thumb/v7e-m+fp/hard/libc_nano.a(libc_a-memcpy-stub.o)
                0x080060dc                memcpy
 .text.__udivmoddi4
                0x080060f8      0x320 /Users/vibhasathishkumar/Library/Application Support/Code/User/globalStorage/bmd.stm32-for-vscode/@xpack-dev-tools/arm-none-eabi-gcc/15.2.1-1.1.1/.content/bin/../lib/gcc/arm-none-eabi/15.2.1/thumb/v7e-m+fp/hard/libgcc.a(_udivmoddi4.o)
                0x080060f8                __udivmoddi4
 *(.glue_7)
 .glue_7        0x08006418        0x0 linker stubs
 *(.glue_7t)
 .glue_7t       0x08006418        0x0 linker stubs
 *(.eh_frame)
 .eh_frame      0x08006418        0x0 /Users/vibhasathishkumar/Library/Application Support/Code/User/globalStorage/bmd.stm32-for-vscode/@xpack-dev-tools/arm-none-eabi-gcc/15.2.1-1.1.1/.content/bin/../lib/gcc/arm-none-eabi/15.2.1/thumb/v7e-m+fp/hard/crtbegin.o
 *(.init)
 .init          0x08006418        0x4 /Users/vibhasathishkumar/Library/Application Support/Code/User/globalStorage/bmd.stm32-for-vscode/@xpack-dev-tools/arm-none-eabi-gcc/15.2.1-1.1.1/.content/bin/../lib/gcc/arm-none-eabi/15.2.1/thumb/v7e-m+fp/hard/crti.o
                0x08006418                _init
 .init          0x0800641c        0x8 /Users/vibhasathishkumar/Library/Application Support/Code/User/globalStorage/bmd.stm32-for-vscode/@xpack-dev-tools/arm-none-eabi-gcc/15.2.1-1.1.1/.content/bin/../lib/gcc/arm-none-eabi/15.2.1/thumb/v7e-m+fp/hard/crtn.o
 *(.fini)
 .fini          0x08006424        0x4 /Users/vibhasathishkumar/Library/Application Support/Code/User/globalStorage/bmd.stm32-for-vscode/@xpack-dev-tools/arm-none-eabi-gcc/15.2.1-1.1.1/.content/bin/../lib/gcc/arm-none-eabi/15.2.1/thumb/v7e-m+fp/hard/crti.o
                0x08006424                _fini
 .fini          0x08006428        0x8 /Users/vibhasathishkumar/Library/Application Support/Code/User/globalStorage/bmd.stm32-for-vscode/@xpack-dev-tools/arm-none-eabi-gcc/15.2.1-1.1.1/.content/bin/../lib/gcc/arm-none-eabi/15.2.1/thumb/v7e-m+fp/hard/crtn.o
                0x08006430                        . = ALIGN (0x4)
                0x08006430                        _etext = .

.vfp11_veneer   0x08006430        0x0
 .vfp11_veneer  0x08006430        0x0 linker stubs

.v4_bx          0x08006430        0x0
 .v4_bx         0x08006430        0x0 linker stubs

.iplt           0x08006430        0x0
 .iplt          0x08006430        0x0 /Users/vibhasathishkumar/Library/Application Support/Code/User/globalStorage/bmd.stm32-for-vscode/@xpack-dev-tools/arm-none-eabi-gcc/15.2.1-1.1.1/.content/bin/../lib/gcc/arm-none-eabi/15.2.1/thumb/v7e-m+fp/hard/crtbegin.o

.rodata         0x08006430       0x98
                0x08006430                        . = ALIGN (0x4)
 *(.rodata)
 .rodata        0x08006430       0x54 build/debug/main.o
 *(.rodata*)
 .rodata.str1.4
                0x08006484       0x21 build/debug/main.o
                                 0x1c (size before relaxing)
 *fill*         0x080064a5        0x3 
 .rodata.flagBitshiftOffset.0
                0x080064a8        0x8 build/debug/stm32f4xx_hal_dma.o
 .rodata.APBPrescTable
                0x080064b0        0x8 build/debug/system_stm32f4xx.o
                0x080064b0                APBPrescTable
 .rodata.AHBPrescTable
                0x080064b8       0x10 build/debug/system_stm32f4xx.o
                0x080064b8                AHBPrescTable
 .rodata.vTaskStartScheduler.str1.4
                0x080064c8        0x0 build/debug/tasks.o
                                  0x5 (size before relaxing)
                0x080064c8                        . = ALIGN (0x4)

.ARM.extab      0x080064c8        0x0
                0x080064c8                        . = ALIGN (0x4)
 *(.ARM.extab* .gnu.linkonce.armextab.*)
                0x080064c8                        . = ALIGN (0x4)

.ARM            0x080064c8        0x8
                0x080064c8                        . = ALIGN (0x4)
                0x080064c8                        __exidx_start = .
 *(.ARM.exidx*)
 .ARM.exidx.text.__udivmoddi4
                0x080064c8        0x8 /Users/vibhasathishkumar/Library/Application Support/Code/User/globalStorage/bmd.stm32-for-vscode/@xpack-dev-tools/arm-none-eabi-gcc/15.2.1-1.1.1/.content/bin/../lib/gcc/arm-none-eabi/15.2.1/thumb/v7e-m+fp/hard/libgcc.a(_udivmoddi4.o)
                0x080064d0                        __exidx_end = .
                0x080064d0                        . = ALIGN (0x4)

.preinit_array  0x080064d0        0x0
                0x080064d0                        . = ALIGN (0x4)
                0x080064d0                        PROVIDE (__preinit_array_start = .)
 *(.preinit_array*)
                0x080064d0                        PROVIDE (__preinit_array_end = .)
                0x080064d0                        . = ALIGN (0x4)

.init_array     0x080064d0        0x4
                0x080064d0                        . = ALIGN (0x4)
                0x080064d0                        PROVIDE (__init_array_start = .)
 *(SORT_BY_NAME(.init_array.*))
 *(.init_array*)
 .init_array    0x080064d0        0x4 /Users/vibhasathishkumar/Library/Application Support/Code/User/globalStorage/bmd.stm32-for-vscode/@xpack-dev-tools/arm-none-eabi-gcc/15.2.1-1.1.1/.content/bin/../lib/gcc/arm-none-eabi/15.2.1/thumb/v7e-m+fp/hard/crtbegin.o
                0x080064d4                        PROVIDE (__init_array_end = .)
                0x080064d4                        . = ALIGN (0x4)

.fini_array     0x080064d4        0x4
                0x080064d4                        . = ALIGN (0x4)
                0x080064d4                        PROVIDE (__fini_array_start = .)
 *(SORT_BY_NAME(.fini_array.*))
 *(.fini_array*)
 .fini_array    0x080064d4        0x4 /Users/vibhasathishkumar/Library/Application Support/Code/User/globalStorage/bmd.stm32-for-vscode/@xpack-dev-tools/arm-none-eabi-gcc/15.2.1-1.1.1/.content/bin/../lib/gcc/arm-none-eabi/15.2.1/thumb/v7e-m+fp/hard/crtbegin.o
                0x080064d8                        PROVIDE (__fini_array_end = .)
                0x080064d8                        . = ALIGN (0x4)
                0x080064d8                        _sidata = LOADADDR (.data)

.rel.dyn        0x080064d8        0x0
 .rel.iplt      0x080064d8        0x0 /Users/vibhasathishkumar/Library/Application Support/Code/User/globalStorage/bmd.stm32-for-vscode/@xpack-dev-tools/arm-none-eabi-gcc/15.2.1-1.1.1/.content/bin/../lib/gcc/arm-none-eabi/15.2.1/thumb/v7e-m+fp/hard/crtbegin.o

.data           0x20000000       0x1c load address 0x080064d8
                0x20000000                        . = ALIGN (0x4)
                0x20000000                        _sdata = .
 *(.data)
 *(.data*)
 .data.g_audio_params
                0x20000000        0xc build/debug/dsp_task.o
                0x20000000                g_audio_params
 .data.uxCriticalNesting
                0x2000000c        0x4 build/debug/port.o
 .data.uwTickFreq
                0x20000010        0x1 build/debug/stm32f4xx_hal.o
                0x20000010                uwTickFreq
 *fill*         0x20000011        0x3 
 .data.uwTickPrio
                0x20000014        0x4 build/debug/stm32f4xx_hal.o
                0x20000014                uwTickPrio
 .data.SystemCoreClock
                0x20000018        0x4 build/debug/system_stm32f4xx.o
                0x20000018                SystemCoreClock
 *(.RamFunc)
 *(.RamFunc*)
                0x2000001c                        . = ALIGN (0x4)
                0x2000001c                        _edata = .
                0x080064f4                        _siccmram = LOADADDR (.ccmram)

.igot.plt       0x2000001c        0x0 load address 0x080064f4
 .igot.plt      0x2000001c        0x0 /Users/vibhasathishkumar/Library/Application Support/Code/User/globalStorage/bmd.stm32-for-vscode/@xpack-dev-tools/arm-none-eabi-gcc/15.2.1-1.1.1/.content/bin/../lib/gcc/arm-none-eabi/15.2.1/thumb/v7e-m+fp/hard/crtbegin.o

.ccmram         0x10000000        0x0 load address 0x080064f4
                0x10000000                        . = ALIGN (0x4)
                0x10000000                        _sccmram = .
 *(.ccmram)
 *(.ccmram*)
                0x10000000                        . = ALIGN (0x4)
                0x10000000                        _eccmram = .
                0x10000000                        . = ALIGN (0x4)

.bss            0x2000001c     0x4edc
                0x2000001c                        _sbss = .
                0x2000001c                        __bss_start__ = _sbss
 *(.bss)
 *(.bss*)
 .bss.completed.1
                0x2000001c        0x1 /Users/vibhasathishkumar/Library/Application Support/Code/User/globalStorage/bmd.stm32-for-vscode/@xpack-dev-tools/arm-none-eabi-gcc/15.2.1-1.1.1/.content/bin/../lib/gcc/arm-none-eabi/15.2.1/thumb/v7e-m+fp/hard/crtbegin.o
 *fill*         0x2000001d        0x3 
 .bss.object.0  0x20000020       0x18 /Users/vibhasathishkumar/Library/Application Support/Code/User/globalStorage/bmd.stm32-for-vscode/@xpack-dev-tools/arm-none-eabi-gcc/15.2.1-1.1.1/.content/bin/../lib/gcc/arm-none-eabi/15.2.1/thumb/v7e-m+fp/hard/crtbegin.o
 .bss.lpf_R     0x20000038        0x4 build/debug/dsp_task.o
 .bss.lpf_L     0x2000003c        0x4 build/debug/dsp_task.o
 .bss.delay_wr  0x20000040        0x2 build/debug/dsp_task.o
 *fill*         0x20000042        0x2 
 .bss.delay_line_R
                0x20000044      0x400 build/debug/dsp_task.o
 .bss.delay_line_L
                0x20000444      0x400 build/debug/dsp_task.o
 .bss.tx_buf    0x20000844       0x80 build/debug/dsp_task.o
 .bss.rx_buf    0x200008c4       0x80 build/debug/dsp_task.o
 .bss.g_params_mutex
                0x20000944        0x4 build/debug/dsp_task.o
                0x20000944                g_params_mutex
 .bss.xIdleStack
                0x20000948      0x200 build/debug/freertos.o
 .bss.xIdleTaskTCBBuffer
                0x20000b48       0x54 build/debug/freertos.o
 .bss.xBlockAllocatedBit
                0x20000b9c        0x4 build/debug/heap_4.o
 .bss.xNumberOfSuccessfulFrees
                0x20000ba0        0x4 build/debug/heap_4.o
 .bss.xNumberOfSuccessfulAllocations
                0x20000ba4        0x4 build/debug/heap_4.o
 .bss.xMinimumEverFreeBytesRemaining
                0x20000ba8        0x4 build/debug/heap_4.o
 .bss.xFreeBytesRemaining
                0x20000bac        0x4 build/debug/heap_4.o
 .bss.pxEnd     0x20000bb0        0x4 build/debug/heap_4.o
 .bss.xStart    0x20000bb4        0x8 build/debug/heap_4.o
 .bss.ucHeap    0x20000bbc     0x3c00 build/debug/heap_4.o
 .bss.intensity
                0x200047bc        0x1 build/debug/main.o
                0x200047bc                intensity
 .bss.gesture   0x200047bd        0x1 build/debug/main.o
                0x200047bd                gesture
 *fill*         0x200047be        0x2 
 .bss.spi_rx_buf
                0x200047c0        0x2 build/debug/main.o
                0x200047c0                spi_rx_buf
 *fill*         0x200047c2        0x2 
 .bss.spiSemHandle
                0x200047c4        0x4 build/debug/main.o
                0x200047c4                spiSemHandle
 .bss.spiTaskHandle
                0x200047c8        0x4 build/debug/main.o
                0x200047c8                spiTaskHandle
 .bss.dspTaskHandle
                0x200047cc        0x4 build/debug/main.o
                0x200047cc                dspTaskHandle
 .bss.defaultTaskHandle
                0x200047d0        0x4 build/debug/main.o
                0x200047d0                defaultTaskHandle
 .bss.hdma_spi2_rx
                0x200047d4       0x60 build/debug/main.o
                0x200047d4                hdma_spi2_rx
 .bss.hdma_spi1_rx
                0x20004834       0x60 build/debug/main.o
                0x20004834                hdma_spi1_rx
 .bss.hspi2     0x20004894       0x58 build/debug/main.o
                0x20004894                hspi2
 .bss.hspi1     0x200048ec       0x58 build/debug/main.o
                0x200048ec                hspi1
 .bss.hi2s3     0x20004944       0x48 build/debug/main.o
                0x20004944                hi2s3
 .bss.hi2c1     0x2000498c       0x54 build/debug/main.o
                0x2000498c                hi2c1
 .bss.ulMaxPRIGROUPValue
                0x200049e0        0x4 build/debug/port.o
 .bss.ucMaxSysCallPriority
                0x200049e4        0x1 build/debug/port.o
 *fill*         0x200049e5        0x3 
 .bss.uwTick    0x200049e8        0x4 build/debug/stm32f4xx_hal.o
                0x200049e8                uwTick
 .bss.uxSchedulerSuspended
                0x200049ec        0x4 build/debug/tasks.o
 .bss.xIdleTaskHandle
                0x200049f0        0x4 build/debug/tasks.o
 .bss.xNextTaskUnblockTime
                0x200049f4        0x4 build/debug/tasks.o
 .bss.uxTaskNumber
                0x200049f8        0x4 build/debug/tasks.o
 .bss.xNumOfOverflows
                0x200049fc        0x4 build/debug/tasks.o
 .bss.xYieldPending
                0x20004a00        0x4 build/debug/tasks.o
 .bss.xPendedTicks
                0x20004a04        0x4 build/debug/tasks.o
 .bss.xSchedulerRunning
                0x20004a08        0x4 build/debug/tasks.o
 .bss.uxTopReadyPriority
                0x20004a0c        0x4 build/debug/tasks.o
 .bss.xTickCount
                0x20004a10        0x4 build/debug/tasks.o
 .bss.uxCurrentNumberOfTasks
                0x20004a14        0x4 build/debug/tasks.o
 .bss.xSuspendedTaskList
                0x20004a18       0x14 build/debug/tasks.o
 .bss.uxDeletedTasksWaitingCleanUp
                0x20004a2c        0x4 build/debug/tasks.o
 .bss.xTasksWaitingTermination
                0x20004a30       0x14 build/debug/tasks.o
 .bss.xPendingReadyList
                0x20004a44       0x14 build/debug/tasks.o
 .bss.pxOverflowDelayedTaskList
                0x20004a58        0x4 build/debug/tasks.o
 .bss.pxDelayedTaskList
                0x20004a5c        0x4 build/debug/tasks.o
 .bss.xDelayedTaskList2
                0x20004a60       0x14 build/debug/tasks.o
 .bss.xDelayedTaskList1
                0x20004a74       0x14 build/debug/tasks.o
 .bss.pxReadyTasksLists
                0x20004a88       0x8c build/debug/tasks.o
 .bss.pxCurrentTCB
                0x20004b14        0x4 build/debug/tasks.o
                0x20004b14                pxCurrentTCB
 .bss.hhcd_USB_OTG_FS
                0x20004b18      0x3e0 build/debug/usbh_conf.o
                0x20004b18                hhcd_USB_OTG_FS
 *(COMMON)
                0x20004ef8                        . = ALIGN (0x4)
                0x20004ef8                        _ebss = .
                0x20004ef8                        __bss_end__ = _ebss

._user_heap_stack
                0x20004ef8      0x600
                0x20004ef8                        . = ALIGN (0x8)
                [!provide]                        PROVIDE (end = .)
                0x20004ef8                        PROVIDE (_end = .)
                0x200050f8                        . = (. + _Min_Heap_Size)
 *fill*         0x20004ef8      0x200 
                0x200054f8                        . = (. + _Min_Stack_Size)
 *fill*         0x200050f8      0x400 
                0x200054f8                        . = ALIGN (0x8)

/DISCARD/
 libc.a(*)
 libm.a(*)
 libgcc.a(*)
OUTPUT(build/debug/stm32_dsp_project_local.elf elf32-littlearm)
LOAD linker stubs
LOAD /Users/vibhasathishkumar/Library/Application Support/Code/User/globalStorage/bmd.stm32-for-vscode/@xpack-dev-tools/arm-none-eabi-gcc/15.2.1-1.1.1/.content/bin/../lib/gcc/arm-none-eabi/15.2.1/../../../../arm-none-eabi/lib/thumb/v7e-m+fp/hard/libc.a
LOAD /Users/vibhasathishkumar/Library/Application Support/Code/User/globalStorage/bmd.stm32-for-vscode/@xpack-dev-tools/arm-none-eabi-gcc/15.2.1-1.1.1/.content/bin/../lib/gcc/arm-none-eabi/15.2.1/../../../../arm-none-eabi/lib/thumb/v7e-m+fp/hard/libm.a
LOAD /Users/vibhasathishkumar/Library/Application Support/Code/User/globalStorage/bmd.stm32-for-vscode/@xpack-dev-tools/arm-none-eabi-gcc/15.2.1-1.1.1/.content/bin/../lib/gcc/arm-none-eabi/15.2.1/thumb/v7e-m+fp/hard/libgcc.a

.ARM.attributes
                0x00000000       0x30
 .ARM.attributes
                0x00000000       0x22 /Users/vibhasathishkumar/Library/Application Support/Code/User/globalStorage/bmd.stm32-for-vscode/@xpack-dev-tools/arm-none-eabi-gcc/15.2.1-1.1.1/.content/bin/../lib/gcc/arm-none-eabi/15.2.1/thumb/v7e-m+fp/hard/crti.o
 .ARM.attributes
                0x00000022       0x34 /Users/vibhasathishkumar/Library/Application Support/Code/User/globalStorage/bmd.stm32-for-vscode/@xpack-dev-tools/arm-none-eabi-gcc/15.2.1-1.1.1/.content/bin/../lib/gcc/arm-none-eabi/15.2.1/thumb/v7e-m+fp/hard/crtbegin.o
 .ARM.attributes
                0x00000056       0x34 build/debug/cmsis_os.o
 .ARM.attributes
                0x0000008a       0x34 build/debug/dsp_task.o
 .ARM.attributes
                0x000000be       0x34 build/debug/freertos.o
 .ARM.attributes
                0x000000f2       0x34 build/debug/heap_4.o
 .ARM.attributes
                0x00000126       0x34 build/debug/list.o
 .ARM.attributes
                0x0000015a       0x34 build/debug/main.o
 .ARM.attributes
                0x0000018e       0x34 build/debug/port.o
 .ARM.attributes
                0x000001c2       0x34 build/debug/queue.o
 .ARM.attributes
                0x000001f6       0x34 build/debug/spi_task.o
 .ARM.attributes
                0x0000022a       0x34 build/debug/stm32f4xx_hal.o
 .ARM.attributes
                0x0000025e       0x34 build/debug/stm32f4xx_hal_cortex.o
 .ARM.attributes
                0x00000292       0x34 build/debug/stm32f4xx_hal_dma.o
 .ARM.attributes
                0x000002c6       0x34 build/debug/stm32f4xx_hal_gpio.o
 .ARM.attributes
                0x000002fa       0x34 build/debug/stm32f4xx_hal_hcd.o
 .ARM.attributes
                0x0000032e       0x34 build/debug/stm32f4xx_hal_i2c.o
 .ARM.attributes
                0x00000362       0x34 build/debug/stm32f4xx_hal_i2s.o
 .ARM.attributes
                0x00000396       0x34 build/debug/stm32f4xx_hal_i2s_ex.o
 .ARM.attributes
                0x000003ca       0x34 build/debug/stm32f4xx_hal_msp.o
 .ARM.attributes
                0x000003fe       0x34 build/debug/stm32f4xx_hal_rcc.o
 .ARM.attributes
                0x00000432       0x34 build/debug/stm32f4xx_hal_rcc_ex.o
 .ARM.attributes
                0x00000466       0x34 build/debug/stm32f4xx_hal_spi.o
 .ARM.attributes
                0x0000049a       0x34 build/debug/stm32f4xx_it.o
 .ARM.attributes
                0x000004ce       0x34 build/debug/stm32f4xx_ll_usb.o
 .ARM.attributes
                0x00000502       0x34 build/debug/system_stm32f4xx.o
 .ARM.attributes
                0x00000536       0x34 build/debug/tasks.o
 .ARM.attributes
                0x0000056a       0x34 build/debug/usbh_conf.o
 .ARM.attributes
                0x0000059e       0x34 build/debug/usbh_core.o
 .ARM.attributes
                0x000005d2       0x34 build/debug/usbh_pipes.o
 .ARM.attributes
                0x00000606       0x21 build/debug/startup_stm32f407xx.o
 .ARM.attributes
                0x00000627       0x34 /Users/vibhasathishkumar/Library/Application Support/Code/User/globalStorage/bmd.stm32-for-vscode/@xpack-dev-tools/arm-none-eabi-gcc/15.2.1-1.1.1/.content/bin/../lib/gcc/arm-none-eabi/15.2.1/../../../../arm-none-eabi/lib/thumb/v7e-m+fp/hard/libc_nano.a(libc_a-memset.o)
 .ARM.attributes
                0x0000065b       0x34 /Users/vibhasathishkumar/Library/Application Support/Code/User/globalStorage/bmd.stm32-for-vscode/@xpack-dev-tools/arm-none-eabi-gcc/15.2.1-1.1.1/.content/bin/../lib/gcc/arm-none-eabi/15.2.1/../../../../arm-none-eabi/lib/thumb/v7e-m+fp/hard/libc_nano.a(libc_a-init.o)
 .ARM.attributes
                0x0000068f       0x34 /Users/vibhasathishkumar/Library/Application Support/Code/User/globalStorage/bmd.stm32-for-vscode/@xpack-dev-tools/arm-none-eabi-gcc/15.2.1-1.1.1/.content/bin/../lib/gcc/arm-none-eabi/15.2.1/../../../../arm-none-eabi/lib/thumb/v7e-m+fp/hard/libc_nano.a(libc_a-memcpy-stub.o)
 .ARM.attributes
                0x000006c3       0x22 /Users/vibhasathishkumar/Library/Application Support/Code/User/globalStorage/bmd.stm32-for-vscode/@xpack-dev-tools/arm-none-eabi-gcc/15.2.1-1.1.1/.content/bin/../lib/gcc/arm-none-eabi/15.2.1/thumb/v7e-m+fp/hard/libgcc.a(_aeabi_uldivmod.o)
 .ARM.attributes
                0x000006e5       0x34 /Users/vibhasathishkumar/Library/Application Support/Code/User/globalStorage/bmd.stm32-for-vscode/@xpack-dev-tools/arm-none-eabi-gcc/15.2.1-1.1.1/.content/bin/../lib/gcc/arm-none-eabi/15.2.1/thumb/v7e-m+fp/hard/libgcc.a(_udivmoddi4.o)
 .ARM.attributes
                0x00000719       0x22 /Users/vibhasathishkumar/Library/Application Support/Code/User/globalStorage/bmd.stm32-for-vscode/@xpack-dev-tools/arm-none-eabi-gcc/15.2.1-1.1.1/.content/bin/../lib/gcc/arm-none-eabi/15.2.1/thumb/v7e-m+fp/hard/libgcc.a(_dvmd_tls.o)
 .ARM.attributes
                0x0000073b       0x22 /Users/vibhasathishkumar/Library/Application Support/Code/User/globalStorage/bmd.stm32-for-vscode/@xpack-dev-tools/arm-none-eabi-gcc/15.2.1-1.1.1/.content/bin/../lib/gcc/arm-none-eabi/15.2.1/thumb/v7e-m+fp/hard/crtn.o

.comment        0x00000000       0x38
 .comment       0x00000000       0x38 /Users/vibhasathishkumar/Library/Application Support/Code/User/globalStorage/bmd.stm32-for-vscode/@xpack-dev-tools/arm-none-eabi-gcc/15.2.1-1.1.1/.content/bin/../lib/gcc/arm-none-eabi/15.2.1/thumb/v7e-m+fp/hard/crtbegin.o
                                 0x39 (size before relaxing)
 .comment       0x00000038        0x0 build/debug/cmsis_os.o
                                 0x39 (size before relaxing)
 .comment       0x00000038        0x0 build/debug/dsp_task.o
                                 0x39 (size before relaxing)
 .comment       0x00000038        0x0 build/debug/freertos.o
                                 0x39 (size before relaxing)
 .comment       0x00000038        0x0 build/debug/heap_4.o
                                 0x39 (size before relaxing)
 .comment       0x00000038        0x0 build/debug/list.o
                                 0x39 (size before relaxing)
 .comment       0x00000038        0x0 build/debug/main.o
                                 0x39 (size before relaxing)
 .comment       0x00000038        0x0 build/debug/port.o
                                 0x39 (size before relaxing)
 .comment       0x00000038        0x0 build/debug/queue.o
                                 0x39 (size before relaxing)
 .comment       0x00000038        0x0 build/debug/spi_task.o
                                 0x39 (size before relaxing)
 .comment       0x00000038        0x0 build/debug/stm32f4xx_hal.o
                                 0x39 (size before relaxing)
 .comment       0x00000038        0x0 build/debug/stm32f4xx_hal_cortex.o
                                 0x39 (size before relaxing)
 .comment       0x00000038        0x0 build/debug/stm32f4xx_hal_dma.o
                                 0x39 (size before relaxing)
 .comment       0x00000038        0x0 build/debug/stm32f4xx_hal_gpio.o
                                 0x39 (size before relaxing)
 .comment       0x00000038        0x0 build/debug/stm32f4xx_hal_hcd.o
                                 0x39 (size before relaxing)
 .comment       0x00000038        0x0 build/debug/stm32f4xx_hal_i2c.o
                                 0x39 (size before relaxing)
 .comment       0x00000038        0x0 build/debug/stm32f4xx_hal_i2s.o
                                 0x39 (size before relaxing)
 .comment       0x00000038        0x0 build/debug/stm32f4xx_hal_i2s_ex.o
                                 0x39 (size before relaxing)
 .comment       0x00000038        0x0 build/debug/stm32f4xx_hal_msp.o
                                 0x39 (size before relaxing)
 .comment       0x00000038        0x0 build/debug/stm32f4xx_hal_rcc.o
                                 0x39 (size before relaxing)
 .comment       0x00000038        0x0 build/debug/stm32f4xx_hal_rcc_ex.o
                                 0x39 (size before relaxing)
 .comment       0x00000038        0x0 build/debug/stm32f4xx_hal_spi.o
                                 0x39 (size before relaxing)
 .comment       0x00000038        0x0 build/debug/stm32f4xx_it.o
                                 0x39 (size before relaxing)
 .comment       0x00000038        0x0 build/debug/stm32f4xx_ll_usb.o
                                 0x39 (size before relaxing)
 .comment       0x00000038        0x0 build/debug/system_stm32f4xx.o
                                 0x39 (size before relaxing)
 .comment       0x00000038        0x0 build/debug/tasks.o
                                 0x39 (size before relaxing)
 .comment       0x00000038        0x0 build/debug/usbh_conf.o
                                 0x39 (size before relaxing)
 .comment       0x00000038        0x0 build/debug/usbh_core.o
                                 0x39 (size before relaxing)
 .comment       0x00000038        0x0 build/debug/usbh_pipes.o
                                 0x39 (size before relaxing)
 .comment       0x00000038        0x0 /Users/vibhasathishkumar/Library/Application Support/Code/User/globalStorage/bmd.stm32-for-vscode/@xpack-dev-tools/arm-none-eabi-gcc/15.2.1-1.1.1/.content/bin/../lib/gcc/arm-none-eabi/15.2.1/../../../../arm-none-eabi/lib/thumb/v7e-m+fp/hard/libc_nano.a(libc_a-memset.o)
                                 0x39 (size before relaxing)
 .comment       0x00000038        0x0 /Users/vibhasathishkumar/Library/Application Support/Code/User/globalStorage/bmd.stm32-for-vscode/@xpack-dev-tools/arm-none-eabi-gcc/15.2.1-1.1.1/.content/bin/../lib/gcc/arm-none-eabi/15.2.1/../../../../arm-none-eabi/lib/thumb/v7e-m+fp/hard/libc_nano.a(libc_a-init.o)
                                 0x39 (size before relaxing)
 .comment       0x00000038        0x0 /Users/vibhasathishkumar/Library/Application Support/Code/User/globalStorage/bmd.stm32-for-vscode/@xpack-dev-tools/arm-none-eabi-gcc/15.2.1-1.1.1/.content/bin/../lib/gcc/arm-none-eabi/15.2.1/../../../../arm-none-eabi/lib/thumb/v7e-m+fp/hard/libc_nano.a(libc_a-memcpy-stub.o)
                                 0x39 (size before relaxing)
 .comment       0x00000038        0x0 /Users/vibhasathishkumar/Library/Application Support/Code/User/globalStorage/bmd.stm32-for-vscode/@xpack-dev-tools/arm-none-eabi-gcc/15.2.1-1.1.1/.content/bin/../lib/gcc/arm-none-eabi/15.2.1/thumb/v7e-m+fp/hard/libgcc.a(_udivmoddi4.o)
                                 0x39 (size before relaxing)

.debug_info     0x00000000    0x20db6
 .debug_info    0x00000000     0x23e1 build/debug/cmsis_os.o
 .debug_info    0x000023e1      0xae0 build/debug/dsp_task.o
 .debug_info    0x00002ec1      0x3a8 build/debug/freertos.o
 .debug_info    0x00003269      0x5e7 build/debug/heap_4.o
 .debug_info    0x00003850      0x2cf build/debug/list.o
 .debug_info    0x00003b1f     0x202b build/debug/main.o
 .debug_info    0x00005b4a      0x55f build/debug/port.o
 .debug_info    0x000060a9     0x2288 build/debug/queue.o
 .debug_info    0x00008331      0x491 build/debug/spi_task.o
 .debug_info    0x000087c2      0x9e2 build/debug/stm32f4xx_hal.o
 .debug_info    0x000091a4      0xffa build/debug/stm32f4xx_hal_cortex.o
 .debug_info    0x0000a19e      0xade build/debug/stm32f4xx_hal_dma.o
 .debug_info    0x0000ac7c      0x711 build/debug/stm32f4xx_hal_gpio.o
 .debug_info    0x0000b38d     0x1924 build/debug/stm32f4xx_hal_hcd.o
 .debug_info    0x0000ccb1     0x382e build/debug/stm32f4xx_hal_i2c.o
 .debug_info    0x000104df     0x1157 build/debug/stm32f4xx_hal_i2s.o
 .debug_info    0x00011636      0xd7f build/debug/stm32f4xx_hal_i2s_ex.o
 .debug_info    0x000123b5     0x15a5 build/debug/stm32f4xx_hal_msp.o
 .debug_info    0x0001395a      0xa86 build/debug/stm32f4xx_hal_rcc.o
 .debug_info    0x000143e0      0x656 build/debug/stm32f4xx_hal_rcc_ex.o
 .debug_info    0x00014a36     0x1cd1 build/debug/stm32f4xx_hal_spi.o
 .debug_info    0x00016707      0xc58 build/debug/stm32f4xx_it.o
 .debug_info    0x0001735f     0x1e98 build/debug/stm32f4xx_ll_usb.o
 .debug_info    0x000191f7      0x52c build/debug/system_stm32f4xx.o
 .debug_info    0x00019723     0x2871 build/debug/tasks.o
 .debug_info    0x0001bf94     0x210e build/debug/usbh_conf.o
 .debug_info    0x0001e0a2     0x2107 build/debug/usbh_core.o
 .debug_info    0x000201a9      0xbdd build/debug/usbh_pipes.o
 .debug_info    0x00020d86       0x30 build/debug/startup_stm32f407xx.o

.debug_abbrev   0x00000000     0x4a4f
 .debug_abbrev  0x00000000      0x3ff build/debug/cmsis_os.o
 .debug_abbrev  0x000003ff      0x292 build/debug/dsp_task.o
 .debug_abbrev  0x00000691      0x149 build/debug/freertos.o
 .debug_abbrev  0x000007da      0x272 build/debug/heap_4.o
 .debug_abbrev  0x00000a4c      0x111 build/debug/list.o
 .debug_abbrev  0x00000b5d      0x341 build/debug/main.o
 .debug_abbrev  0x00000e9e      0x299 build/debug/port.o
 .debug_abbrev  0x00001137      0x3ed build/debug/queue.o
 .debug_abbrev  0x00001524      0x18f build/debug/spi_task.o
 .debug_abbrev  0x000016b3      0x246 build/debug/stm32f4xx_hal.o
 .debug_abbrev  0x000018f9      0x397 build/debug/stm32f4xx_hal_cortex.o
 .debug_abbrev  0x00001c90      0x2c6 build/debug/stm32f4xx_hal_dma.o
 .debug_abbrev  0x00001f56      0x21b build/debug/stm32f4xx_hal_gpio.o
 .debug_abbrev  0x00002171      0x2cf build/debug/stm32f4xx_hal_hcd.o
 .debug_abbrev  0x00002440      0x2c9 build/debug/stm32f4xx_hal_i2c.o
 .debug_abbrev  0x00002709      0x280 build/debug/stm32f4xx_hal_i2s.o
 .debug_abbrev  0x00002989      0x29c build/debug/stm32f4xx_hal_i2s_ex.o
 .debug_abbrev  0x00002c25      0x271 build/debug/stm32f4xx_hal_msp.o
 .debug_abbrev  0x00002e96      0x2cd build/debug/stm32f4xx_hal_rcc.o
 .debug_abbrev  0x00003163      0x1ca build/debug/stm32f4xx_hal_rcc_ex.o
 .debug_abbrev  0x0000332d      0x278 build/debug/stm32f4xx_hal_spi.o
 .debug_abbrev  0x000035a5      0x201 build/debug/stm32f4xx_it.o
 .debug_abbrev  0x000037a6      0x32f build/debug/stm32f4xx_ll_usb.o
 .debug_abbrev  0x00003ad5      0x124 build/debug/system_stm32f4xx.o
 .debug_abbrev  0x00003bf9      0x390 build/debug/tasks.o
 .debug_abbrev  0x00003f89      0x3e3 build/debug/usbh_conf.o
 .debug_abbrev  0x0000436c      0x40f build/debug/usbh_core.o
 .debug_abbrev  0x0000477b      0x2b0 build/debug/usbh_pipes.o
 .debug_abbrev  0x00004a2b       0x24 build/debug/startup_stm32f407xx.o

.debug_loclists
                0x00000000     0xd6a5
 .debug_loclists
                0x00000000      0xc93 build/debug/cmsis_os.o
 .debug_loclists
                0x00000c93      0x1cd build/debug/dsp_task.o
 .debug_loclists
                0x00000e60      0x2da build/debug/heap_4.o
 .debug_loclists
                0x0000113a       0x94 build/debug/list.o
 .debug_loclists
                0x000011ce       0x5d build/debug/main.o
 .debug_loclists
                0x0000122b       0xc1 build/debug/port.o
 .debug_loclists
                0x000012ec      0xef3 build/debug/queue.o
 .debug_loclists
                0x000021df       0x2a build/debug/spi_task.o
 .debug_loclists
                0x00002209       0xe1 build/debug/stm32f4xx_hal.o
 .debug_loclists
                0x000022ea      0x500 build/debug/stm32f4xx_hal_cortex.o
 .debug_loclists
                0x000027ea      0x8e5 build/debug/stm32f4xx_hal_dma.o
 .debug_loclists
                0x000030cf      0x361 build/debug/stm32f4xx_hal_gpio.o
 .debug_loclists
                0x00003430      0x90c build/debug/stm32f4xx_hal_hcd.o
 .debug_loclists
                0x00003d3c     0x2f09 build/debug/stm32f4xx_hal_i2c.o
 .debug_loclists
                0x00006c45      0xbea build/debug/stm32f4xx_hal_i2s.o
 .debug_loclists
                0x0000782f      0x7e3 build/debug/stm32f4xx_hal_i2s_ex.o
 .debug_loclists
                0x00008012      0x142 build/debug/stm32f4xx_hal_msp.o
 .debug_loclists
                0x00008154      0x3b1 build/debug/stm32f4xx_hal_rcc.o
 .debug_loclists
                0x00008505      0x23c build/debug/stm32f4xx_hal_rcc_ex.o
 .debug_loclists
                0x00008741     0x145f build/debug/stm32f4xx_hal_spi.o
 .debug_loclists
                0x00009ba0     0x1836 build/debug/stm32f4xx_ll_usb.o
 .debug_loclists
                0x0000b3d6       0x70 build/debug/system_stm32f4xx.o
 .debug_loclists
                0x0000b446     0x1285 build/debug/tasks.o
 .debug_loclists
                0x0000c6cb      0x70c build/debug/usbh_conf.o
 .debug_loclists
                0x0000cdd7      0x744 build/debug/usbh_core.o
 .debug_loclists
                0x0000d51b      0x18a build/debug/usbh_pipes.o

.debug_aranges  0x00000000     0x1600
 .debug_aranges
                0x00000000      0x1d8 build/debug/cmsis_os.o
 .debug_aranges
                0x000001d8       0x38 build/debug/dsp_task.o
 .debug_aranges
                0x00000210       0x28 build/debug/freertos.o
 .debug_aranges
                0x00000238       0x58 build/debug/heap_4.o
 .debug_aranges
                0x00000290       0x40 build/debug/list.o
 .debug_aranges
                0x000002d0       0x70 build/debug/main.o
 .debug_aranges
                0x00000340       0x80 build/debug/port.o
 .debug_aranges
                0x000003c0      0x108 build/debug/queue.o
 .debug_aranges
                0x000004c8       0x20 build/debug/spi_task.o
 .debug_aranges
                0x000004e8       0xf0 build/debug/stm32f4xx_hal.o
 .debug_aranges
                0x000005d8       0xf8 build/debug/stm32f4xx_hal_cortex.o
 .debug_aranges
                0x000006d0       0x90 build/debug/stm32f4xx_hal_dma.o
 .debug_aranges
                0x00000760       0x58 build/debug/stm32f4xx_hal_gpio.o
 .debug_aranges
                0x000007b8      0x108 build/debug/stm32f4xx_hal_hcd.o
 .debug_aranges
                0x000008c0      0x2a8 build/debug/stm32f4xx_hal_i2c.o
 .debug_aranges
                0x00000b68      0x108 build/debug/stm32f4xx_hal_i2s.o
 .debug_aranges
                0x00000c70       0x88 build/debug/stm32f4xx_hal_i2s_ex.o
 .debug_aranges
                0x00000cf8       0x50 build/debug/stm32f4xx_hal_msp.o
 .debug_aranges
                0x00000d48       0x88 build/debug/stm32f4xx_hal_rcc.o
 .debug_aranges
                0x00000dd0       0x48 build/debug/stm32f4xx_hal_rcc_ex.o
 .debug_aranges
                0x00000e18      0x1d0 build/debug/stm32f4xx_hal_spi.o
 .debug_aranges
                0x00000fe8       0x78 build/debug/stm32f4xx_it.o
 .debug_aranges
                0x00001060      0x1a0 build/debug/stm32f4xx_ll_usb.o
 .debug_aranges
                0x00001200       0x28 build/debug/system_stm32f4xx.o
 .debug_aranges
                0x00001228      0x1b8 build/debug/tasks.o
 .debug_aranges
                0x000013e0       0xe0 build/debug/usbh_conf.o
 .debug_aranges
                0x000014c0       0xd8 build/debug/usbh_core.o
 .debug_aranges
                0x00001598       0x40 build/debug/usbh_pipes.o
 .debug_aranges
                0x000015d8       0x28 build/debug/startup_stm32f407xx.o

.debug_rnglists
                0x00000000     0x11be
 .debug_rnglists
                0x00000000      0x15f build/debug/cmsis_os.o
 .debug_rnglists
                0x0000015f       0x28 build/debug/dsp_task.o
 .debug_rnglists
                0x00000187       0x19 build/debug/freertos.o
 .debug_rnglists
                0x000001a0       0x40 build/debug/heap_4.o
 .debug_rnglists
                0x000001e0       0x2b build/debug/list.o
 .debug_rnglists
                0x0000020b       0x52 build/debug/main.o
 .debug_rnglists
                0x0000025d       0x69 build/debug/port.o
 .debug_rnglists
                0x000002c6      0x135 build/debug/queue.o
 .debug_rnglists
                0x000003fb       0x14 build/debug/spi_task.o
 .debug_rnglists
                0x0000040f       0xaf build/debug/stm32f4xx_hal.o
 .debug_rnglists
                0x000004be       0xb5 build/debug/stm32f4xx_hal_cortex.o
 .debug_rnglists
                0x00000573       0x6c build/debug/stm32f4xx_hal_dma.o
 .debug_rnglists
                0x000005df       0x3f build/debug/stm32f4xx_hal_gpio.o
 .debug_rnglists
                0x0000061e       0xc9 build/debug/stm32f4xx_hal_hcd.o
 .debug_rnglists
                0x000006e7      0x236 build/debug/stm32f4xx_hal_i2c.o
 .debug_rnglists
                0x0000091d       0xe3 build/debug/stm32f4xx_hal_i2s.o
 .debug_rnglists
                0x00000a00       0x72 build/debug/stm32f4xx_hal_i2s_ex.o
 .debug_rnglists
                0x00000a72       0x39 build/debug/stm32f4xx_hal_msp.o
 .debug_rnglists
                0x00000aab       0x75 build/debug/stm32f4xx_hal_rcc.o
 .debug_rnglists
                0x00000b20       0x33 build/debug/stm32f4xx_hal_rcc_ex.o
 .debug_rnglists
                0x00000b53      0x16a build/debug/stm32f4xx_hal_spi.o
 .debug_rnglists
                0x00000cbd       0x55 build/debug/stm32f4xx_it.o
 .debug_rnglists
                0x00000d12      0x141 build/debug/stm32f4xx_ll_usb.o
 .debug_rnglists
                0x00000e53       0x1a build/debug/system_stm32f4xx.o
 .debug_rnglists
                0x00000e6d      0x1c8 build/debug/tasks.o
 .debug_rnglists
                0x00001035       0xa4 build/debug/usbh_conf.o
 .debug_rnglists
                0x000010d9       0xa1 build/debug/usbh_core.o
 .debug_rnglists
                0x0000117a       0x2b build/debug/usbh_pipes.o
 .debug_rnglists
                0x000011a5       0x19 build/debug/startup_stm32f407xx.o

.debug_line     0x00000000    0x1b36c
 .debug_line    0x00000000     0x14c9 build/debug/cmsis_os.o
 .debug_line    0x000014c9      0x609 build/debug/dsp_task.o
 .debug_line    0x00001ad2      0x306 build/debug/freertos.o
 .debug_line    0x00001dd8      0x86b build/debug/heap_4.o
 .debug_line    0x00002643      0x421 build/debug/list.o
 .debug_line    0x00002a64      0x9a4 build/debug/main.o
 .debug_line    0x00003408      0x689 build/debug/port.o
 .debug_line    0x00003a91     0x18f2 build/debug/queue.o
 .debug_line    0x00005383      0x349 build/debug/spi_task.o
 .debug_line    0x000056cc      0x63d build/debug/stm32f4xx_hal.o
 .debug_line    0x00005d09      0x90d build/debug/stm32f4xx_hal_cortex.o
 .debug_line    0x00006616      0xf00 build/debug/stm32f4xx_hal_dma.o
 .debug_line    0x00007516      0x7bd build/debug/stm32f4xx_hal_gpio.o
 .debug_line    0x00007cd3     0x15f7 build/debug/stm32f4xx_hal_hcd.o
 .debug_line    0x000092ca     0x54f1 build/debug/stm32f4xx_hal_i2c.o
 .debug_line    0x0000e7bb     0x1484 build/debug/stm32f4xx_hal_i2s.o
 .debug_line    0x0000fc3f     0x110b build/debug/stm32f4xx_hal_i2s_ex.o
 .debug_line    0x00010d4a      0x6f9 build/debug/stm32f4xx_hal_msp.o
 .debug_line    0x00011443      0xc94 build/debug/stm32f4xx_hal_rcc.o
 .debug_line    0x000120d7      0x71c build/debug/stm32f4xx_hal_rcc_ex.o
 .debug_line    0x000127f3     0x24ec build/debug/stm32f4xx_hal_spi.o
 .debug_line    0x00014cdf      0x48b build/debug/stm32f4xx_it.o
 .debug_line    0x0001516a     0x2062 build/debug/stm32f4xx_ll_usb.o
 .debug_line    0x000171cc      0x321 build/debug/system_stm32f4xx.o
 .debug_line    0x000174ed     0x205d build/debug/tasks.o
 .debug_line    0x0001954a      0x85a build/debug/usbh_conf.o
 .debug_line    0x00019da4     0x1197 build/debug/usbh_core.o
 .debug_line    0x0001af3b      0x3bb build/debug/usbh_pipes.o
 .debug_line    0x0001b2f6       0x76 build/debug/startup_stm32f407xx.o

.debug_str      0x00000000     0x7553
 .debug_str     0x00000000     0x7553 build/debug/cmsis_os.o
                               0x1076 (size before relaxing)
 .debug_str     0x00007553        0x0 build/debug/dsp_task.o
                                0x8a9 (size before relaxing)
 .debug_str     0x00007553        0x0 build/debug/freertos.o
                                0x387 (size before relaxing)
 .debug_str     0x00007553        0x0 build/debug/heap_4.o
                                0x525 (size before relaxing)
 .debug_str     0x00007553        0x0 build/debug/list.o
                                0x2ef (size before relaxing)
 .debug_str     0x00007553        0x0 build/debug/main.o
                               0x18eb (size before relaxing)
 .debug_str     0x00007553        0x0 build/debug/port.o
                                0x46f (size before relaxing)
 .debug_str     0x00007553        0x0 build/debug/queue.o
                                0xb58 (size before relaxing)
 .debug_str     0x00007553        0x0 build/debug/spi_task.o
                                0x415 (size before relaxing)
 .debug_str     0x00007553        0x0 build/debug/stm32f4xx_hal.o
                                0xb51 (size before relaxing)
 .debug_str     0x00007553        0x0 build/debug/stm32f4xx_hal_cortex.o
                                0xc62 (size before relaxing)
 .debug_str     0x00007553        0x0 build/debug/stm32f4xx_hal_dma.o
                                0x763 (size before relaxing)
 .debug_str     0x00007553        0x0 build/debug/stm32f4xx_hal_gpio.o
                                0x4cd (size before relaxing)
 .debug_str     0x00007553        0x0 build/debug/stm32f4xx_hal_hcd.o
                                0xc4a (size before relaxing)
 .debug_str     0x00007553        0x0 build/debug/stm32f4xx_hal_i2c.o
                               0x102a (size before relaxing)
 .debug_str     0x00007553        0x0 build/debug/stm32f4xx_hal_i2s.o
                                0x93d (size before relaxing)
 .debug_str     0x00007553        0x0 build/debug/stm32f4xx_hal_i2s_ex.o
                                0x855 (size before relaxing)
 .debug_str     0x00007553        0x0 build/debug/stm32f4xx_hal_msp.o
                               0x11f9 (size before relaxing)
 .debug_str     0x00007553        0x0 build/debug/stm32f4xx_hal_rcc.o
                                0x6f3 (size before relaxing)
 .debug_str     0x00007553        0x0 build/debug/stm32f4xx_hal_rcc_ex.o
                                0x4b4 (size before relaxing)
 .debug_str     0x00007553        0x0 build/debug/stm32f4xx_hal_spi.o
                                0xbe1 (size before relaxing)
 .debug_str     0x00007553        0x0 build/debug/stm32f4xx_it.o
                                0xb83 (size before relaxing)
 .debug_str     0x00007553        0x0 build/debug/stm32f4xx_ll_usb.o
                                0xd1b (size before relaxing)
 .debug_str     0x00007553        0x0 build/debug/system_stm32f4xx.o
                                0x362 (size before relaxing)
 .debug_str     0x00007553        0x0 build/debug/tasks.o
                               0x1008 (size before relaxing)
 .debug_str     0x00007553        0x0 build/debug/usbh_conf.o
                               0x1a52 (size before relaxing)
 .debug_str     0x00007553        0x0 build/debug/usbh_core.o
                               0x12dc (size before relaxing)
 .debug_str     0x00007553        0x0 build/debug/usbh_pipes.o
                                0xae4 (size before relaxing)
 .debug_str     0x00007553        0x0 build/debug/startup_stm32f407xx.o
                                 0x6b (size before relaxing)

.debug_frame    0x00000000     0x3cac
 .debug_frame   0x00000000      0x588 build/debug/cmsis_os.o
 .debug_frame   0x00000588       0x68 build/debug/dsp_task.o
 .debug_frame   0x000005f0       0x38 build/debug/freertos.o
 .debug_frame   0x00000628       0xc0 build/debug/heap_4.o
 .debug_frame   0x000006e8       0x6c build/debug/list.o
 .debug_frame   0x00000754      0x13c build/debug/main.o
 .debug_frame   0x00000890      0x10c build/debug/port.o
 .debug_frame   0x0000099c      0x35c build/debug/queue.o
 .debug_frame   0x00000cf8       0x28 build/debug/spi_task.o
 .debug_frame   0x00000d20      0x1ec build/debug/stm32f4xx_hal.o
 .debug_frame   0x00000f0c      0x214 build/debug/stm32f4xx_hal_cortex.o
 .debug_frame   0x00001120      0x170 build/debug/stm32f4xx_hal_dma.o
 .debug_frame   0x00001290       0xd0 build/debug/stm32f4xx_hal_gpio.o
 .debug_frame   0x00001360      0x2d8 build/debug/stm32f4xx_hal_hcd.o
 .debug_frame   0x00001638      0x91c build/debug/stm32f4xx_hal_i2c.o
 .debug_frame   0x00001f54      0x300 build/debug/stm32f4xx_hal_i2s.o
 .debug_frame   0x00002254      0x190 build/debug/stm32f4xx_hal_i2s_ex.o
 .debug_frame   0x000023e4       0xe4 build/debug/stm32f4xx_hal_msp.o
 .debug_frame   0x000024c8      0x16c build/debug/stm32f4xx_hal_rcc.o
 .debug_frame   0x00002634       0xa4 build/debug/stm32f4xx_hal_rcc_ex.o
 .debug_frame   0x000026d8      0x598 build/debug/stm32f4xx_hal_spi.o
 .debug_frame   0x00002c70      0x100 build/debug/stm32f4xx_it.o
 .debug_frame   0x00002d70      0x464 build/debug/stm32f4xx_ll_usb.o
 .debug_frame   0x000031d4       0x30 build/debug/system_stm32f4xx.o
 .debug_frame   0x00003204      0x580 build/debug/tasks.o
 .debug_frame   0x00003784      0x258 build/debug/usbh_conf.o
 .debug_frame   0x000039dc      0x250 build/debug/usbh_core.o
 .debug_frame   0x00003c2c       0x80 build/debug/usbh_pipes.o

.debug_line_str
                0x00000000       0x4f
 .debug_line_str
                0x00000000       0x4f build/debug/startup_stm32f407xx.o

Cross Reference Table

Symbol                                            File
ADC_IRQHandler                                    build/debug/startup_stm32f407xx.o
AHBPrescTable                                     build/debug/system_stm32f4xx.o
                                                  build/debug/stm32f4xx_hal_rcc.o
APBPrescTable                                     build/debug/system_stm32f4xx.o
                                                  build/debug/stm32f4xx_hal_rcc.o
Appli_state                                       build/debug/usb_host.o
BusFault_Handler                                  build/debug/stm32f4xx_it.o
CAN1_RX0_IRQHandler                               build/debug/startup_stm32f407xx.o
CAN1_RX1_IRQHandler                               build/debug/startup_stm32f407xx.o
CAN1_SCE_IRQHandler                               build/debug/startup_stm32f407xx.o
CAN1_TX_IRQHandler                                build/debug/startup_stm32f407xx.o
CAN2_RX0_IRQHandler                               build/debug/startup_stm32f407xx.o
CAN2_RX1_IRQHandler                               build/debug/startup_stm32f407xx.o
CAN2_SCE_IRQHandler                               build/debug/startup_stm32f407xx.o
CAN2_TX_IRQHandler                                build/debug/startup_stm32f407xx.o
CDC_Class                                         build/debug/usbh_cdc.o
                                                  build/debug/usb_host.o
DCMI_IRQHandler                                   build/debug/startup_stm32f407xx.o
DMA1_Stream0_IRQHandler                           build/debug/startup_stm32f407xx.o
DMA1_Stream1_IRQHandler                           build/debug/startup_stm32f407xx.o
DMA1_Stream2_IRQHandler                           build/debug/startup_stm32f407xx.o
DMA1_Stream3_IRQHandler                           build/debug/stm32f4xx_it.o
DMA1_Stream4_IRQHandler                           build/debug/startup_stm32f407xx.o
DMA1_Stream5_IRQHandler                           build/debug/startup_stm32f407xx.o
DMA1_Stream6_IRQHandler                           build/debug/startup_stm32f407xx.o
DMA1_Stream7_IRQHandler                           build/debug/startup_stm32f407xx.o
DMA2_Stream0_IRQHandler                           build/debug/stm32f4xx_it.o
DMA2_Stream1_IRQHandler                           build/debug/startup_stm32f407xx.o
DMA2_Stream2_IRQHandler                           build/debug/startup_stm32f407xx.o
DMA2_Stream3_IRQHandler                           build/debug/startup_stm32f407xx.o
DMA2_Stream4_IRQHandler                           build/debug/startup_stm32f407xx.o
DMA2_Stream5_IRQHandler                           build/debug/startup_stm32f407xx.o
DMA2_Stream6_IRQHandler                           build/debug/startup_stm32f407xx.o
DMA2_Stream7_IRQHandler                           build/debug/startup_stm32f407xx.o
DebugMon_Handler                                  build/debug/stm32f4xx_it.o
Default_Handler                                   build/debug/startup_stm32f407xx.o
ETH_IRQHandler                                    build/debug/startup_stm32f407xx.o
ETH_WKUP_IRQHandler                               build/debug/startup_stm32f407xx.o
EXTI0_IRQHandler                                  build/debug/startup_stm32f407xx.o
EXTI15_10_IRQHandler                              build/debug/startup_stm32f407xx.o
EXTI1_IRQHandler                                  build/debug/startup_stm32f407xx.o
EXTI2_IRQHandler                                  build/debug/startup_stm32f407xx.o
EXTI3_IRQHandler                                  build/debug/startup_stm32f407xx.o
EXTI4_IRQHandler                                  build/debug/startup_stm32f407xx.o
EXTI9_5_IRQHandler                                build/debug/startup_stm32f407xx.o
Error_Handler                                     build/debug/main.o
                                                  build/debug/usbh_conf.o
                                                  build/debug/usb_host.o
                                                  build/debug/stm32f4xx_hal_msp.o
FLASH_Erase_Sector                                build/debug/stm32f4xx_hal_flash_ex.o
                                                  build/debug/stm32f4xx_hal_flash.o
FLASH_FlushCaches                                 build/debug/stm32f4xx_hal_flash_ex.o
                                                  build/debug/stm32f4xx_hal_flash.o
FLASH_IRQHandler                                  build/debug/startup_stm32f407xx.o
FLASH_WaitForLastOperation                        build/debug/stm32f4xx_hal_flash.o
                                                  build/debug/stm32f4xx_hal_flash_ex.o
FPU_IRQHandler                                    build/debug/startup_stm32f407xx.o
FSMC_IRQHandler                                   build/debug/startup_stm32f407xx.o
HAL_CORTEX_ClearEvent                             build/debug/stm32f4xx_hal_cortex.o
HAL_DBGMCU_DisableDBGSleepMode                    build/debug/stm32f4xx_hal.o
HAL_DBGMCU_DisableDBGStandbyMode                  build/debug/stm32f4xx_hal.o
HAL_DBGMCU_DisableDBGStopMode                     build/debug/stm32f4xx_hal.o
HAL_DBGMCU_EnableDBGSleepMode                     build/debug/stm32f4xx_hal.o
HAL_DBGMCU_EnableDBGStandbyMode                   build/debug/stm32f4xx_hal.o
HAL_DBGMCU_EnableDBGStopMode                      build/debug/stm32f4xx_hal.o
HAL_DMAEx_ChangeMemory                            build/debug/stm32f4xx_hal_dma_ex.o
HAL_DMAEx_MultiBufferStart                        build/debug/stm32f4xx_hal_dma_ex.o
HAL_DMAEx_MultiBufferStart_IT                     build/debug/stm32f4xx_hal_dma_ex.o
HAL_DMA_Abort                                     build/debug/stm32f4xx_hal_dma.o
                                                  build/debug/stm32f4xx_hal_spi.o
                                                  build/debug/stm32f4xx_hal_i2s.o
HAL_DMA_Abort_IT                                  build/debug/stm32f4xx_hal_dma.o
                                                  build/debug/stm32f4xx_hal_spi.o
                                                  build/debug/stm32f4xx_hal_i2c.o
HAL_DMA_DeInit                                    build/debug/stm32f4xx_hal_dma.o
                                                  build/debug/stm32f4xx_hal_msp.o
HAL_DMA_GetError                                  build/debug/stm32f4xx_hal_dma.o
                                                  build/debug/stm32f4xx_hal_i2c.o
HAL_DMA_GetState                                  build/debug/stm32f4xx_hal_dma.o
                                                  build/debug/stm32f4xx_hal_i2c.o
HAL_DMA_IRQHandler                                build/debug/stm32f4xx_hal_dma.o
                                                  build/debug/stm32f4xx_it.o
HAL_DMA_Init                                      build/debug/stm32f4xx_hal_dma.o
                                                  build/debug/stm32f4xx_hal_msp.o
HAL_DMA_PollForTransfer                           build/debug/stm32f4xx_hal_dma.o
HAL_DMA_RegisterCallback                          build/debug/stm32f4xx_hal_dma.o
HAL_DMA_Start                                     build/debug/stm32f4xx_hal_dma.o
HAL_DMA_Start_IT                                  build/debug/stm32f4xx_hal_dma.o
                                                  build/debug/stm32f4xx_hal_spi.o
                                                  build/debug/stm32f4xx_hal_i2s_ex.o
                                                  build/debug/stm32f4xx_hal_i2s.o
                                                  build/debug/stm32f4xx_hal_i2c.o
HAL_DMA_UnRegisterCallback                        build/debug/stm32f4xx_hal_dma.o
HAL_DeInit                                        build/debug/stm32f4xx_hal.o
HAL_Delay                                         build/debug/stm32f4xx_hal.o
                                                  build/debug/usbh_conf.o
                                                  build/debug/stm32f4xx_ll_usb.o
HAL_DisableCompensationCell                       build/debug/stm32f4xx_hal.o
HAL_EXTI_ClearConfigLine                          build/debug/stm32f4xx_hal_exti.o
HAL_EXTI_ClearPending                             build/debug/stm32f4xx_hal_exti.o